[0.011s] Invoking command in '/home/benongnuel/dev_ws/build/d435i_xarm_setup': AMENT_PREFIX_PATH=/home/benongnuel/dev_ws/install/xarm_api:/home/benongnuel/dev_ws/install/xarm_sdk:/home/benongnuel/dev_ws/install/xarm_msgs:/home/benongnuel/dev_ws/install/xarm_description:${AMENT_PREFIX_PATH} CMAKE_PREFIX_PATH=/home/benongnuel/dev_ws/install/xarm_api:/home/benongnuel/dev_ws/install/xarm_sdk:/home/benongnuel/dev_ws/install/xarm_msgs:/home/benongnuel/dev_ws/install/xarm_description:/home/benongnuel/robo_ws/install/custom_3dof_arm:/opt/ros/humble LD_LIBRARY_PATH=/home/benongnuel/dev_ws/install/xarm_api/lib:/home/benongnuel/dev_ws/install/xarm_sdk/lib:/home/benongnuel/dev_ws/install/xarm_msgs/lib:${LD_LIBRARY_PATH} PYTHONPATH=/home/benongnuel/dev_ws/install/xarm_msgs/local/lib/python3.10/dist-packages:${PYTHONPATH} /usr/bin/cmake /home/benongnuel/dev_ws/src/xarm_ros2/xarm_vision/d435i_xarm_setup -DCMAKE_INSTALL_PREFIX=/home/benongnuel/dev_ws/install/d435i_xarm_setup
[0.057s] -- The C compiler identification is GNU 11.4.0
[0.091s] -- The CXX compiler identification is GNU 11.4.0
[0.096s] -- Detecting C compiler ABI info
[0.146s] -- Detecting C compiler ABI info - done
[0.152s] -- Check for working C compiler: /usr/bin/cc - skipped
[0.152s] -- Detecting C compile features
[0.152s] -- Detecting C compile features - done
[0.154s] -- Detecting CXX compiler ABI info
[0.212s] -- Detecting CXX compiler ABI info - done
[0.218s] -- Check for working CXX compiler: /usr/bin/c++ - skipped
[0.219s] -- Detecting CXX compile features
[0.219s] -- Detecting CXX compile features - done
[0.221s] -- Found ament_cmake: 1.3.11 (/opt/ros/humble/share/ament_cmake/cmake)
[0.305s] -- Found Python3: /usr/bin/python3 (found version "3.10.12") found components: Interpreter 
[0.362s] -- Found rclcpp: 16.0.12 (/opt/ros/humble/share/rclcpp/cmake)
[0.394s] -- Found rosidl_generator_c: 3.1.6 (/opt/ros/humble/share/rosidl_generator_c/cmake)
[0.397s] -- Found rosidl_adapter: 3.1.6 (/opt/ros/humble/share/rosidl_adapter/cmake)
[0.402s] -- Found rosidl_generator_cpp: 3.1.6 (/opt/ros/humble/share/rosidl_generator_cpp/cmake)
[0.410s] -- Using all available rosidl_typesupport_c: rosidl_typesupport_fastrtps_c;rosidl_typesupport_introspection_c
[0.419s] -- Using all available rosidl_typesupport_cpp: rosidl_typesupport_fastrtps_cpp;rosidl_typesupport_introspection_cpp
[0.444s] -- Found rmw_implementation_cmake: 6.1.2 (/opt/ros/humble/share/rmw_implementation_cmake/cmake)
[0.446s] -- Found rmw_fastrtps_cpp: 6.2.7 (/opt/ros/humble/share/rmw_fastrtps_cpp/cmake)
[0.508s] -- Found OpenSSL: /usr/lib/x86_64-linux-gnu/libcrypto.so (found version "3.0.2")  
[0.534s] -- Found FastRTPS: /opt/ros/humble/include  
[0.566s] -- Using RMW implementation 'rmw_fastrtps_cpp' as default
[0.571s] -- Looking for pthread.h
[0.628s] -- Looking for pthread.h - found
[0.628s] -- Performing Test CMAKE_HAVE_LIBC_PTHREAD
[0.685s] -- Performing Test CMAKE_HAVE_LIBC_PTHREAD - Success
[0.686s] -- Found Threads: TRUE  
[0.720s] -- Found tf2_ros: 0.25.12 (/opt/ros/humble/share/tf2_ros/cmake)
[0.793s] -- Found tf2_geometry_msgs: 0.25.12 (/opt/ros/humble/share/tf2_geometry_msgs/cmake)
[0.802s] -- Found eigen3_cmake_module: 0.1.1 (/opt/ros/humble/share/eigen3_cmake_module/cmake)
[0.803s] -- Found Eigen3: TRUE (found version "3.4.0") 
[0.803s] -- Ensuring Eigen3 include directory is part of orocos-kdl CMake target
[0.805s] -- Found object_recognition_msgs: 2.0.0 (/opt/ros/humble/share/object_recognition_msgs/cmake)
[0.843s] -- Found xarm_msgs: 0.0.0 (/home/benongnuel/dev_ws/install/xarm_msgs/share/xarm_msgs/cmake)
[0.851s] -- Found xarm_api: 0.0.0 (/home/benongnuel/dev_ws/install/xarm_api/share/xarm_api/cmake)
[0.856s] -- Found ament_lint_auto: 0.12.12 (/opt/ros/humble/share/ament_lint_auto/cmake)
[0.905s] -- Added test 'copyright' to check source files copyright and LICENSE
[0.906s] -- Added test 'cppcheck' to perform static code analysis on C / C++ code
[0.906s] -- Configured cppcheck include dirs: 
[0.906s] -- Configured cppcheck exclude dirs and/or files: 
[0.907s] -- Added test 'cpplint' to check C / C++ code against the Google style
[0.907s] -- Configured cpplint exclude dirs and/or files: 
[0.907s] -- Added test 'flake8' to check Python code syntax and style conventions
[0.907s] -- Added test 'lint_cmake' to check CMake code style
[0.907s] -- Added test 'pep257' to check Python code against some of the docstring style conventions in PEP 257
[0.908s] -- Added test 'uncrustify' to check C / C++ code style
[0.908s] -- Configured uncrustify additional arguments: 
[0.908s] -- Added test 'xmllint' to check XML markup files
[0.909s] -- Configuring done
[0.922s] -- Generating done
[0.927s] -- Build files have been written to: /home/benongnuel/dev_ws/build/d435i_xarm_setup
[0.935s] Invoked command in '/home/benongnuel/dev_ws/build/d435i_xarm_setup' returned '0': AMENT_PREFIX_PATH=/home/benongnuel/dev_ws/install/xarm_api:/home/benongnuel/dev_ws/install/xarm_sdk:/home/benongnuel/dev_ws/install/xarm_msgs:/home/benongnuel/dev_ws/install/xarm_description:${AMENT_PREFIX_PATH} CMAKE_PREFIX_PATH=/home/benongnuel/dev_ws/install/xarm_api:/home/benongnuel/dev_ws/install/xarm_sdk:/home/benongnuel/dev_ws/install/xarm_msgs:/home/benongnuel/dev_ws/install/xarm_description:/home/benongnuel/robo_ws/install/custom_3dof_arm:/opt/ros/humble LD_LIBRARY_PATH=/home/benongnuel/dev_ws/install/xarm_api/lib:/home/benongnuel/dev_ws/install/xarm_sdk/lib:/home/benongnuel/dev_ws/install/xarm_msgs/lib:${LD_LIBRARY_PATH} PYTHONPATH=/home/benongnuel/dev_ws/install/xarm_msgs/local/lib/python3.10/dist-packages:${PYTHONPATH} /usr/bin/cmake /home/benongnuel/dev_ws/src/xarm_ros2/xarm_vision/d435i_xarm_setup -DCMAKE_INSTALL_PREFIX=/home/benongnuel/dev_ws/install/d435i_xarm_setup
[0.936s] Invoking command in '/home/benongnuel/dev_ws/build/d435i_xarm_setup': AMENT_PREFIX_PATH=/home/benongnuel/dev_ws/install/xarm_api:/home/benongnuel/dev_ws/install/xarm_sdk:/home/benongnuel/dev_ws/install/xarm_msgs:/home/benongnuel/dev_ws/install/xarm_description:${AMENT_PREFIX_PATH} CMAKE_PREFIX_PATH=/home/benongnuel/dev_ws/install/xarm_api:/home/benongnuel/dev_ws/install/xarm_sdk:/home/benongnuel/dev_ws/install/xarm_msgs:/home/benongnuel/dev_ws/install/xarm_description:/home/benongnuel/robo_ws/install/custom_3dof_arm:/opt/ros/humble LD_LIBRARY_PATH=/home/benongnuel/dev_ws/install/xarm_api/lib:/home/benongnuel/dev_ws/install/xarm_sdk/lib:/home/benongnuel/dev_ws/install/xarm_msgs/lib:${LD_LIBRARY_PATH} PYTHONPATH=/home/benongnuel/dev_ws/install/xarm_msgs/local/lib/python3.10/dist-packages:${PYTHONPATH} /usr/bin/cmake --build /home/benongnuel/dev_ws/build/d435i_xarm_setup -- -j16 -l16
[0.974s] [ 16%] [32mBuilding CXX object CMakeFiles/findobj_grasp_xarm_api.dir/src/findobj_grasp_xarm_api.cpp.o[0m
[0.974s] [ 33%] [32mBuilding CXX object CMakeFiles/tf_object_to_base.dir/src/tf_object_to_base.cpp.o[0m
[0.974s] [ 50%] [32mBuilding CXX object CMakeFiles/findobj_grasp_moveit_planner.dir/src/findobj_grasp_moveit_planner.cpp.o[0m
[5.375s] [ 66%] [32m[1mLinking CXX executable findobj_grasp_xarm_api[0m
[5.813s] [ 83%] [32m[1mLinking CXX executable findobj_grasp_moveit_planner[0m
[5.906s] [ 83%] Built target findobj_grasp_xarm_api
[6.107s] [ 83%] Built target findobj_grasp_moveit_planner
[6.634s] [100%] [32m[1mLinking CXX executable tf_object_to_base[0m
[7.073s] [100%] Built target tf_object_to_base
[7.086s] Invoked command in '/home/benongnuel/dev_ws/build/d435i_xarm_setup' returned '0': AMENT_PREFIX_PATH=/home/benongnuel/dev_ws/install/xarm_api:/home/benongnuel/dev_ws/install/xarm_sdk:/home/benongnuel/dev_ws/install/xarm_msgs:/home/benongnuel/dev_ws/install/xarm_description:${AMENT_PREFIX_PATH} CMAKE_PREFIX_PATH=/home/benongnuel/dev_ws/install/xarm_api:/home/benongnuel/dev_ws/install/xarm_sdk:/home/benongnuel/dev_ws/install/xarm_msgs:/home/benongnuel/dev_ws/install/xarm_description:/home/benongnuel/robo_ws/install/custom_3dof_arm:/opt/ros/humble LD_LIBRARY_PATH=/home/benongnuel/dev_ws/install/xarm_api/lib:/home/benongnuel/dev_ws/install/xarm_sdk/lib:/home/benongnuel/dev_ws/install/xarm_msgs/lib:${LD_LIBRARY_PATH} PYTHONPATH=/home/benongnuel/dev_ws/install/xarm_msgs/local/lib/python3.10/dist-packages:${PYTHONPATH} /usr/bin/cmake --build /home/benongnuel/dev_ws/build/d435i_xarm_setup -- -j16 -l16
[7.088s] Invoking command in '/home/benongnuel/dev_ws/build/d435i_xarm_setup': AMENT_PREFIX_PATH=/home/benongnuel/dev_ws/install/xarm_api:/home/benongnuel/dev_ws/install/xarm_sdk:/home/benongnuel/dev_ws/install/xarm_msgs:/home/benongnuel/dev_ws/install/xarm_description:${AMENT_PREFIX_PATH} CMAKE_PREFIX_PATH=/home/benongnuel/dev_ws/install/xarm_api:/home/benongnuel/dev_ws/install/xarm_sdk:/home/benongnuel/dev_ws/install/xarm_msgs:/home/benongnuel/dev_ws/install/xarm_description:/home/benongnuel/robo_ws/install/custom_3dof_arm:/opt/ros/humble LD_LIBRARY_PATH=/home/benongnuel/dev_ws/install/xarm_api/lib:/home/benongnuel/dev_ws/install/xarm_sdk/lib:/home/benongnuel/dev_ws/install/xarm_msgs/lib:${LD_LIBRARY_PATH} PYTHONPATH=/home/benongnuel/dev_ws/install/xarm_msgs/local/lib/python3.10/dist-packages:${PYTHONPATH} /usr/bin/cmake --install /home/benongnuel/dev_ws/build/d435i_xarm_setup
[7.093s] -- Install configuration: ""
[7.093s] -- Installing: /home/benongnuel/dev_ws/install/d435i_xarm_setup/share/d435i_xarm_setup//launch
[7.093s] -- Installing: /home/benongnuel/dev_ws/install/d435i_xarm_setup/share/d435i_xarm_setup//launch/d435i_findobj2d_robot_api.launch.py
[7.094s] -- Installing: /home/benongnuel/dev_ws/install/d435i_xarm_setup/share/d435i_xarm_setup//launch/d435i_robot_ork_linemod.launch.py
[7.094s] -- Installing: /home/benongnuel/dev_ws/install/d435i_xarm_setup/share/d435i_xarm_setup//launch/publish_handeye_tf.launch.py
[7.094s] -- Installing: /home/benongnuel/dev_ws/install/d435i_xarm_setup/share/d435i_xarm_setup//launch/grasp_node_robot_api.launch.py
[7.094s] -- Installing: /home/benongnuel/dev_ws/install/d435i_xarm_setup/share/d435i_xarm_setup//launch/grasp_node_robot_moveit_planner.launch.py
[7.094s] -- Installing: /home/benongnuel/dev_ws/install/d435i_xarm_setup/share/d435i_xarm_setup//launch/d435i_findobj2d_robot_moveit_planner.launch.py
[7.094s] -- Installing: /home/benongnuel/dev_ws/install/d435i_xarm_setup/share/d435i_xarm_setup//launch/d435i_robot_auto_calib.launch.py
[7.094s] -- Installing: /home/benongnuel/dev_ws/install/d435i_xarm_setup/share/d435i_xarm_setup//launch/start_find_obj_2d.launch.py
[7.094s] -- Installing: /home/benongnuel/dev_ws/install/d435i_xarm_setup/share/d435i_xarm_setup//objects
[7.094s] -- Installing: /home/benongnuel/dev_ws/install/d435i_xarm_setup/share/d435i_xarm_setup//objects/1.png
[7.096s] -- Installing: /home/benongnuel/dev_ws/install/d435i_xarm_setup/share/d435i_xarm_setup//objects/2.png
[7.099s] -- Installing: /home/benongnuel/dev_ws/install/d435i_xarm_setup/share/d435i_xarm_setup//config
[7.099s] -- Installing: /home/benongnuel/dev_ws/install/d435i_xarm_setup/share/d435i_xarm_setup//config/uf850_rs_on_hand_calibration.calib
[7.100s] -- Installing: /home/benongnuel/dev_ws/install/d435i_xarm_setup/share/d435i_xarm_setup//config/xarm_rs_on_hand_calibration.calib
[7.101s] -- Installing: /home/benongnuel/dev_ws/install/d435i_xarm_setup/share/d435i_xarm_setup//config/lite_rs_on_hand_calibration.calib
[7.102s] -- Installing: /home/benongnuel/dev_ws/install/d435i_xarm_setup/share/d435i_xarm_setup//config/extra_robot_api_params.yaml
[7.103s] -- Installing: /home/benongnuel/dev_ws/install/d435i_xarm_setup/lib/d435i_xarm_setup/findobj_grasp_moveit_planner
[7.105s] -- Set runtime path of "/home/benongnuel/dev_ws/install/d435i_xarm_setup/lib/d435i_xarm_setup/findobj_grasp_moveit_planner" to ""
[7.105s] -- Installing: /home/benongnuel/dev_ws/install/d435i_xarm_setup/lib/d435i_xarm_setup/findobj_grasp_xarm_api
[7.105s] -- Set runtime path of "/home/benongnuel/dev_ws/install/d435i_xarm_setup/lib/d435i_xarm_setup/findobj_grasp_xarm_api" to ""
[7.105s] -- Installing: /home/benongnuel/dev_ws/install/d435i_xarm_setup/lib/d435i_xarm_setup/tf_object_to_base
[7.108s] -- Set runtime path of "/home/benongnuel/dev_ws/install/d435i_xarm_setup/lib/d435i_xarm_setup/tf_object_to_base" to ""
[7.108s] -- Installing: /home/benongnuel/dev_ws/install/d435i_xarm_setup/share/ament_index/resource_index/package_run_dependencies/d435i_xarm_setup
[7.108s] -- Installing: /home/benongnuel/dev_ws/install/d435i_xarm_setup/share/ament_index/resource_index/parent_prefix_path/d435i_xarm_setup
[7.108s] -- Installing: /home/benongnuel/dev_ws/install/d435i_xarm_setup/share/d435i_xarm_setup/environment/ament_prefix_path.sh
[7.108s] -- Installing: /home/benongnuel/dev_ws/install/d435i_xarm_setup/share/d435i_xarm_setup/environment/ament_prefix_path.dsv
[7.108s] -- Installing: /home/benongnuel/dev_ws/install/d435i_xarm_setup/share/d435i_xarm_setup/environment/path.sh
[7.108s] -- Installing: /home/benongnuel/dev_ws/install/d435i_xarm_setup/share/d435i_xarm_setup/environment/path.dsv
[7.108s] -- Installing: /home/benongnuel/dev_ws/install/d435i_xarm_setup/share/d435i_xarm_setup/local_setup.bash
[7.108s] -- Installing: /home/benongnuel/dev_ws/install/d435i_xarm_setup/share/d435i_xarm_setup/local_setup.sh
[7.108s] -- Installing: /home/benongnuel/dev_ws/install/d435i_xarm_setup/share/d435i_xarm_setup/local_setup.zsh
[7.108s] -- Installing: /home/benongnuel/dev_ws/install/d435i_xarm_setup/share/d435i_xarm_setup/local_setup.dsv
[7.108s] -- Installing: /home/benongnuel/dev_ws/install/d435i_xarm_setup/share/d435i_xarm_setup/package.dsv
[7.108s] -- Installing: /home/benongnuel/dev_ws/install/d435i_xarm_setup/share/ament_index/resource_index/packages/d435i_xarm_setup
[7.109s] -- Installing: /home/benongnuel/dev_ws/install/d435i_xarm_setup/share/d435i_xarm_setup/cmake/d435i_xarm_setupConfig.cmake
[7.109s] -- Installing: /home/benongnuel/dev_ws/install/d435i_xarm_setup/share/d435i_xarm_setup/cmake/d435i_xarm_setupConfig-version.cmake
[7.109s] -- Installing: /home/benongnuel/dev_ws/install/d435i_xarm_setup/share/d435i_xarm_setup/package.xml
[7.110s] Invoked command in '/home/benongnuel/dev_ws/build/d435i_xarm_setup' returned '0': AMENT_PREFIX_PATH=/home/benongnuel/dev_ws/install/xarm_api:/home/benongnuel/dev_ws/install/xarm_sdk:/home/benongnuel/dev_ws/install/xarm_msgs:/home/benongnuel/dev_ws/install/xarm_description:${AMENT_PREFIX_PATH} CMAKE_PREFIX_PATH=/home/benongnuel/dev_ws/install/xarm_api:/home/benongnuel/dev_ws/install/xarm_sdk:/home/benongnuel/dev_ws/install/xarm_msgs:/home/benongnuel/dev_ws/install/xarm_description:/home/benongnuel/robo_ws/install/custom_3dof_arm:/opt/ros/humble LD_LIBRARY_PATH=/home/benongnuel/dev_ws/install/xarm_api/lib:/home/benongnuel/dev_ws/install/xarm_sdk/lib:/home/benongnuel/dev_ws/install/xarm_msgs/lib:${LD_LIBRARY_PATH} PYTHONPATH=/home/benongnuel/dev_ws/install/xarm_msgs/local/lib/python3.10/dist-packages:${PYTHONPATH} /usr/bin/cmake --install /home/benongnuel/dev_ws/build/d435i_xarm_setup
