[0.014s] Invoking command in '/home/benongnuel/dev_ws/src/xarm_ros2/build/xarm_sdk': CMAKE_PREFIX_PATH=${CMAKE_PREFIX_PATH}:/home/benongnuel/dev_ws/install/uf_ros_lib:/home/benongnuel/dev_ws/install/my_gripper_scripts:/opt/ros/humble /usr/bin/cmake /home/benongnuel/dev_ws/src/xarm_ros2/xarm_sdk -DAMENT_CMAKE_SYMLINK_INSTALL=1 -DCMAKE_INSTALL_PREFIX=/home/benongnuel/dev_ws/src/xarm_ros2/install/xarm_sdk
[0.159s] -- The C compiler identification is GNU 11.4.0
[0.159s] -- The CXX compiler identification is GNU 11.4.0
[0.159s] -- Detecting C compiler ABI info
[0.159s] -- Detecting C compiler ABI info - done
[0.162s] -- Check for working C compiler: /usr/bin/cc - skipped
[0.163s] -- Detecting C compile features
[0.163s] -- Detecting C compile features - done
[0.165s] -- Detecting CXX compiler ABI info
[0.228s] -- Detecting CXX compiler ABI info - done
[0.233s] -- Check for working CXX compiler: /usr/bin/c++ - skipped
[0.234s] -- Detecting CXX compile features
[0.234s] -- Detecting CXX compile features - done
[0.235s] -- Found ament_cmake: 1.3.11 (/opt/ros/humble/share/ament_cmake/cmake)
[0.341s] -- Found Python3: /usr/bin/python3 (found version "3.10.12") found components: Interpreter 
[0.386s] -- Override CMake install command with custom implementation using symlinks instead of copying resources
[0.424s] -- Found ament_lint_auto: 0.12.12 (/opt/ros/humble/share/ament_lint_auto/cmake)
[0.501s] -- Added test 'copyright' to check source files copyright and LICENSE
[0.514s] -- Added test 'cppcheck' to perform static code analysis on C / C++ code
[0.514s] -- Configured cppcheck include dirs: /home/benongnuel/dev_ws/src/xarm_ros2/xarm_sdk/cxx/include
[0.514s] -- Configured cppcheck exclude dirs and/or files: 
[0.528s] -- Added test 'cpplint' to check C / C++ code against the Google style
[0.528s] -- Configured cpplint exclude dirs and/or files: 
[0.533s] -- Added test 'lint_cmake' to check CMake code style
[0.543s] -- Added test 'uncrustify' to check C / C++ code style
[0.543s] -- Configured uncrustify additional arguments: 
[0.544s] -- Added test 'xmllint' to check XML markup files
[0.546s] -- Configuring done
[0.551s] -- Generating done
[0.553s] -- Build files have been written to: /home/benongnuel/dev_ws/src/xarm_ros2/build/xarm_sdk
[0.558s] Invoked command in '/home/benongnuel/dev_ws/src/xarm_ros2/build/xarm_sdk' returned '0': CMAKE_PREFIX_PATH=${CMAKE_PREFIX_PATH}:/home/benongnuel/dev_ws/install/uf_ros_lib:/home/benongnuel/dev_ws/install/my_gripper_scripts:/opt/ros/humble /usr/bin/cmake /home/benongnuel/dev_ws/src/xarm_ros2/xarm_sdk -DAMENT_CMAKE_SYMLINK_INSTALL=1 -DCMAKE_INSTALL_PREFIX=/home/benongnuel/dev_ws/src/xarm_ros2/install/xarm_sdk
[0.560s] Invoking command in '/home/benongnuel/dev_ws/src/xarm_ros2/build/xarm_sdk': CMAKE_PREFIX_PATH=${CMAKE_PREFIX_PATH}:/home/benongnuel/dev_ws/install/uf_ros_lib:/home/benongnuel/dev_ws/install/my_gripper_scripts:/opt/ros/humble /usr/bin/cmake --build /home/benongnuel/dev_ws/src/xarm_ros2/build/xarm_sdk -- -j16 -l16
[0.605s] [  3%] [32mBuilding CXX object CMakeFiles/xarm_cxx_sdk.dir/cxx/src/xarm/core/common/crc16.cc.o[0m
[0.605s] [ 12%] [32mBuilding CXX object CMakeFiles/xarm_cxx_sdk.dir/cxx/src/serial/impl/unix.cc.o[0m
[0.605s] [ 12%] [32mBuilding CXX object CMakeFiles/xarm_cxx_sdk.dir/cxx/src/serial/impl/list_ports/list_ports_osx.cc.o[0m
[0.605s] [ 15%] [32mBuilding CXX object CMakeFiles/xarm_cxx_sdk.dir/cxx/src/xarm/core/debug/debug_print.cc.o[0m
[0.605s] [  6%] [32mBuilding CXX object CMakeFiles/xarm_cxx_sdk.dir/cxx/src/serial/impl/list_ports/list_ports_linux.cc.o[0m
[0.605s] [ 18%] [32mBuilding CXX object CMakeFiles/xarm_cxx_sdk.dir/cxx/src/xarm/core/common/queue_memcpy.cc.o[0m
[0.607s] [ 21%] [32mBuilding CXX object CMakeFiles/xarm_cxx_sdk.dir/cxx/src/serial/serial.cc.o[0m
[0.607s] [ 25%] [32mBuilding CXX object CMakeFiles/xarm_cxx_sdk.dir/cxx/src/xarm/core/instruction/uxbus_cmd.cc.o[0m
[0.607s] [ 28%] [32mBuilding CXX object CMakeFiles/xarm_cxx_sdk.dir/cxx/src/xarm/core/connect.cc.o[0m
[0.607s] [ 31%] [32mBuilding CXX object CMakeFiles/xarm_cxx_sdk.dir/cxx/src/serial/impl/win.cc.o[0m
[0.607s] [ 34%] [32mBuilding CXX object CMakeFiles/xarm_cxx_sdk.dir/cxx/src/serial/impl/list_ports/list_ports_win.cc.o[0m
[0.612s] [ 37%] [32mBuilding CXX object CMakeFiles/xarm_cxx_sdk.dir/cxx/src/xarm/core/instruction/uxbus_cmd_ser.cc.o[0m
[0.614s] [ 46%] [32mBuilding CXX object CMakeFiles/xarm_cxx_sdk.dir/cxx/src/xarm/core/os/network.cc.o[0m
[0.614s] [ 46%] [32mBuilding CXX object CMakeFiles/xarm_cxx_sdk.dir/cxx/src/xarm/core/instruction/uxbus_cmd_tcp.cc.o[0m
[0.617s] [ 46%] [32mBuilding CXX object CMakeFiles/xarm_cxx_sdk.dir/cxx/src/xarm/core/port/ser.cc.o[0m
[0.621s] [ 50%] [32mBuilding CXX object CMakeFiles/xarm_cxx_sdk.dir/cxx/src/xarm/core/port/socket.cc.o[0m
[0.637s] [ 53%] [32mBuilding CXX object CMakeFiles/xarm_cxx_sdk.dir/cxx/src/xarm/wrapper/xarm_api.cc.o[0m
[0.644s] [ 56%] [32mBuilding CXX object CMakeFiles/xarm_cxx_sdk.dir/cxx/src/xarm/wrapper/xarm_bio.cc.o[0m
[0.648s] [ 59%] [32mBuilding CXX object CMakeFiles/xarm_cxx_sdk.dir/cxx/src/xarm/core/report_data.cc.o[0m
[0.666s] [ 62%] [32mBuilding CXX object CMakeFiles/xarm_cxx_sdk.dir/cxx/src/xarm/wrapper/xarm_events.cc.o[0m
[0.681s] [ 65%] [32mBuilding CXX object CMakeFiles/xarm_cxx_sdk.dir/cxx/src/xarm/wrapper/xarm_ft_sensor.cc.o[0m
[0.948s] [ 68%] [32mBuilding CXX object CMakeFiles/xarm_cxx_sdk.dir/cxx/src/xarm/wrapper/xarm_gpio.cc.o[0m
[0.966s] [ 71%] [32mBuilding CXX object CMakeFiles/xarm_cxx_sdk.dir/cxx/src/xarm/wrapper/xarm_gripper.cc.o[0m
[1.097s] [ 75%] [32mBuilding CXX object CMakeFiles/xarm_cxx_sdk.dir/cxx/src/xarm/wrapper/xarm_modbus_tcp.cc.o[0m
[1.251s] [ 78%] [32mBuilding CXX object CMakeFiles/xarm_cxx_sdk.dir/cxx/src/xarm/wrapper/xarm_motion.cc.o[0m
[1.263s] [ 81%] [32mBuilding CXX object CMakeFiles/xarm_cxx_sdk.dir/cxx/src/xarm/wrapper/xarm_params.cc.o[0m
[1.275s] [ 84%] [32mBuilding CXX object CMakeFiles/xarm_cxx_sdk.dir/cxx/src/xarm/wrapper/xarm_record.cc.o[0m
[1.324s] [ 87%] [32mBuilding CXX object CMakeFiles/xarm_cxx_sdk.dir/cxx/src/xarm/wrapper/xarm_report.cc.o[0m
[1.363s] [ 90%] [32mBuilding CXX object CMakeFiles/xarm_cxx_sdk.dir/cxx/src/xarm/wrapper/xarm_robotiq.cc.o[0m
[1.438s] [ 93%] [32mBuilding CXX object CMakeFiles/xarm_cxx_sdk.dir/cxx/src/xarm/wrapper/xarm_servo.cc.o[0m
[1.483s] [ 96%] [32mBuilding CXX object CMakeFiles/xarm_cxx_sdk.dir/cxx/src/xarm/wrapper/xarm_track.cc.o[0m
[4.508s] [100%] [32m[1mLinking CXX shared library libxarm_cxx_sdk.so[0m
[4.750s] [100%] Built target xarm_cxx_sdk
[4.763s] Invoked command in '/home/benongnuel/dev_ws/src/xarm_ros2/build/xarm_sdk' returned '0': CMAKE_PREFIX_PATH=${CMAKE_PREFIX_PATH}:/home/benongnuel/dev_ws/install/uf_ros_lib:/home/benongnuel/dev_ws/install/my_gripper_scripts:/opt/ros/humble /usr/bin/cmake --build /home/benongnuel/dev_ws/src/xarm_ros2/build/xarm_sdk -- -j16 -l16
[4.764s] Invoking command in '/home/benongnuel/dev_ws/src/xarm_ros2/build/xarm_sdk': CMAKE_PREFIX_PATH=${CMAKE_PREFIX_PATH}:/home/benongnuel/dev_ws/install/uf_ros_lib:/home/benongnuel/dev_ws/install/my_gripper_scripts:/opt/ros/humble /usr/bin/cmake --install /home/benongnuel/dev_ws/src/xarm_ros2/build/xarm_sdk
[4.772s] -- Install configuration: ""
[4.772s] -- Execute custom install script
[4.772s] -- Symlinking: /home/benongnuel/dev_ws/src/xarm_ros2/install/xarm_sdk/share/xarm_sdk/environment/library_path.sh
[4.780s] -- Symlinking: /home/benongnuel/dev_ws/src/xarm_ros2/install/xarm_sdk/share/xarm_sdk/environment/library_path.dsv
[4.788s] -- Symlinking: /home/benongnuel/dev_ws/src/xarm_ros2/install/xarm_sdk/cxx/include/serial/impl/unix.h
[4.796s] -- Symlinking: /home/benongnuel/dev_ws/src/xarm_ros2/install/xarm_sdk/cxx/include/serial/impl/win.h
[4.804s] -- Symlinking: /home/benongnuel/dev_ws/src/xarm_ros2/install/xarm_sdk/cxx/include/serial/serial.h
[4.811s] -- Symlinking: /home/benongnuel/dev_ws/src/xarm_ros2/install/xarm_sdk/cxx/include/serial/v8stdint.h
[4.820s] -- Symlinking: /home/benongnuel/dev_ws/src/xarm_ros2/install/xarm_sdk/cxx/include/xarm/core/common/crc16.h
[4.826s] -- Symlinking: /home/benongnuel/dev_ws/src/xarm_ros2/install/xarm_sdk/cxx/include/xarm/core/common/data_type.h
[4.832s] -- Symlinking: /home/benongnuel/dev_ws/src/xarm_ros2/install/xarm_sdk/cxx/include/xarm/core/common/queue_memcpy.h
[4.840s] -- Symlinking: /home/benongnuel/dev_ws/src/xarm_ros2/install/xarm_sdk/cxx/include/xarm/core/connect.h
[4.846s] -- Symlinking: /home/benongnuel/dev_ws/src/xarm_ros2/install/xarm_sdk/cxx/include/xarm/core/debug/debug_print.h
[4.853s] -- Symlinking: /home/benongnuel/dev_ws/src/xarm_ros2/install/xarm_sdk/cxx/include/xarm/core/instruction/servo3_config.h
[4.861s] -- Symlinking: /home/benongnuel/dev_ws/src/xarm_ros2/install/xarm_sdk/cxx/include/xarm/core/instruction/uxbus_cmd.h
[4.869s] -- Symlinking: /home/benongnuel/dev_ws/src/xarm_ros2/install/xarm_sdk/cxx/include/xarm/core/instruction/uxbus_cmd_config.h
[4.875s] -- Symlinking: /home/benongnuel/dev_ws/src/xarm_ros2/install/xarm_sdk/cxx/include/xarm/core/instruction/uxbus_cmd_ser.h
[4.881s] -- Symlinking: /home/benongnuel/dev_ws/src/xarm_ros2/install/xarm_sdk/cxx/include/xarm/core/instruction/uxbus_cmd_tcp.h
[4.889s] -- Symlinking: /home/benongnuel/dev_ws/src/xarm_ros2/install/xarm_sdk/cxx/include/xarm/core/os/bak/thread.h
[4.896s] -- Symlinking: /home/benongnuel/dev_ws/src/xarm_ros2/install/xarm_sdk/cxx/include/xarm/core/os/network.h
[4.904s] -- Symlinking: /home/benongnuel/dev_ws/src/xarm_ros2/install/xarm_sdk/cxx/include/xarm/core/port/ser.h
[4.912s] -- Symlinking: /home/benongnuel/dev_ws/src/xarm_ros2/install/xarm_sdk/cxx/include/xarm/core/port/socket.h
[4.919s] -- Symlinking: /home/benongnuel/dev_ws/src/xarm_ros2/install/xarm_sdk/cxx/include/xarm/core/report_data.h
[4.925s] -- Symlinking: /home/benongnuel/dev_ws/src/xarm_ros2/install/xarm_sdk/cxx/include/xarm/core/xarm_config.h
[4.933s] -- Symlinking: /home/benongnuel/dev_ws/src/xarm_ros2/install/xarm_sdk/cxx/include/xarm/wrapper/common/timer.h
[4.940s] -- Symlinking: /home/benongnuel/dev_ws/src/xarm_ros2/install/xarm_sdk/cxx/include/xarm/wrapper/common/utils.h
[4.947s] -- Symlinking: /home/benongnuel/dev_ws/src/xarm_ros2/install/xarm_sdk/cxx/include/xarm/wrapper/xarm_api.h
[4.955s] -- Symlinking: /home/benongnuel/dev_ws/src/xarm_ros2/install/xarm_sdk/lib/libxarm_cxx_sdk.so
[4.962s] -- Symlinking: /home/benongnuel/dev_ws/src/xarm_ros2/install/xarm_sdk/share/ament_index/resource_index/package_run_dependencies/xarm_sdk
[4.971s] -- Symlinking: /home/benongnuel/dev_ws/src/xarm_ros2/install/xarm_sdk/share/ament_index/resource_index/parent_prefix_path/xarm_sdk
[4.977s] -- Symlinking: /home/benongnuel/dev_ws/src/xarm_ros2/install/xarm_sdk/share/xarm_sdk/environment/ament_prefix_path.sh
[4.985s] -- Symlinking: /home/benongnuel/dev_ws/src/xarm_ros2/install/xarm_sdk/share/xarm_sdk/environment/ament_prefix_path.dsv
[4.992s] -- Symlinking: /home/benongnuel/dev_ws/src/xarm_ros2/install/xarm_sdk/share/xarm_sdk/environment/path.sh
[5.001s] -- Symlinking: /home/benongnuel/dev_ws/src/xarm_ros2/install/xarm_sdk/share/xarm_sdk/environment/path.dsv
[5.009s] -- Symlinking: /home/benongnuel/dev_ws/src/xarm_ros2/install/xarm_sdk/share/xarm_sdk/local_setup.bash
[5.019s] -- Symlinking: /home/benongnuel/dev_ws/src/xarm_ros2/install/xarm_sdk/share/xarm_sdk/local_setup.sh
[5.028s] -- Symlinking: /home/benongnuel/dev_ws/src/xarm_ros2/install/xarm_sdk/share/xarm_sdk/local_setup.zsh
[5.036s] -- Symlinking: /home/benongnuel/dev_ws/src/xarm_ros2/install/xarm_sdk/share/xarm_sdk/local_setup.dsv
[5.044s] -- Symlinking: /home/benongnuel/dev_ws/src/xarm_ros2/install/xarm_sdk/share/xarm_sdk/package.dsv
[5.053s] -- Symlinking: /home/benongnuel/dev_ws/src/xarm_ros2/install/xarm_sdk/share/ament_index/resource_index/packages/xarm_sdk
[5.062s] -- Symlinking: /home/benongnuel/dev_ws/src/xarm_ros2/install/xarm_sdk/share/xarm_sdk/cmake/ament_cmake_export_libraries-extras.cmake
[5.072s] -- Symlinking: /home/benongnuel/dev_ws/src/xarm_ros2/install/xarm_sdk/share/xarm_sdk/cmake/ament_cmake_export_include_directories-extras.cmake
[5.082s] -- Symlinking: /home/benongnuel/dev_ws/src/xarm_ros2/install/xarm_sdk/share/xarm_sdk/cmake/xarm_sdkConfig.cmake
[5.093s] -- Symlinking: /home/benongnuel/dev_ws/src/xarm_ros2/install/xarm_sdk/share/xarm_sdk/cmake/xarm_sdkConfig-version.cmake
[5.104s] -- Symlinking: /home/benongnuel/dev_ws/src/xarm_ros2/install/xarm_sdk/share/xarm_sdk/package.xml
[5.117s] Invoked command in '/home/benongnuel/dev_ws/src/xarm_ros2/build/xarm_sdk' returned '0': CMAKE_PREFIX_PATH=${CMAKE_PREFIX_PATH}:/home/benongnuel/dev_ws/install/uf_ros_lib:/home/benongnuel/dev_ws/install/my_gripper_scripts:/opt/ros/humble /usr/bin/cmake --install /home/benongnuel/dev_ws/src/xarm_ros2/build/xarm_sdk
