[0.548s] Invoking command in '/home/benongnuel/dev_ws/build/uf_ros_lib': PYTHONPATH=/home/benongnuel/dev_ws/build/uf_ros_lib/prefix_override:/usr/lib/python3/dist-packages/colcon_core/task/python/colcon_distutils_commands:/home/benongnuel/dev_ws/install/uf_ros_lib/lib/python3.10/site-packages:${PYTHONPATH} /usr/bin/python3 -W ignore:setup.py install is deprecated -W ignore:easy_install command is deprecated setup.py develop --uninstall --editable --build-directory /home/benongnuel/dev_ws/build/uf_ros_lib/build
[0.697s] running develop
[0.775s] Removing /home/benongnuel/dev_ws/install/uf_ros_lib/lib/python3.10/site-packages/uf-ros-lib.egg-link (link to .)
[0.800s] Invoked command in '/home/benongnuel/dev_ws/build/uf_ros_lib' returned '0': PYTHONPATH=/home/benongnuel/dev_ws/build/uf_ros_lib/prefix_override:/usr/lib/python3/dist-packages/colcon_core/task/python/colcon_distutils_commands:/home/benongnuel/dev_ws/install/uf_ros_lib/lib/python3.10/site-packages:${PYTHONPATH} /usr/bin/python3 -W ignore:setup.py install is deprecated -W ignore:easy_install command is deprecated setup.py develop --uninstall --editable --build-directory /home/benongnuel/dev_ws/build/uf_ros_lib/build
[0.802s] Invoking command in '/home/benongnuel/dev_ws/src/xarm_ros2/uf_ros_lib': PYTHONPATH=/home/benongnuel/dev_ws/build/uf_ros_lib/prefix_override:/usr/lib/python3/dist-packages/colcon_core/task/python/colcon_distutils_commands:/home/benongnuel/dev_ws/install/uf_ros_lib/lib/python3.10/site-packages:${PYTHONPATH} /usr/bin/python3 -W ignore:setup.py install is deprecated -W ignore:easy_install command is deprecated setup.py egg_info --egg-base ../../../build/uf_ros_lib build --build-base /home/benongnuel/dev_ws/build/uf_ros_lib/build install --record /home/benongnuel/dev_ws/build/uf_ros_lib/install.log --single-version-externally-managed install_data --force
[0.938s] running egg_info
[0.938s] writing ../../../build/uf_ros_lib/uf_ros_lib.egg-info/PKG-INFO
[0.939s] writing dependency_links to ../../../build/uf_ros_lib/uf_ros_lib.egg-info/dependency_links.txt
[0.939s] writing entry points to ../../../build/uf_ros_lib/uf_ros_lib.egg-info/entry_points.txt
[0.939s] writing requirements to ../../../build/uf_ros_lib/uf_ros_lib.egg-info/requires.txt
[0.939s] writing top-level names to ../../../build/uf_ros_lib/uf_ros_lib.egg-info/top_level.txt
[0.940s] reading manifest file '../../../build/uf_ros_lib/uf_ros_lib.egg-info/SOURCES.txt'
[0.940s] writing manifest file '../../../build/uf_ros_lib/uf_ros_lib.egg-info/SOURCES.txt'
[0.940s] running build
[0.940s] running build_py
[0.941s] running install
[0.941s] running install_lib
[0.941s] creating /home/benongnuel/dev_ws/install/uf_ros_lib/lib/python3.10/site-packages/uf_ros_lib
[0.941s] copying /home/benongnuel/dev_ws/build/uf_ros_lib/build/lib/uf_ros_lib/parameter_descriptions.py -> /home/benongnuel/dev_ws/install/uf_ros_lib/lib/python3.10/site-packages/uf_ros_lib
[0.942s] creating /home/benongnuel/dev_ws/install/uf_ros_lib/lib/python3.10/site-packages/uf_ros_lib/substitutions
[0.942s] copying /home/benongnuel/dev_ws/build/uf_ros_lib/build/lib/uf_ros_lib/substitutions/controllers.py -> /home/benongnuel/dev_ws/install/uf_ros_lib/lib/python3.10/site-packages/uf_ros_lib/substitutions
[0.942s] copying /home/benongnuel/dev_ws/build/uf_ros_lib/build/lib/uf_ros_lib/substitutions/common.py -> /home/benongnuel/dev_ws/install/uf_ros_lib/lib/python3.10/site-packages/uf_ros_lib/substitutions
[0.942s] copying /home/benongnuel/dev_ws/build/uf_ros_lib/build/lib/uf_ros_lib/substitutions/joint_limits.py -> /home/benongnuel/dev_ws/install/uf_ros_lib/lib/python3.10/site-packages/uf_ros_lib/substitutions
[0.942s] copying /home/benongnuel/dev_ws/build/uf_ros_lib/build/lib/uf_ros_lib/substitutions/kinematics.py -> /home/benongnuel/dev_ws/install/uf_ros_lib/lib/python3.10/site-packages/uf_ros_lib/substitutions
[0.942s] copying /home/benongnuel/dev_ws/build/uf_ros_lib/build/lib/uf_ros_lib/substitutions/planning_pipelines.py -> /home/benongnuel/dev_ws/install/uf_ros_lib/lib/python3.10/site-packages/uf_ros_lib/substitutions
[0.942s] copying /home/benongnuel/dev_ws/build/uf_ros_lib/build/lib/uf_ros_lib/substitutions/__init__.py -> /home/benongnuel/dev_ws/install/uf_ros_lib/lib/python3.10/site-packages/uf_ros_lib/substitutions
[0.942s] copying /home/benongnuel/dev_ws/build/uf_ros_lib/build/lib/uf_ros_lib/moveit_configs_builder.py -> /home/benongnuel/dev_ws/install/uf_ros_lib/lib/python3.10/site-packages/uf_ros_lib
[0.942s] copying /home/benongnuel/dev_ws/build/uf_ros_lib/build/lib/uf_ros_lib/__init__.py -> /home/benongnuel/dev_ws/install/uf_ros_lib/lib/python3.10/site-packages/uf_ros_lib
[0.942s] copying /home/benongnuel/dev_ws/build/uf_ros_lib/build/lib/uf_ros_lib/uf_robot_utils.py -> /home/benongnuel/dev_ws/install/uf_ros_lib/lib/python3.10/site-packages/uf_ros_lib
[0.942s] byte-compiling /home/benongnuel/dev_ws/install/uf_ros_lib/lib/python3.10/site-packages/uf_ros_lib/parameter_descriptions.py to parameter_descriptions.cpython-310.pyc
[0.942s] byte-compiling /home/benongnuel/dev_ws/install/uf_ros_lib/lib/python3.10/site-packages/uf_ros_lib/substitutions/controllers.py to controllers.cpython-310.pyc
[0.943s] byte-compiling /home/benongnuel/dev_ws/install/uf_ros_lib/lib/python3.10/site-packages/uf_ros_lib/substitutions/common.py to common.cpython-310.pyc
[0.944s] byte-compiling /home/benongnuel/dev_ws/install/uf_ros_lib/lib/python3.10/site-packages/uf_ros_lib/substitutions/joint_limits.py to joint_limits.cpython-310.pyc
[0.944s] byte-compiling /home/benongnuel/dev_ws/install/uf_ros_lib/lib/python3.10/site-packages/uf_ros_lib/substitutions/kinematics.py to kinematics.cpython-310.pyc
[0.945s] byte-compiling /home/benongnuel/dev_ws/install/uf_ros_lib/lib/python3.10/site-packages/uf_ros_lib/substitutions/planning_pipelines.py to planning_pipelines.cpython-310.pyc
[0.946s] byte-compiling /home/benongnuel/dev_ws/install/uf_ros_lib/lib/python3.10/site-packages/uf_ros_lib/substitutions/__init__.py to __init__.cpython-310.pyc
[0.946s] byte-compiling /home/benongnuel/dev_ws/install/uf_ros_lib/lib/python3.10/site-packages/uf_ros_lib/moveit_configs_builder.py to moveit_configs_builder.cpython-310.pyc
[0.952s] byte-compiling /home/benongnuel/dev_ws/install/uf_ros_lib/lib/python3.10/site-packages/uf_ros_lib/__init__.py to __init__.cpython-310.pyc
[0.952s] byte-compiling /home/benongnuel/dev_ws/install/uf_ros_lib/lib/python3.10/site-packages/uf_ros_lib/uf_robot_utils.py to uf_robot_utils.cpython-310.pyc
[0.953s] running install_data
[0.953s] copying resource/uf_ros_lib -> /home/benongnuel/dev_ws/install/uf_ros_lib/share/ament_index/resource_index/packages
[0.953s] copying package.xml -> /home/benongnuel/dev_ws/install/uf_ros_lib/share/uf_ros_lib
[0.953s] running install_egg_info
[0.955s] Copying ../../../build/uf_ros_lib/uf_ros_lib.egg-info to /home/benongnuel/dev_ws/install/uf_ros_lib/lib/python3.10/site-packages/uf_ros_lib-0.0.0-py3.10.egg-info
[0.955s] running install_scripts
[0.968s] writing list of installed files to '/home/benongnuel/dev_ws/build/uf_ros_lib/install.log'
[0.984s] Invoked command in '/home/benongnuel/dev_ws/src/xarm_ros2/uf_ros_lib' returned '0': PYTHONPATH=/home/benongnuel/dev_ws/build/uf_ros_lib/prefix_override:/usr/lib/python3/dist-packages/colcon_core/task/python/colcon_distutils_commands:/home/benongnuel/dev_ws/install/uf_ros_lib/lib/python3.10/site-packages:${PYTHONPATH} /usr/bin/python3 -W ignore:setup.py install is deprecated -W ignore:easy_install command is deprecated setup.py egg_info --egg-base ../../../build/uf_ros_lib build --build-base /home/benongnuel/dev_ws/build/uf_ros_lib/build install --record /home/benongnuel/dev_ws/build/uf_ros_lib/install.log --single-version-externally-managed install_data --force
