[0.341s] Invoking command in '/home/benongnuel/dev_ws/build/realsense_gazebo_plugin': CMAKE_PREFIX_PATH=${CMAKE_PREFIX_PATH}:/home/benongnuel/dev_ws/install/uf_ros_lib:/home/benongnuel/dev_ws/install/my_gripper_scripts:/opt/ros/humble /usr/bin/cmake --build /home/benongnuel/dev_ws/build/realsense_gazebo_plugin -- -j16 -l16
[0.423s] [100%] Built target realsense_gazebo_plugin
[0.480s] Invoked command in '/home/benongnuel/dev_ws/build/realsense_gazebo_plugin' returned '0': CMAKE_PREFIX_PATH=${CMAKE_PREFIX_PATH}:/home/benongnuel/dev_ws/install/uf_ros_lib:/home/benongnuel/dev_ws/install/my_gripper_scripts:/opt/ros/humble /usr/bin/cmake --build /home/benongnuel/dev_ws/build/realsense_gazebo_plugin -- -j16 -l16
[0.480s] Invoking command in '/home/benongnuel/dev_ws/build/realsense_gazebo_plugin': CMAKE_PREFIX_PATH=${CMAKE_PREFIX_PATH}:/home/benongnuel/dev_ws/install/uf_ros_lib:/home/benongnuel/dev_ws/install/my_gripper_scripts:/opt/ros/humble /usr/bin/cmake --install /home/benongnuel/dev_ws/build/realsense_gazebo_plugin
[0.490s] -- Install configuration: ""
[0.490s] -- Execute custom install script
[0.490s] -- Up-to-date symlink: /home/benongnuel/dev_ws/install/realsense_gazebo_plugin/lib/librealsense_gazebo_plugin.so
[0.490s] -- Up-to-date symlink: /home/benongnuel/dev_ws/install/realsense_gazebo_plugin/include//realsense_gazebo_plugin/RealSensePlugin.h
[0.490s] -- Up-to-date symlink: /home/benongnuel/dev_ws/install/realsense_gazebo_plugin/include//realsense_gazebo_plugin/gazebo_ros_realsense.h
[0.490s] -- Up-to-date symlink: /home/benongnuel/dev_ws/install/realsense_gazebo_plugin/share/realsense_gazebo_plugin/environment/library_path.sh
[0.490s] -- Up-to-date symlink: /home/benongnuel/dev_ws/install/realsense_gazebo_plugin/share/realsense_gazebo_plugin/environment/library_path.dsv
[0.490s] -- Up-to-date symlink: /home/benongnuel/dev_ws/install/realsense_gazebo_plugin/share/ament_index/resource_index/package_run_dependencies/realsense_gazebo_plugin
[0.490s] -- Up-to-date symlink: /home/benongnuel/dev_ws/install/realsense_gazebo_plugin/share/ament_index/resource_index/parent_prefix_path/realsense_gazebo_plugin
[0.490s] -- Up-to-date symlink: /home/benongnuel/dev_ws/install/realsense_gazebo_plugin/share/realsense_gazebo_plugin/environment/ament_prefix_path.sh
[0.491s] -- Up-to-date symlink: /home/benongnuel/dev_ws/install/realsense_gazebo_plugin/share/realsense_gazebo_plugin/environment/ament_prefix_path.dsv
[0.491s] -- Up-to-date symlink: /home/benongnuel/dev_ws/install/realsense_gazebo_plugin/share/realsense_gazebo_plugin/environment/path.sh
[0.491s] -- Up-to-date symlink: /home/benongnuel/dev_ws/install/realsense_gazebo_plugin/share/realsense_gazebo_plugin/environment/path.dsv
[0.491s] -- Up-to-date symlink: /home/benongnuel/dev_ws/install/realsense_gazebo_plugin/share/realsense_gazebo_plugin/local_setup.bash
[0.491s] -- Up-to-date symlink: /home/benongnuel/dev_ws/install/realsense_gazebo_plugin/share/realsense_gazebo_plugin/local_setup.sh
[0.491s] -- Up-to-date symlink: /home/benongnuel/dev_ws/install/realsense_gazebo_plugin/share/realsense_gazebo_plugin/local_setup.zsh
[0.491s] -- Up-to-date symlink: /home/benongnuel/dev_ws/install/realsense_gazebo_plugin/share/realsense_gazebo_plugin/local_setup.dsv
[0.492s] -- Symlinking: /home/benongnuel/dev_ws/install/realsense_gazebo_plugin/share/realsense_gazebo_plugin/package.dsv
[0.497s] -- Up-to-date symlink: /home/benongnuel/dev_ws/install/realsense_gazebo_plugin/share/ament_index/resource_index/packages/realsense_gazebo_plugin
[0.498s] -- Up-to-date symlink: /home/benongnuel/dev_ws/install/realsense_gazebo_plugin/share/realsense_gazebo_plugin/cmake/ament_cmake_export_include_directories-extras.cmake
[0.498s] -- Up-to-date symlink: /home/benongnuel/dev_ws/install/realsense_gazebo_plugin/share/realsense_gazebo_plugin/cmake/ament_cmake_export_libraries-extras.cmake
[0.498s] -- Up-to-date symlink: /home/benongnuel/dev_ws/install/realsense_gazebo_plugin/share/realsense_gazebo_plugin/cmake/realsense_gazebo_pluginConfig.cmake
[0.498s] -- Up-to-date symlink: /home/benongnuel/dev_ws/install/realsense_gazebo_plugin/share/realsense_gazebo_plugin/cmake/realsense_gazebo_pluginConfig-version.cmake
[0.498s] -- Up-to-date symlink: /home/benongnuel/dev_ws/install/realsense_gazebo_plugin/share/realsense_gazebo_plugin/package.xml
[0.510s] Invoked command in '/home/benongnuel/dev_ws/build/realsense_gazebo_plugin' returned '0': CMAKE_PREFIX_PATH=${CMAKE_PREFIX_PATH}:/home/benongnuel/dev_ws/install/uf_ros_lib:/home/benongnuel/dev_ws/install/my_gripper_scripts:/opt/ros/humble /usr/bin/cmake --install /home/benongnuel/dev_ws/build/realsense_gazebo_plugin
