[0.167s] Invoking command in '/home/benongnuel/dev_ws/build/mbot_demo': CMAKE_PREFIX_PATH=${CMAKE_PREFIX_PATH}:/home/benongnuel/dev_ws/install/uf_ros_lib:/home/benongnuel/dev_ws/install/my_gripper_scripts:/opt/ros/humble /usr/bin/cmake /home/benongnuel/dev_ws/src/xarm_ros2/demo/mbot_demo -DAMENT_CMAKE_SYMLINK_INSTALL=1 -DCMAKE_INSTALL_PREFIX=/home/benongnuel/dev_ws/install/mbot_demo
[0.321s] -- Found ament_cmake: 1.3.11 (/opt/ros/humble/share/ament_cmake/cmake)
[0.321s] -- Override CMake install command with custom implementation using symlinks instead of copying resources
[0.321s] -- Found ament_lint_auto: 0.12.12 (/opt/ros/humble/share/ament_lint_auto/cmake)
[0.323s] -- Added test 'copyright' to check source files copyright and LICENSE
[0.324s] -- Added test 'flake8' to check Python code syntax and style conventions
[0.324s] -- Added test 'lint_cmake' to check CMake code style
[0.324s] -- Added test 'pep257' to check Python code against some of the docstring style conventions in PEP 257
[0.325s] -- Added test 'xmllint' to check XML markup files
[0.325s] -- Configuring done
[0.327s] -- Generating done
[0.329s] -- Build files have been written to: /home/benongnuel/dev_ws/build/mbot_demo
[0.332s] Invoked command in '/home/benongnuel/dev_ws/build/mbot_demo' returned '0': CMAKE_PREFIX_PATH=${CMAKE_PREFIX_PATH}:/home/benongnuel/dev_ws/install/uf_ros_lib:/home/benongnuel/dev_ws/install/my_gripper_scripts:/opt/ros/humble /usr/bin/cmake /home/benongnuel/dev_ws/src/xarm_ros2/demo/mbot_demo -DAMENT_CMAKE_SYMLINK_INSTALL=1 -DCMAKE_INSTALL_PREFIX=/home/benongnuel/dev_ws/install/mbot_demo
[0.333s] Invoking command in '/home/benongnuel/dev_ws/build/mbot_demo': CMAKE_PREFIX_PATH=${CMAKE_PREFIX_PATH}:/home/benongnuel/dev_ws/install/uf_ros_lib:/home/benongnuel/dev_ws/install/my_gripper_scripts:/opt/ros/humble /usr/bin/cmake --build /home/benongnuel/dev_ws/build/mbot_demo -- -j16 -l16
[0.374s] Invoked command in '/home/benongnuel/dev_ws/build/mbot_demo' returned '0': CMAKE_PREFIX_PATH=${CMAKE_PREFIX_PATH}:/home/benongnuel/dev_ws/install/uf_ros_lib:/home/benongnuel/dev_ws/install/my_gripper_scripts:/opt/ros/humble /usr/bin/cmake --build /home/benongnuel/dev_ws/build/mbot_demo -- -j16 -l16
[0.375s] Invoking command in '/home/benongnuel/dev_ws/build/mbot_demo': CMAKE_PREFIX_PATH=${CMAKE_PREFIX_PATH}:/home/benongnuel/dev_ws/install/uf_ros_lib:/home/benongnuel/dev_ws/install/my_gripper_scripts:/opt/ros/humble /usr/bin/cmake --install /home/benongnuel/dev_ws/build/mbot_demo
[0.384s] -- Install configuration: ""
[0.387s] -- Execute custom install script
[0.387s] -- Symlinking: /home/benongnuel/dev_ws/install/mbot_demo/share/mbot_demo//rviz/moveit.rviz
[0.397s] -- Symlinking: /home/benongnuel/dev_ws/install/mbot_demo/share/mbot_demo//urdf/mbot.gazebo.xacro
[0.407s] -- Symlinking: /home/benongnuel/dev_ws/install/mbot_demo/share/mbot_demo//urdf/mbot.ros2_control.xacro
[0.415s] -- Symlinking: /home/benongnuel/dev_ws/install/mbot_demo/share/mbot_demo//urdf/mbot.transmission.xacro
[0.423s] -- Symlinking: /home/benongnuel/dev_ws/install/mbot_demo/share/mbot_demo//urdf/mbot.urdf.xacro
[0.430s] -- Symlinking: /home/benongnuel/dev_ws/install/mbot_demo/share/mbot_demo//urdf/mbot_macro.xacro
[0.437s] -- Symlinking: /home/benongnuel/dev_ws/install/mbot_demo/share/mbot_demo//urdf/mbot_with_xarm.urdf.xacro
[0.449s] -- Symlinking: /home/benongnuel/dev_ws/install/mbot_demo/share/mbot_demo//srdf/mbot_macro.srdf.xacro
[0.457s] -- Symlinking: /home/benongnuel/dev_ws/install/mbot_demo/share/mbot_demo//srdf/mbot_with_xarm.srdf.xacro
[0.464s] -- Symlinking: /home/benongnuel/dev_ws/install/mbot_demo/share/mbot_demo//config/controllers.yaml
[0.472s] -- Symlinking: /home/benongnuel/dev_ws/install/mbot_demo/share/mbot_demo//config/joint_limits.yaml
[0.477s] -- Symlinking: /home/benongnuel/dev_ws/install/mbot_demo/share/mbot_demo//config/kinematics.yaml
[0.482s] -- Symlinking: /home/benongnuel/dev_ws/install/mbot_demo/share/mbot_demo//config/ompl_planning.yaml
[0.489s] -- Symlinking: /home/benongnuel/dev_ws/install/mbot_demo/share/mbot_demo//config/ros2_controllers.yaml
[0.495s] -- Symlinking: /home/benongnuel/dev_ws/install/mbot_demo/share/mbot_demo//worlds/empty.world
[0.502s] -- Symlinking: /home/benongnuel/dev_ws/install/mbot_demo/share/mbot_demo//launch/_robot_on_mbot_gazebo.launch.py
[0.508s] -- Symlinking: /home/benongnuel/dev_ws/install/mbot_demo/share/mbot_demo//launch/mbot_moveit_fake.launch.py
[0.515s] -- Symlinking: /home/benongnuel/dev_ws/install/mbot_demo/share/mbot_demo//launch/mbot_moveit_gazebo.launch.py
[0.524s] -- Symlinking: /home/benongnuel/dev_ws/install/mbot_demo/share/mbot_demo//launch/mbot_moveit_realmove.launch.py
[0.529s] -- Symlinking: /home/benongnuel/dev_ws/install/mbot_demo/share/ament_index/resource_index/package_run_dependencies/mbot_demo
[0.536s] -- Symlinking: /home/benongnuel/dev_ws/install/mbot_demo/share/ament_index/resource_index/parent_prefix_path/mbot_demo
[0.542s] -- Symlinking: /home/benongnuel/dev_ws/install/mbot_demo/share/mbot_demo/environment/ament_prefix_path.sh
[0.548s] -- Symlinking: /home/benongnuel/dev_ws/install/mbot_demo/share/mbot_demo/environment/ament_prefix_path.dsv
[0.557s] -- Symlinking: /home/benongnuel/dev_ws/install/mbot_demo/share/mbot_demo/environment/path.sh
[0.563s] -- Symlinking: /home/benongnuel/dev_ws/install/mbot_demo/share/mbot_demo/environment/path.dsv
[0.572s] -- Symlinking: /home/benongnuel/dev_ws/install/mbot_demo/share/mbot_demo/local_setup.bash
[0.578s] -- Symlinking: /home/benongnuel/dev_ws/install/mbot_demo/share/mbot_demo/local_setup.sh
[0.585s] -- Symlinking: /home/benongnuel/dev_ws/install/mbot_demo/share/mbot_demo/local_setup.zsh
[0.592s] -- Symlinking: /home/benongnuel/dev_ws/install/mbot_demo/share/mbot_demo/local_setup.dsv
[0.598s] -- Symlinking: /home/benongnuel/dev_ws/install/mbot_demo/share/mbot_demo/package.dsv
[0.604s] -- Symlinking: /home/benongnuel/dev_ws/install/mbot_demo/share/ament_index/resource_index/packages/mbot_demo
[0.610s] -- Symlinking: /home/benongnuel/dev_ws/install/mbot_demo/share/mbot_demo/cmake/mbot_demoConfig.cmake
[0.615s] -- Symlinking: /home/benongnuel/dev_ws/install/mbot_demo/share/mbot_demo/cmake/mbot_demoConfig-version.cmake
[0.624s] -- Symlinking: /home/benongnuel/dev_ws/install/mbot_demo/share/mbot_demo/package.xml
[0.634s] Invoked command in '/home/benongnuel/dev_ws/build/mbot_demo' returned '0': CMAKE_PREFIX_PATH=${CMAKE_PREFIX_PATH}:/home/benongnuel/dev_ws/install/uf_ros_lib:/home/benongnuel/dev_ws/install/my_gripper_scripts:/opt/ros/humble /usr/bin/cmake --install /home/benongnuel/dev_ws/build/mbot_demo
