[0.018s] Invoking command in '/home/benongnuel/dev_ws/build/xarm_planner': AMENT_PREFIX_PATH=/home/benongnuel/dev_ws/install/uf_ros_lib:/home/benongnuel/dev_ws/install/xarm_planner:/home/benongnuel/dev_ws/install/xarm_moveit_servo:/home/benongnuel/dev_ws/install/xarm_moveit_config:/home/benongnuel/dev_ws/install/xarm_gazebo:/home/benongnuel/dev_ws/install/xarm_controller:/home/benongnuel/dev_ws/install/d435i_xarm_setup:/home/benongnuel/dev_ws/install/xarm_api:/home/benongnuel/dev_ws/install/xarm_sdk:/home/benongnuel/dev_ws/install/xarm_msgs:/home/benongnuel/dev_ws/install/xarm_description:/home/benongnuel/dev_ws/install/realsense_gazebo_plugin:/home/benongnuel/dev_ws/install/my_gripper_scripts:/home/benongnuel/dev_ws/install/mbot_demo:/home/benongnuel/dev_ws/install/kdl_parser:/home/benongnuel/robo_ws/install/custom_3dof_arm:/opt/ros/humble CMAKE_PREFIX_PATH=/home/benongnuel/dev_ws/install/xarm_moveit_config:/home/benongnuel/dev_ws/install/xarm_gazebo:/home/benongnuel/dev_ws/install/xarm_controller:/home/benongnuel/dev_ws/install/xarm_api:/home/benongnuel/dev_ws/install/xarm_sdk:/home/benongnuel/dev_ws/install/xarm_msgs:/home/benongnuel/dev_ws/install/xarm_description:/home/benongnuel/dev_ws/install/xarm_planner:/home/benongnuel/dev_ws/install/xarm_moveit_servo:/home/benongnuel/dev_ws/install/d435i_xarm_setup:/home/benongnuel/dev_ws/install/realsense_gazebo_plugin:/home/benongnuel/dev_ws/install/mbot_demo:/home/benongnuel/dev_ws/install/kdl_parser:/home/benongnuel/robo_ws/install/custom_3dof_arm:/home/benongnuel/dev_ws/install/uf_ros_lib:/home/benongnuel/dev_ws/install/my_gripper_scripts:/opt/ros/humble LD_LIBRARY_PATH=/home/benongnuel/dev_ws/install/xarm_gazebo/lib:/home/benongnuel/dev_ws/install/xarm_controller/lib:/home/benongnuel/dev_ws/install/xarm_api/lib:/home/benongnuel/dev_ws/install/xarm_sdk/lib:/home/benongnuel/dev_ws/install/xarm_msgs/lib:/home/benongnuel/dev_ws/install/xarm_planner/lib:/home/benongnuel/dev_ws/install/xarm_moveit_servo/lib:/home/benongnuel/dev_ws/install/realsense_gazebo_plugin/lib:/home/benongnuel/dev_ws/install/kdl_parser/lib:/usr/lib/x86_64-linux-gnu/gazebo-11/plugins:/opt/ros/humble/opt/rviz_ogre_vendor/lib:/opt/ros/humble/lib/x86_64-linux-gnu:/opt/ros/humble/lib PYTHONPATH=/home/benongnuel/dev_ws/build/uf_ros_lib:/home/benongnuel/dev_ws/install/uf_ros_lib/lib/python3.10/site-packages:/home/benongnuel/dev_ws/install/xarm_msgs/local/lib/python3.10/dist-packages:/home/benongnuel/dev_ws/install/my_gripper_scripts/lib/python3.10/site-packages:/opt/ros/humble/lib/python3.10/site-packages:/opt/ros/humble/local/lib/python3.10/dist-packages /usr/bin/cmake /home/benongnuel/dev_ws/src/xarm_ros2/xarm_planner -DAMENT_CMAKE_SYMLINK_INSTALL=1 -DCMAKE_INSTALL_PREFIX=/home/benongnuel/dev_ws/install/xarm_planner
[0.029s] -- Found ament_cmake: 1.3.11 (/opt/ros/humble/share/ament_cmake/cmake)
[0.101s] -- Override CMake install command with custom implementation using symlinks instead of copying resources
[0.105s] -- Found moveit: 2.5.9 (/opt/ros/humble/share/moveit/cmake)
[0.105s] -- Found moveit_ros_planning_interface: 2.5.9 (/opt/ros/humble/share/moveit_ros_planning_interface/cmake)
[0.112s] -- Found Boost: /usr/lib/x86_64-linux-gnu/cmake/Boost-1.74.0/BoostConfig.cmake (found version "1.74.0") found components: date_time filesystem program_options system thread 
[0.128s] -- Found rosidl_generator_c: 3.1.6 (/opt/ros/humble/share/rosidl_generator_c/cmake)
[0.130s] -- Found rosidl_adapter: 3.1.6 (/opt/ros/humble/share/rosidl_adapter/cmake)
[0.133s] -- Found rosidl_generator_cpp: 3.1.6 (/opt/ros/humble/share/rosidl_generator_cpp/cmake)
[0.139s] -- Using all available rosidl_typesupport_c: rosidl_typesupport_fastrtps_c;rosidl_typesupport_introspection_c
[0.147s] -- Using all available rosidl_typesupport_cpp: rosidl_typesupport_fastrtps_cpp;rosidl_typesupport_introspection_cpp
[0.251s] -- Found Boost: /usr/lib/x86_64-linux-gnu/cmake/Boost-1.74.0/BoostConfig.cmake (found version "1.74.0") found components: chrono date_time filesystem iostreams program_options regex serialization system thread 
[0.267s] -- Found parameter_traits: 0.4.0 (/opt/ros/humble/share/parameter_traits/cmake)
[0.283s] -- Found rmw_implementation_cmake: 6.1.2 (/opt/ros/humble/share/rmw_implementation_cmake/cmake)
[0.284s] -- Found rmw_fastrtps_cpp: 6.2.7 (/opt/ros/humble/share/rmw_fastrtps_cpp/cmake)
[0.350s] -- Using RMW implementation 'rmw_fastrtps_cpp' as default
[0.375s] -- Found rclcpp_lifecycle: 16.0.12 (/opt/ros/humble/share/rclcpp_lifecycle/cmake)
[0.391s] -- Found Boost: /usr/lib/x86_64-linux-gnu/cmake/Boost-1.74.0/BoostConfig.cmake (found version "1.74.0") found components: filesystem 
[0.431s] -- library: /usr/lib/x86_64-linux-gnu/libcurl.so
[0.461s] -- Ensuring Eigen3 include directory is part of orocos-kdl CMake target
[0.524s] -- Found Boost: /usr/lib/x86_64-linux-gnu/cmake/Boost-1.74.0/BoostConfig.cmake (found version "1.74.0") found components: system filesystem date_time program_options thread chrono 
[0.541s] -- Found Boost: /usr/lib/x86_64-linux-gnu/cmake/Boost-1.74.0/BoostConfig.cmake (found version "1.74.0") found components: thread system filesystem regex date_time program_options 
[0.554s] -- Found Boost: /usr/lib/x86_64-linux-gnu/cmake/Boost-1.74.0/BoostConfig.cmake (found version "1.74.0") found components: system filesystem date_time program_options thread 
[0.571s] -- Found xarm_msgs: 0.0.0 (/home/benongnuel/dev_ws/install/xarm_msgs/share/xarm_msgs/cmake)
[0.598s] -- Found ament_lint_auto: 0.12.12 (/opt/ros/humble/share/ament_lint_auto/cmake)
[0.642s] -- Added test 'copyright' to check source files copyright and LICENSE
[0.643s] -- Added test 'cppcheck' to perform static code analysis on C / C++ code
[0.644s] -- Configured cppcheck include dirs: /home/benongnuel/dev_ws/src/xarm_ros2/xarm_planner/include
[0.644s] -- Configured cppcheck exclude dirs and/or files: 
[0.645s] -- Added test 'cpplint' to check C / C++ code against the Google style
[0.645s] -- Configured cpplint exclude dirs and/or files: 
[0.645s] -- Added test 'flake8' to check Python code syntax and style conventions
[0.645s] -- Added test 'lint_cmake' to check CMake code style
[0.645s] -- Added test 'pep257' to check Python code against some of the docstring style conventions in PEP 257
[0.646s] -- Added test 'uncrustify' to check C / C++ code style
[0.646s] -- Configured uncrustify additional arguments: 
[0.646s] -- Added test 'xmllint' to check XML markup files
[0.647s] -- Configuring done
[0.713s] -- Generating done
[0.737s] -- Build files have been written to: /home/benongnuel/dev_ws/build/xarm_planner
[0.746s] Invoked command in '/home/benongnuel/dev_ws/build/xarm_planner' returned '0': AMENT_PREFIX_PATH=/home/benongnuel/dev_ws/install/uf_ros_lib:/home/benongnuel/dev_ws/install/xarm_planner:/home/benongnuel/dev_ws/install/xarm_moveit_servo:/home/benongnuel/dev_ws/install/xarm_moveit_config:/home/benongnuel/dev_ws/install/xarm_gazebo:/home/benongnuel/dev_ws/install/xarm_controller:/home/benongnuel/dev_ws/install/d435i_xarm_setup:/home/benongnuel/dev_ws/install/xarm_api:/home/benongnuel/dev_ws/install/xarm_sdk:/home/benongnuel/dev_ws/install/xarm_msgs:/home/benongnuel/dev_ws/install/xarm_description:/home/benongnuel/dev_ws/install/realsense_gazebo_plugin:/home/benongnuel/dev_ws/install/my_gripper_scripts:/home/benongnuel/dev_ws/install/mbot_demo:/home/benongnuel/dev_ws/install/kdl_parser:/home/benongnuel/robo_ws/install/custom_3dof_arm:/opt/ros/humble CMAKE_PREFIX_PATH=/home/benongnuel/dev_ws/install/xarm_moveit_config:/home/benongnuel/dev_ws/install/xarm_gazebo:/home/benongnuel/dev_ws/install/xarm_controller:/home/benongnuel/dev_ws/install/xarm_api:/home/benongnuel/dev_ws/install/xarm_sdk:/home/benongnuel/dev_ws/install/xarm_msgs:/home/benongnuel/dev_ws/install/xarm_description:/home/benongnuel/dev_ws/install/xarm_planner:/home/benongnuel/dev_ws/install/xarm_moveit_servo:/home/benongnuel/dev_ws/install/d435i_xarm_setup:/home/benongnuel/dev_ws/install/realsense_gazebo_plugin:/home/benongnuel/dev_ws/install/mbot_demo:/home/benongnuel/dev_ws/install/kdl_parser:/home/benongnuel/robo_ws/install/custom_3dof_arm:/home/benongnuel/dev_ws/install/uf_ros_lib:/home/benongnuel/dev_ws/install/my_gripper_scripts:/opt/ros/humble LD_LIBRARY_PATH=/home/benongnuel/dev_ws/install/xarm_gazebo/lib:/home/benongnuel/dev_ws/install/xarm_controller/lib:/home/benongnuel/dev_ws/install/xarm_api/lib:/home/benongnuel/dev_ws/install/xarm_sdk/lib:/home/benongnuel/dev_ws/install/xarm_msgs/lib:/home/benongnuel/dev_ws/install/xarm_planner/lib:/home/benongnuel/dev_ws/install/xarm_moveit_servo/lib:/home/benongnuel/dev_ws/install/realsense_gazebo_plugin/lib:/home/benongnuel/dev_ws/install/kdl_parser/lib:/usr/lib/x86_64-linux-gnu/gazebo-11/plugins:/opt/ros/humble/opt/rviz_ogre_vendor/lib:/opt/ros/humble/lib/x86_64-linux-gnu:/opt/ros/humble/lib PYTHONPATH=/home/benongnuel/dev_ws/build/uf_ros_lib:/home/benongnuel/dev_ws/install/uf_ros_lib/lib/python3.10/site-packages:/home/benongnuel/dev_ws/install/xarm_msgs/local/lib/python3.10/dist-packages:/home/benongnuel/dev_ws/install/my_gripper_scripts/lib/python3.10/site-packages:/opt/ros/humble/lib/python3.10/site-packages:/opt/ros/humble/local/lib/python3.10/dist-packages /usr/bin/cmake /home/benongnuel/dev_ws/src/xarm_ros2/xarm_planner -DAMENT_CMAKE_SYMLINK_INSTALL=1 -DCMAKE_INSTALL_PREFIX=/home/benongnuel/dev_ws/install/xarm_planner
[0.747s] Invoking command in '/home/benongnuel/dev_ws/build/xarm_planner': AMENT_PREFIX_PATH=/home/benongnuel/dev_ws/install/uf_ros_lib:/home/benongnuel/dev_ws/install/xarm_planner:/home/benongnuel/dev_ws/install/xarm_moveit_servo:/home/benongnuel/dev_ws/install/xarm_moveit_config:/home/benongnuel/dev_ws/install/xarm_gazebo:/home/benongnuel/dev_ws/install/xarm_controller:/home/benongnuel/dev_ws/install/d435i_xarm_setup:/home/benongnuel/dev_ws/install/xarm_api:/home/benongnuel/dev_ws/install/xarm_sdk:/home/benongnuel/dev_ws/install/xarm_msgs:/home/benongnuel/dev_ws/install/xarm_description:/home/benongnuel/dev_ws/install/realsense_gazebo_plugin:/home/benongnuel/dev_ws/install/my_gripper_scripts:/home/benongnuel/dev_ws/install/mbot_demo:/home/benongnuel/dev_ws/install/kdl_parser:/home/benongnuel/robo_ws/install/custom_3dof_arm:/opt/ros/humble CMAKE_PREFIX_PATH=/home/benongnuel/dev_ws/install/xarm_moveit_config:/home/benongnuel/dev_ws/install/xarm_gazebo:/home/benongnuel/dev_ws/install/xarm_controller:/home/benongnuel/dev_ws/install/xarm_api:/home/benongnuel/dev_ws/install/xarm_sdk:/home/benongnuel/dev_ws/install/xarm_msgs:/home/benongnuel/dev_ws/install/xarm_description:/home/benongnuel/dev_ws/install/xarm_planner:/home/benongnuel/dev_ws/install/xarm_moveit_servo:/home/benongnuel/dev_ws/install/d435i_xarm_setup:/home/benongnuel/dev_ws/install/realsense_gazebo_plugin:/home/benongnuel/dev_ws/install/mbot_demo:/home/benongnuel/dev_ws/install/kdl_parser:/home/benongnuel/robo_ws/install/custom_3dof_arm:/home/benongnuel/dev_ws/install/uf_ros_lib:/home/benongnuel/dev_ws/install/my_gripper_scripts:/opt/ros/humble LD_LIBRARY_PATH=/home/benongnuel/dev_ws/install/xarm_gazebo/lib:/home/benongnuel/dev_ws/install/xarm_controller/lib:/home/benongnuel/dev_ws/install/xarm_api/lib:/home/benongnuel/dev_ws/install/xarm_sdk/lib:/home/benongnuel/dev_ws/install/xarm_msgs/lib:/home/benongnuel/dev_ws/install/xarm_planner/lib:/home/benongnuel/dev_ws/install/xarm_moveit_servo/lib:/home/benongnuel/dev_ws/install/realsense_gazebo_plugin/lib:/home/benongnuel/dev_ws/install/kdl_parser/lib:/usr/lib/x86_64-linux-gnu/gazebo-11/plugins:/opt/ros/humble/opt/rviz_ogre_vendor/lib:/opt/ros/humble/lib/x86_64-linux-gnu:/opt/ros/humble/lib PYTHONPATH=/home/benongnuel/dev_ws/build/uf_ros_lib:/home/benongnuel/dev_ws/install/uf_ros_lib/lib/python3.10/site-packages:/home/benongnuel/dev_ws/install/xarm_msgs/local/lib/python3.10/dist-packages:/home/benongnuel/dev_ws/install/my_gripper_scripts/lib/python3.10/site-packages:/opt/ros/humble/lib/python3.10/site-packages:/opt/ros/humble/local/lib/python3.10/dist-packages /usr/bin/cmake --build /home/benongnuel/dev_ws/build/xarm_planner -- -j16 -l16
[0.781s] [35m[1mConsolidate compiler generated dependencies of target test_xarm_gripper_planner_client_joint[0m
[0.781s] [35m[1mConsolidate compiler generated dependencies of target test_xarm_planner_client_pose[0m
[0.782s] [35m[1mConsolidate compiler generated dependencies of target test_xarm_planner_client_joint[0m
[0.783s] [35m[1mConsolidate compiler generated dependencies of target xarm_planner[0m
[0.784s] [35m[1mConsolidate compiler generated dependencies of target test_lite_gripper_realmove[0m
[0.793s] [  4%] [32m[1mLinking CXX executable test_xarm_planner_client_pose[0m
[0.793s] [  9%] [32m[1mLinking CXX executable test_xarm_gripper_planner_client_joint[0m
[0.796s] [ 13%] [32m[1mLinking CXX executable test_lite_gripper_realmove[0m
[0.796s] [ 18%] [32m[1mLinking CXX executable test_xarm_planner_client_joint[0m
[0.797s] [ 22%] [32m[1mLinking CXX shared library libxarm_planner.so[0m
[0.969s] [ 27%] Built target test_lite_gripper_realmove
[0.992s] [ 31%] Built target test_xarm_planner_client_pose
[0.997s] [ 36%] Built target test_xarm_planner_client_joint
[0.997s] [ 40%] Built target xarm_planner
[1.007s] [35m[1mConsolidate compiler generated dependencies of target test_xarm_gripper_planner_api_joint[0m
[1.007s] [35m[1mConsolidate compiler generated dependencies of target test_dual_xarm_planner_api_joint[0m
[1.009s] [35m[1mConsolidate compiler generated dependencies of target test_xarm_planner_api_pose[0m
[1.009s] [35m[1mConsolidate compiler generated dependencies of target test_xarm_planner_api_joint[0m
[1.010s] [35m[1mConsolidate compiler generated dependencies of target xarm_planner_node[0m
[1.010s] [35m[1mConsolidate compiler generated dependencies of target xarm_gripper_planner_node[0m
[1.025s] [ 50%] [32m[1mLinking CXX executable test_xarm_planner_api_joint[0m
[1.025s] [ 50%] [32m[1mLinking CXX executable test_dual_xarm_planner_api_joint[0m
[1.027s] [ 54%] [32m[1mLinking CXX executable test_xarm_gripper_planner_api_joint[0m
[1.030s] [ 63%] [32m[1mLinking CXX executable xarm_gripper_planner_node[0m
[1.031s] [ 63%] Built target test_xarm_gripper_planner_client_joint
[1.034s] [ 72%] [32m[1mLinking CXX executable xarm_planner_node[0m
[1.035s] [ 72%] [32m[1mLinking CXX executable test_xarm_planner_api_pose[0m
[1.307s] [ 77%] Built target test_dual_xarm_planner_api_joint
[1.316s] [ 81%] Built target test_xarm_gripper_planner_api_joint
[1.396s] [ 86%] Built target xarm_gripper_planner_node
[1.398s] [ 90%] Built target test_xarm_planner_api_pose
[1.402s] [ 95%] Built target test_xarm_planner_api_joint
[1.498s] [100%] Built target xarm_planner_node
[1.506s] Invoked command in '/home/benongnuel/dev_ws/build/xarm_planner' returned '0': AMENT_PREFIX_PATH=/home/benongnuel/dev_ws/install/uf_ros_lib:/home/benongnuel/dev_ws/install/xarm_planner:/home/benongnuel/dev_ws/install/xarm_moveit_servo:/home/benongnuel/dev_ws/install/xarm_moveit_config:/home/benongnuel/dev_ws/install/xarm_gazebo:/home/benongnuel/dev_ws/install/xarm_controller:/home/benongnuel/dev_ws/install/d435i_xarm_setup:/home/benongnuel/dev_ws/install/xarm_api:/home/benongnuel/dev_ws/install/xarm_sdk:/home/benongnuel/dev_ws/install/xarm_msgs:/home/benongnuel/dev_ws/install/xarm_description:/home/benongnuel/dev_ws/install/realsense_gazebo_plugin:/home/benongnuel/dev_ws/install/my_gripper_scripts:/home/benongnuel/dev_ws/install/mbot_demo:/home/benongnuel/dev_ws/install/kdl_parser:/home/benongnuel/robo_ws/install/custom_3dof_arm:/opt/ros/humble CMAKE_PREFIX_PATH=/home/benongnuel/dev_ws/install/xarm_moveit_config:/home/benongnuel/dev_ws/install/xarm_gazebo:/home/benongnuel/dev_ws/install/xarm_controller:/home/benongnuel/dev_ws/install/xarm_api:/home/benongnuel/dev_ws/install/xarm_sdk:/home/benongnuel/dev_ws/install/xarm_msgs:/home/benongnuel/dev_ws/install/xarm_description:/home/benongnuel/dev_ws/install/xarm_planner:/home/benongnuel/dev_ws/install/xarm_moveit_servo:/home/benongnuel/dev_ws/install/d435i_xarm_setup:/home/benongnuel/dev_ws/install/realsense_gazebo_plugin:/home/benongnuel/dev_ws/install/mbot_demo:/home/benongnuel/dev_ws/install/kdl_parser:/home/benongnuel/robo_ws/install/custom_3dof_arm:/home/benongnuel/dev_ws/install/uf_ros_lib:/home/benongnuel/dev_ws/install/my_gripper_scripts:/opt/ros/humble LD_LIBRARY_PATH=/home/benongnuel/dev_ws/install/xarm_gazebo/lib:/home/benongnuel/dev_ws/install/xarm_controller/lib:/home/benongnuel/dev_ws/install/xarm_api/lib:/home/benongnuel/dev_ws/install/xarm_sdk/lib:/home/benongnuel/dev_ws/install/xarm_msgs/lib:/home/benongnuel/dev_ws/install/xarm_planner/lib:/home/benongnuel/dev_ws/install/xarm_moveit_servo/lib:/home/benongnuel/dev_ws/install/realsense_gazebo_plugin/lib:/home/benongnuel/dev_ws/install/kdl_parser/lib:/usr/lib/x86_64-linux-gnu/gazebo-11/plugins:/opt/ros/humble/opt/rviz_ogre_vendor/lib:/opt/ros/humble/lib/x86_64-linux-gnu:/opt/ros/humble/lib PYTHONPATH=/home/benongnuel/dev_ws/build/uf_ros_lib:/home/benongnuel/dev_ws/install/uf_ros_lib/lib/python3.10/site-packages:/home/benongnuel/dev_ws/install/xarm_msgs/local/lib/python3.10/dist-packages:/home/benongnuel/dev_ws/install/my_gripper_scripts/lib/python3.10/site-packages:/opt/ros/humble/lib/python3.10/site-packages:/opt/ros/humble/local/lib/python3.10/dist-packages /usr/bin/cmake --build /home/benongnuel/dev_ws/build/xarm_planner -- -j16 -l16
[1.507s] Invoking command in '/home/benongnuel/dev_ws/build/xarm_planner': AMENT_PREFIX_PATH=/home/benongnuel/dev_ws/install/uf_ros_lib:/home/benongnuel/dev_ws/install/xarm_planner:/home/benongnuel/dev_ws/install/xarm_moveit_servo:/home/benongnuel/dev_ws/install/xarm_moveit_config:/home/benongnuel/dev_ws/install/xarm_gazebo:/home/benongnuel/dev_ws/install/xarm_controller:/home/benongnuel/dev_ws/install/d435i_xarm_setup:/home/benongnuel/dev_ws/install/xarm_api:/home/benongnuel/dev_ws/install/xarm_sdk:/home/benongnuel/dev_ws/install/xarm_msgs:/home/benongnuel/dev_ws/install/xarm_description:/home/benongnuel/dev_ws/install/realsense_gazebo_plugin:/home/benongnuel/dev_ws/install/my_gripper_scripts:/home/benongnuel/dev_ws/install/mbot_demo:/home/benongnuel/dev_ws/install/kdl_parser:/home/benongnuel/robo_ws/install/custom_3dof_arm:/opt/ros/humble CMAKE_PREFIX_PATH=/home/benongnuel/dev_ws/install/xarm_moveit_config:/home/benongnuel/dev_ws/install/xarm_gazebo:/home/benongnuel/dev_ws/install/xarm_controller:/home/benongnuel/dev_ws/install/xarm_api:/home/benongnuel/dev_ws/install/xarm_sdk:/home/benongnuel/dev_ws/install/xarm_msgs:/home/benongnuel/dev_ws/install/xarm_description:/home/benongnuel/dev_ws/install/xarm_planner:/home/benongnuel/dev_ws/install/xarm_moveit_servo:/home/benongnuel/dev_ws/install/d435i_xarm_setup:/home/benongnuel/dev_ws/install/realsense_gazebo_plugin:/home/benongnuel/dev_ws/install/mbot_demo:/home/benongnuel/dev_ws/install/kdl_parser:/home/benongnuel/robo_ws/install/custom_3dof_arm:/home/benongnuel/dev_ws/install/uf_ros_lib:/home/benongnuel/dev_ws/install/my_gripper_scripts:/opt/ros/humble LD_LIBRARY_PATH=/home/benongnuel/dev_ws/install/xarm_gazebo/lib:/home/benongnuel/dev_ws/install/xarm_controller/lib:/home/benongnuel/dev_ws/install/xarm_api/lib:/home/benongnuel/dev_ws/install/xarm_sdk/lib:/home/benongnuel/dev_ws/install/xarm_msgs/lib:/home/benongnuel/dev_ws/install/xarm_planner/lib:/home/benongnuel/dev_ws/install/xarm_moveit_servo/lib:/home/benongnuel/dev_ws/install/realsense_gazebo_plugin/lib:/home/benongnuel/dev_ws/install/kdl_parser/lib:/usr/lib/x86_64-linux-gnu/gazebo-11/plugins:/opt/ros/humble/opt/rviz_ogre_vendor/lib:/opt/ros/humble/lib/x86_64-linux-gnu:/opt/ros/humble/lib PYTHONPATH=/home/benongnuel/dev_ws/build/uf_ros_lib:/home/benongnuel/dev_ws/install/uf_ros_lib/lib/python3.10/site-packages:/home/benongnuel/dev_ws/install/xarm_msgs/local/lib/python3.10/dist-packages:/home/benongnuel/dev_ws/install/my_gripper_scripts/lib/python3.10/site-packages:/opt/ros/humble/lib/python3.10/site-packages:/opt/ros/humble/local/lib/python3.10/dist-packages /usr/bin/cmake --install /home/benongnuel/dev_ws/build/xarm_planner
[1.513s] -- Install configuration: ""
[1.513s] -- Execute custom install script
[1.513s] -- Symlinking: /home/benongnuel/dev_ws/install/xarm_planner/include/xarm_planner/xarm_planner.h
[1.519s] -- Symlinking: /home/benongnuel/dev_ws/install/xarm_planner/lib/libxarm_planner.so
[1.526s] -- Symlinking: /home/benongnuel/dev_ws/install/xarm_planner/lib/xarm_planner/xarm_planner_node
[1.531s] -- Symlinking: /home/benongnuel/dev_ws/install/xarm_planner/lib/xarm_planner/xarm_gripper_planner_node
[1.538s] -- Symlinking: /home/benongnuel/dev_ws/install/xarm_planner/lib/xarm_planner/test_xarm_planner_api_joint
[1.545s] -- Symlinking: /home/benongnuel/dev_ws/install/xarm_planner/lib/xarm_planner/test_dual_xarm_planner_api_joint
[1.553s] -- Symlinking: /home/benongnuel/dev_ws/install/xarm_planner/lib/xarm_planner/test_xarm_planner_api_pose
[1.560s] -- Symlinking: /home/benongnuel/dev_ws/install/xarm_planner/lib/xarm_planner/test_xarm_gripper_planner_api_joint
[1.566s] -- Symlinking: /home/benongnuel/dev_ws/install/xarm_planner/lib/xarm_planner/test_xarm_planner_client_joint
[1.571s] -- Symlinking: /home/benongnuel/dev_ws/install/xarm_planner/lib/xarm_planner/test_xarm_planner_client_pose
[1.578s] -- Symlinking: /home/benongnuel/dev_ws/install/xarm_planner/lib/xarm_planner/test_xarm_gripper_planner_client_joint
[1.584s] -- Symlinking: /home/benongnuel/dev_ws/install/xarm_planner/lib/xarm_planner/test_lite_gripper_realmove
[1.589s] -- Symlinking: /home/benongnuel/dev_ws/install/xarm_planner/share/xarm_planner//launch/_dual_robot_planner.launch.py
[1.595s] -- Symlinking: /home/benongnuel/dev_ws/install/xarm_planner/share/xarm_planner//launch/_robot_planner.launch.py
[1.599s] -- Symlinking: /home/benongnuel/dev_ws/install/xarm_planner/share/xarm_planner//launch/lite6_planner_fake.launch.py
[1.605s] -- Symlinking: /home/benongnuel/dev_ws/install/xarm_planner/share/xarm_planner//launch/lite6_planner_gazebo.launch.py
[1.612s] -- Symlinking: /home/benongnuel/dev_ws/install/xarm_planner/share/xarm_planner//launch/lite6_planner_realmove.launch.py
[1.619s] -- Symlinking: /home/benongnuel/dev_ws/install/xarm_planner/share/xarm_planner//launch/test_dual_xarm_planner_api_joint.launch.py
[1.626s] -- Symlinking: /home/benongnuel/dev_ws/install/xarm_planner/share/xarm_planner//launch/test_lite_gripper_realmove.launch.py
[1.631s] -- Symlinking: /home/benongnuel/dev_ws/install/xarm_planner/share/xarm_planner//launch/test_move_group.launch.py
[1.638s] -- Symlinking: /home/benongnuel/dev_ws/install/xarm_planner/share/xarm_planner//launch/test_xarm_gripper_planner_api_joint.launch.py
[1.645s] -- Symlinking: /home/benongnuel/dev_ws/install/xarm_planner/share/xarm_planner//launch/test_xarm_gripper_planner_client_joint.launch.py
[1.650s] -- Symlinking: /home/benongnuel/dev_ws/install/xarm_planner/share/xarm_planner//launch/test_xarm_planner_api_joint.launch.py
[1.655s] -- Symlinking: /home/benongnuel/dev_ws/install/xarm_planner/share/xarm_planner//launch/test_xarm_planner_api_pose.launch.py
[1.662s] -- Symlinking: /home/benongnuel/dev_ws/install/xarm_planner/share/xarm_planner//launch/test_xarm_planner_client_joint.launch.py
[1.668s] -- Symlinking: /home/benongnuel/dev_ws/install/xarm_planner/share/xarm_planner//launch/test_xarm_planner_client_pose.launch.py
[1.673s] -- Symlinking: /home/benongnuel/dev_ws/install/xarm_planner/share/xarm_planner//launch/uf850_planner_fake.launch.py
[1.678s] -- Symlinking: /home/benongnuel/dev_ws/install/xarm_planner/share/xarm_planner//launch/uf850_planner_gazebo.launch.py
[1.685s] -- Symlinking: /home/benongnuel/dev_ws/install/xarm_planner/share/xarm_planner//launch/uf850_planner_realmove.launch.py
[1.693s] -- Symlinking: /home/benongnuel/dev_ws/install/xarm_planner/share/xarm_planner//launch/xarm5_planner_fake.launch.py
[1.699s] -- Symlinking: /home/benongnuel/dev_ws/install/xarm_planner/share/xarm_planner//launch/xarm5_planner_gazebo.launch.py
[1.707s] -- Symlinking: /home/benongnuel/dev_ws/install/xarm_planner/share/xarm_planner//launch/xarm5_planner_realmove.launch.py
[1.713s] -- Symlinking: /home/benongnuel/dev_ws/install/xarm_planner/share/xarm_planner//launch/xarm6_planner_fake.launch.py
[1.720s] -- Symlinking: /home/benongnuel/dev_ws/install/xarm_planner/share/xarm_planner//launch/xarm6_planner_gazebo.launch.py
[1.726s] -- Symlinking: /home/benongnuel/dev_ws/install/xarm_planner/share/xarm_planner//launch/xarm6_planner_realmove.launch.py
[1.732s] -- Symlinking: /home/benongnuel/dev_ws/install/xarm_planner/share/xarm_planner//launch/xarm7_mirror_planner_fake.launch.py
[1.737s] -- Symlinking: /home/benongnuel/dev_ws/install/xarm_planner/share/xarm_planner//launch/xarm7_mirror_planner_gazebo.launch.py
[1.744s] -- Symlinking: /home/benongnuel/dev_ws/install/xarm_planner/share/xarm_planner//launch/xarm7_mirror_planner_realmove.launch.py
[1.750s] -- Symlinking: /home/benongnuel/dev_ws/install/xarm_planner/share/xarm_planner//launch/xarm7_planner_fake.launch.py
[1.758s] -- Symlinking: /home/benongnuel/dev_ws/install/xarm_planner/share/xarm_planner//launch/xarm7_planner_gazebo.launch.py
[1.765s] -- Symlinking: /home/benongnuel/dev_ws/install/xarm_planner/share/xarm_planner//launch/xarm7_planner_realmove.launch.py
[1.770s] -- Symlinking: /home/benongnuel/dev_ws/install/xarm_planner/share/ament_index/resource_index/package_run_dependencies/xarm_planner
[1.777s] -- Symlinking: /home/benongnuel/dev_ws/install/xarm_planner/share/ament_index/resource_index/parent_prefix_path/xarm_planner
[1.782s] -- Symlinking: /home/benongnuel/dev_ws/install/xarm_planner/share/xarm_planner/environment/ament_prefix_path.sh
[1.790s] -- Symlinking: /home/benongnuel/dev_ws/install/xarm_planner/share/xarm_planner/environment/ament_prefix_path.dsv
[1.798s] -- Symlinking: /home/benongnuel/dev_ws/install/xarm_planner/share/xarm_planner/environment/path.sh
[1.803s] -- Symlinking: /home/benongnuel/dev_ws/install/xarm_planner/share/xarm_planner/environment/path.dsv
[1.810s] -- Symlinking: /home/benongnuel/dev_ws/install/xarm_planner/share/xarm_planner/local_setup.bash
[1.815s] -- Symlinking: /home/benongnuel/dev_ws/install/xarm_planner/share/xarm_planner/local_setup.sh
[1.820s] -- Symlinking: /home/benongnuel/dev_ws/install/xarm_planner/share/xarm_planner/local_setup.zsh
[1.824s] -- Symlinking: /home/benongnuel/dev_ws/install/xarm_planner/share/xarm_planner/local_setup.dsv
[1.830s] -- Symlinking: /home/benongnuel/dev_ws/install/xarm_planner/share/xarm_planner/package.dsv
[1.835s] -- Symlinking: /home/benongnuel/dev_ws/install/xarm_planner/share/ament_index/resource_index/packages/xarm_planner
[1.843s] -- Symlinking: /home/benongnuel/dev_ws/install/xarm_planner/share/xarm_planner/cmake/xarm_plannerConfig.cmake
[1.850s] -- Symlinking: /home/benongnuel/dev_ws/install/xarm_planner/share/xarm_planner/cmake/xarm_plannerConfig-version.cmake
[1.857s] -- Symlinking: /home/benongnuel/dev_ws/install/xarm_planner/share/xarm_planner/package.xml
[1.864s] Invoked command in '/home/benongnuel/dev_ws/build/xarm_planner' returned '0': AMENT_PREFIX_PATH=/home/benongnuel/dev_ws/install/uf_ros_lib:/home/benongnuel/dev_ws/install/xarm_planner:/home/benongnuel/dev_ws/install/xarm_moveit_servo:/home/benongnuel/dev_ws/install/xarm_moveit_config:/home/benongnuel/dev_ws/install/xarm_gazebo:/home/benongnuel/dev_ws/install/xarm_controller:/home/benongnuel/dev_ws/install/d435i_xarm_setup:/home/benongnuel/dev_ws/install/xarm_api:/home/benongnuel/dev_ws/install/xarm_sdk:/home/benongnuel/dev_ws/install/xarm_msgs:/home/benongnuel/dev_ws/install/xarm_description:/home/benongnuel/dev_ws/install/realsense_gazebo_plugin:/home/benongnuel/dev_ws/install/my_gripper_scripts:/home/benongnuel/dev_ws/install/mbot_demo:/home/benongnuel/dev_ws/install/kdl_parser:/home/benongnuel/robo_ws/install/custom_3dof_arm:/opt/ros/humble CMAKE_PREFIX_PATH=/home/benongnuel/dev_ws/install/xarm_moveit_config:/home/benongnuel/dev_ws/install/xarm_gazebo:/home/benongnuel/dev_ws/install/xarm_controller:/home/benongnuel/dev_ws/install/xarm_api:/home/benongnuel/dev_ws/install/xarm_sdk:/home/benongnuel/dev_ws/install/xarm_msgs:/home/benongnuel/dev_ws/install/xarm_description:/home/benongnuel/dev_ws/install/xarm_planner:/home/benongnuel/dev_ws/install/xarm_moveit_servo:/home/benongnuel/dev_ws/install/d435i_xarm_setup:/home/benongnuel/dev_ws/install/realsense_gazebo_plugin:/home/benongnuel/dev_ws/install/mbot_demo:/home/benongnuel/dev_ws/install/kdl_parser:/home/benongnuel/robo_ws/install/custom_3dof_arm:/home/benongnuel/dev_ws/install/uf_ros_lib:/home/benongnuel/dev_ws/install/my_gripper_scripts:/opt/ros/humble LD_LIBRARY_PATH=/home/benongnuel/dev_ws/install/xarm_gazebo/lib:/home/benongnuel/dev_ws/install/xarm_controller/lib:/home/benongnuel/dev_ws/install/xarm_api/lib:/home/benongnuel/dev_ws/install/xarm_sdk/lib:/home/benongnuel/dev_ws/install/xarm_msgs/lib:/home/benongnuel/dev_ws/install/xarm_planner/lib:/home/benongnuel/dev_ws/install/xarm_moveit_servo/lib:/home/benongnuel/dev_ws/install/realsense_gazebo_plugin/lib:/home/benongnuel/dev_ws/install/kdl_parser/lib:/usr/lib/x86_64-linux-gnu/gazebo-11/plugins:/opt/ros/humble/opt/rviz_ogre_vendor/lib:/opt/ros/humble/lib/x86_64-linux-gnu:/opt/ros/humble/lib PYTHONPATH=/home/benongnuel/dev_ws/build/uf_ros_lib:/home/benongnuel/dev_ws/install/uf_ros_lib/lib/python3.10/site-packages:/home/benongnuel/dev_ws/install/xarm_msgs/local/lib/python3.10/dist-packages:/home/benongnuel/dev_ws/install/my_gripper_scripts/lib/python3.10/site-packages:/opt/ros/humble/lib/python3.10/site-packages:/opt/ros/humble/local/lib/python3.10/dist-packages /usr/bin/cmake --install /home/benongnuel/dev_ws/build/xarm_planner
