[0.018s] Invoking command in '/home/benongnuel/dev_ws/build/xarm_sdk': CMAKE_PREFIX_PATH=${CMAKE_PREFIX_PATH}:/opt/ros/humble /usr/bin/cmake /home/benongnuel/dev_ws/src/xarm_ros2/xarm_sdk -DCMAKE_INSTALL_PREFIX=/home/benongnuel/dev_ws/install/xarm_sdk
[0.337s] -- The C compiler identification is GNU 11.4.0
[0.337s] -- The CXX compiler identification is GNU 11.4.0
[0.337s] -- Detecting C compiler ABI info
[0.337s] -- Detecting C compiler ABI info - done
[0.337s] -- Check for working C compiler: /usr/bin/cc - skipped
[0.337s] -- Detecting C compile features
[0.337s] -- Detecting C compile features - done
[0.337s] -- Detecting CXX compiler ABI info
[0.376s] -- Detecting CXX compiler ABI info - done
[0.384s] -- Check for working CXX compiler: /usr/bin/c++ - skipped
[0.385s] -- Detecting CXX compile features
[0.385s] -- Detecting CXX compile features - done
[0.388s] -- Found ament_cmake: 1.3.11 (/opt/ros/humble/share/ament_cmake/cmake)
[0.531s] -- Found Python3: /usr/bin/python3 (found version "3.10.12") found components: Interpreter 
[0.597s] -- Found ament_lint_auto: 0.12.12 (/opt/ros/humble/share/ament_lint_auto/cmake)
[0.662s] -- Added test 'copyright' to check source files copyright and LICENSE
[0.675s] -- Added test 'cppcheck' to perform static code analysis on C / C++ code
[0.675s] -- Configured cppcheck include dirs: /home/benongnuel/dev_ws/src/xarm_ros2/xarm_sdk/cxx/include
[0.676s] -- Configured cppcheck exclude dirs and/or files: 
[0.688s] -- Added test 'cpplint' to check C / C++ code against the Google style
[0.688s] -- Configured cpplint exclude dirs and/or files: 
[0.693s] -- Added test 'lint_cmake' to check CMake code style
[0.708s] -- Added test 'uncrustify' to check C / C++ code style
[0.708s] -- Configured uncrustify additional arguments: 
[0.711s] -- Added test 'xmllint' to check XML markup files
[0.713s] -- Configuring done
[0.722s] -- Generating done
[0.725s] -- Build files have been written to: /home/benongnuel/dev_ws/build/xarm_sdk
[0.731s] Invoked command in '/home/benongnuel/dev_ws/build/xarm_sdk' returned '0': CMAKE_PREFIX_PATH=${CMAKE_PREFIX_PATH}:/opt/ros/humble /usr/bin/cmake /home/benongnuel/dev_ws/src/xarm_ros2/xarm_sdk -DCMAKE_INSTALL_PREFIX=/home/benongnuel/dev_ws/install/xarm_sdk
[0.734s] Invoking command in '/home/benongnuel/dev_ws/build/xarm_sdk': CMAKE_PREFIX_PATH=${CMAKE_PREFIX_PATH}:/opt/ros/humble /usr/bin/cmake --build /home/benongnuel/dev_ws/build/xarm_sdk -- -j16 -l16
[0.786s] [  3%] [32mBuilding CXX object CMakeFiles/xarm_cxx_sdk.dir/cxx/src/serial/impl/list_ports/list_ports_linux.cc.o[0m
[0.786s] [  6%] [32mBuilding CXX object CMakeFiles/xarm_cxx_sdk.dir/cxx/src/serial/serial.cc.o[0m
[0.786s] [ 15%] [32mBuilding CXX object CMakeFiles/xarm_cxx_sdk.dir/cxx/src/xarm/core/instruction/uxbus_cmd.cc.o[0m
[0.786s] [  9%] [32mBuilding CXX object CMakeFiles/xarm_cxx_sdk.dir/cxx/src/serial/impl/list_ports/list_ports_win.cc.o[0m
[0.786s] [ 18%] [32mBuilding CXX object CMakeFiles/xarm_cxx_sdk.dir/cxx/src/xarm/core/debug/debug_print.cc.o[0m
[0.786s] [ 12%] [32mBuilding CXX object CMakeFiles/xarm_cxx_sdk.dir/cxx/src/serial/impl/unix.cc.o[0m
[0.786s] [ 25%] [32mBuilding CXX object CMakeFiles/xarm_cxx_sdk.dir/cxx/src/serial/impl/win.cc.o[0m
[0.786s] [ 25%] [32mBuilding CXX object CMakeFiles/xarm_cxx_sdk.dir/cxx/src/xarm/core/common/crc16.cc.o[0m
[0.786s] [ 28%] [32mBuilding CXX object CMakeFiles/xarm_cxx_sdk.dir/cxx/src/serial/impl/list_ports/list_ports_osx.cc.o[0m
[0.786s] [ 31%] [32mBuilding CXX object CMakeFiles/xarm_cxx_sdk.dir/cxx/src/xarm/core/connect.cc.o[0m
[0.787s] [ 37%] [32mBuilding CXX object CMakeFiles/xarm_cxx_sdk.dir/cxx/src/xarm/core/instruction/uxbus_cmd_ser.cc.o[0m
[0.788s] [ 37%] [32mBuilding CXX object CMakeFiles/xarm_cxx_sdk.dir/cxx/src/xarm/core/common/queue_memcpy.cc.o[0m
[0.795s] [ 40%] [32mBuilding CXX object CMakeFiles/xarm_cxx_sdk.dir/cxx/src/xarm/core/instruction/uxbus_cmd_tcp.cc.o[0m
[0.795s] [ 43%] [32mBuilding CXX object CMakeFiles/xarm_cxx_sdk.dir/cxx/src/xarm/core/os/network.cc.o[0m
[0.813s] [ 46%] [32mBuilding CXX object CMakeFiles/xarm_cxx_sdk.dir/cxx/src/xarm/core/port/socket.cc.o[0m
[0.813s] [ 50%] [32mBuilding CXX object CMakeFiles/xarm_cxx_sdk.dir/cxx/src/xarm/core/port/ser.cc.o[0m
[0.818s] [ 53%] [32mBuilding CXX object CMakeFiles/xarm_cxx_sdk.dir/cxx/src/xarm/core/report_data.cc.o[0m
[0.826s] [ 56%] [32mBuilding CXX object CMakeFiles/xarm_cxx_sdk.dir/cxx/src/xarm/wrapper/xarm_bio.cc.o[0m
[0.827s] [ 59%] [32mBuilding CXX object CMakeFiles/xarm_cxx_sdk.dir/cxx/src/xarm/wrapper/xarm_api.cc.o[0m
[0.860s] [ 62%] [32mBuilding CXX object CMakeFiles/xarm_cxx_sdk.dir/cxx/src/xarm/wrapper/xarm_events.cc.o[0m
[0.887s] [ 65%] [32mBuilding CXX object CMakeFiles/xarm_cxx_sdk.dir/cxx/src/xarm/wrapper/xarm_ft_sensor.cc.o[0m
[1.300s] [ 68%] [32mBuilding CXX object CMakeFiles/xarm_cxx_sdk.dir/cxx/src/xarm/wrapper/xarm_gpio.cc.o[0m
[1.393s] [ 71%] [32mBuilding CXX object CMakeFiles/xarm_cxx_sdk.dir/cxx/src/xarm/wrapper/xarm_gripper.cc.o[0m
[1.425s] [ 75%] [32mBuilding CXX object CMakeFiles/xarm_cxx_sdk.dir/cxx/src/xarm/wrapper/xarm_modbus_tcp.cc.o[0m
[1.444s] [ 78%] [32mBuilding CXX object CMakeFiles/xarm_cxx_sdk.dir/cxx/src/xarm/wrapper/xarm_motion.cc.o[0m
[1.452s] [ 81%] [32mBuilding CXX object CMakeFiles/xarm_cxx_sdk.dir/cxx/src/xarm/wrapper/xarm_params.cc.o[0m
[1.550s] [ 84%] [32mBuilding CXX object CMakeFiles/xarm_cxx_sdk.dir/cxx/src/xarm/wrapper/xarm_record.cc.o[0m
[1.587s] [ 87%] [32mBuilding CXX object CMakeFiles/xarm_cxx_sdk.dir/cxx/src/xarm/wrapper/xarm_report.cc.o[0m
[1.591s] [ 90%] [32mBuilding CXX object CMakeFiles/xarm_cxx_sdk.dir/cxx/src/xarm/wrapper/xarm_robotiq.cc.o[0m
[1.609s] [ 93%] [32mBuilding CXX object CMakeFiles/xarm_cxx_sdk.dir/cxx/src/xarm/wrapper/xarm_servo.cc.o[0m
[1.855s] [ 96%] [32mBuilding CXX object CMakeFiles/xarm_cxx_sdk.dir/cxx/src/xarm/wrapper/xarm_track.cc.o[0m
[4.294s] [100%] [32m[1mLinking CXX shared library libxarm_cxx_sdk.so[0m
[4.479s] [100%] Built target xarm_cxx_sdk
[4.491s] Invoked command in '/home/benongnuel/dev_ws/build/xarm_sdk' returned '0': CMAKE_PREFIX_PATH=${CMAKE_PREFIX_PATH}:/opt/ros/humble /usr/bin/cmake --build /home/benongnuel/dev_ws/build/xarm_sdk -- -j16 -l16
[4.493s] Invoking command in '/home/benongnuel/dev_ws/build/xarm_sdk': CMAKE_PREFIX_PATH=${CMAKE_PREFIX_PATH}:/opt/ros/humble /usr/bin/cmake --install /home/benongnuel/dev_ws/build/xarm_sdk
[4.503s] -- Install configuration: ""
[4.503s] -- Installing: /home/benongnuel/dev_ws/install/xarm_sdk/share/xarm_sdk/environment/library_path.sh
[4.503s] -- Installing: /home/benongnuel/dev_ws/install/xarm_sdk/share/xarm_sdk/environment/library_path.dsv
[4.503s] -- Installing: /home/benongnuel/dev_ws/install/xarm_sdk/cxx/include
[4.503s] -- Installing: /home/benongnuel/dev_ws/install/xarm_sdk/cxx/include/serial
[4.503s] -- Installing: /home/benongnuel/dev_ws/install/xarm_sdk/cxx/include/serial/v8stdint.h
[4.504s] -- Installing: /home/benongnuel/dev_ws/install/xarm_sdk/cxx/include/serial/serial.h
[4.504s] -- Installing: /home/benongnuel/dev_ws/install/xarm_sdk/cxx/include/serial/impl
[4.504s] -- Installing: /home/benongnuel/dev_ws/install/xarm_sdk/cxx/include/serial/impl/unix.h
[4.504s] -- Installing: /home/benongnuel/dev_ws/install/xarm_sdk/cxx/include/serial/impl/win.h
[4.504s] -- Installing: /home/benongnuel/dev_ws/install/xarm_sdk/cxx/include/xarm
[4.504s] -- Installing: /home/benongnuel/dev_ws/install/xarm_sdk/cxx/include/xarm/core
[4.504s] -- Installing: /home/benongnuel/dev_ws/install/xarm_sdk/cxx/include/xarm/core/instruction
[4.504s] -- Installing: /home/benongnuel/dev_ws/install/xarm_sdk/cxx/include/xarm/core/instruction/uxbus_cmd_tcp.h
[4.504s] -- Installing: /home/benongnuel/dev_ws/install/xarm_sdk/cxx/include/xarm/core/instruction/uxbus_cmd_ser.h
[4.504s] -- Installing: /home/benongnuel/dev_ws/install/xarm_sdk/cxx/include/xarm/core/instruction/uxbus_cmd_config.h
[4.504s] -- Installing: /home/benongnuel/dev_ws/install/xarm_sdk/cxx/include/xarm/core/instruction/uxbus_cmd.h
[4.505s] -- Installing: /home/benongnuel/dev_ws/install/xarm_sdk/cxx/include/xarm/core/instruction/servo3_config.h
[4.505s] -- Installing: /home/benongnuel/dev_ws/install/xarm_sdk/cxx/include/xarm/core/debug
[4.505s] -- Installing: /home/benongnuel/dev_ws/install/xarm_sdk/cxx/include/xarm/core/debug/debug_print.h
[4.505s] -- Installing: /home/benongnuel/dev_ws/install/xarm_sdk/cxx/include/xarm/core/common
[4.505s] -- Installing: /home/benongnuel/dev_ws/install/xarm_sdk/cxx/include/xarm/core/common/crc16.h
[4.505s] -- Installing: /home/benongnuel/dev_ws/install/xarm_sdk/cxx/include/xarm/core/common/data_type.h
[4.505s] -- Installing: /home/benongnuel/dev_ws/install/xarm_sdk/cxx/include/xarm/core/common/queue_memcpy.h
[4.505s] -- Installing: /home/benongnuel/dev_ws/install/xarm_sdk/cxx/include/xarm/core/port
[4.505s] -- Installing: /home/benongnuel/dev_ws/install/xarm_sdk/cxx/include/xarm/core/port/ser.h
[4.505s] -- Installing: /home/benongnuel/dev_ws/install/xarm_sdk/cxx/include/xarm/core/port/socket.h
[4.506s] -- Installing: /home/benongnuel/dev_ws/install/xarm_sdk/cxx/include/xarm/core/connect.h
[4.506s] -- Installing: /home/benongnuel/dev_ws/install/xarm_sdk/cxx/include/xarm/core/report_data.h
[4.506s] -- Installing: /home/benongnuel/dev_ws/install/xarm_sdk/cxx/include/xarm/core/xarm_config.h
[4.506s] -- Installing: /home/benongnuel/dev_ws/install/xarm_sdk/cxx/include/xarm/core/os
[4.506s] -- Installing: /home/benongnuel/dev_ws/install/xarm_sdk/cxx/include/xarm/core/os/bak
[4.506s] -- Installing: /home/benongnuel/dev_ws/install/xarm_sdk/cxx/include/xarm/core/os/bak/thread.h
[4.506s] -- Installing: /home/benongnuel/dev_ws/install/xarm_sdk/cxx/include/xarm/core/os/network.h
[4.506s] -- Installing: /home/benongnuel/dev_ws/install/xarm_sdk/cxx/include/xarm/wrapper
[4.506s] -- Installing: /home/benongnuel/dev_ws/install/xarm_sdk/cxx/include/xarm/wrapper/common
[4.506s] -- Installing: /home/benongnuel/dev_ws/install/xarm_sdk/cxx/include/xarm/wrapper/common/timer.h
[4.507s] -- Installing: /home/benongnuel/dev_ws/install/xarm_sdk/cxx/include/xarm/wrapper/common/utils.h
[4.507s] -- Installing: /home/benongnuel/dev_ws/install/xarm_sdk/cxx/include/xarm/wrapper/xarm_api.h
[4.507s] -- Installing: /home/benongnuel/dev_ws/install/xarm_sdk/lib/libxarm_cxx_sdk.so
[4.511s] -- Installing: /home/benongnuel/dev_ws/install/xarm_sdk/share/ament_index/resource_index/package_run_dependencies/xarm_sdk
[4.511s] -- Installing: /home/benongnuel/dev_ws/install/xarm_sdk/share/ament_index/resource_index/parent_prefix_path/xarm_sdk
[4.511s] -- Installing: /home/benongnuel/dev_ws/install/xarm_sdk/share/xarm_sdk/environment/ament_prefix_path.sh
[4.511s] -- Installing: /home/benongnuel/dev_ws/install/xarm_sdk/share/xarm_sdk/environment/ament_prefix_path.dsv
[4.511s] -- Installing: /home/benongnuel/dev_ws/install/xarm_sdk/share/xarm_sdk/environment/path.sh
[4.511s] -- Installing: /home/benongnuel/dev_ws/install/xarm_sdk/share/xarm_sdk/environment/path.dsv
[4.511s] -- Installing: /home/benongnuel/dev_ws/install/xarm_sdk/share/xarm_sdk/local_setup.bash
[4.511s] -- Installing: /home/benongnuel/dev_ws/install/xarm_sdk/share/xarm_sdk/local_setup.sh
[4.511s] -- Installing: /home/benongnuel/dev_ws/install/xarm_sdk/share/xarm_sdk/local_setup.zsh
[4.511s] -- Installing: /home/benongnuel/dev_ws/install/xarm_sdk/share/xarm_sdk/local_setup.dsv
[4.512s] -- Installing: /home/benongnuel/dev_ws/install/xarm_sdk/share/xarm_sdk/package.dsv
[4.512s] -- Installing: /home/benongnuel/dev_ws/install/xarm_sdk/share/ament_index/resource_index/packages/xarm_sdk
[4.512s] -- Installing: /home/benongnuel/dev_ws/install/xarm_sdk/share/xarm_sdk/cmake/ament_cmake_export_libraries-extras.cmake
[4.512s] -- Installing: /home/benongnuel/dev_ws/install/xarm_sdk/share/xarm_sdk/cmake/ament_cmake_export_include_directories-extras.cmake
[4.512s] -- Installing: /home/benongnuel/dev_ws/install/xarm_sdk/share/xarm_sdk/cmake/xarm_sdkConfig.cmake
[4.512s] -- Installing: /home/benongnuel/dev_ws/install/xarm_sdk/share/xarm_sdk/cmake/xarm_sdkConfig-version.cmake
[4.512s] -- Installing: /home/benongnuel/dev_ws/install/xarm_sdk/share/xarm_sdk/package.xml
[4.514s] Invoked command in '/home/benongnuel/dev_ws/build/xarm_sdk' returned '0': CMAKE_PREFIX_PATH=${CMAKE_PREFIX_PATH}:/opt/ros/humble /usr/bin/cmake --install /home/benongnuel/dev_ws/build/xarm_sdk
