[0.579s] Invoking command in '/home/benongnuel/dev_ws/my_gripper_scripts': PYTHONPATH=/home/benongnuel/dev_ws/build/my_gripper_scripts/prefix_override:/usr/lib/python3/dist-packages/colcon_core/task/python/colcon_distutils_commands:/home/benongnuel/dev_ws/install/my_gripper_scripts/lib/python3.10/site-packages:${PYTHONPATH} /usr/bin/python3 -W ignore:setup.py install is deprecated -W ignore:easy_install command is deprecated setup.py egg_info --egg-base ../build/my_gripper_scripts build --build-base /home/benongnuel/dev_ws/build/my_gripper_scripts/build install --record /home/benongnuel/dev_ws/build/my_gripper_scripts/install.log --single-version-externally-managed install_data
[0.737s] running egg_info
[0.737s] writing ../build/my_gripper_scripts/my_gripper_scripts.egg-info/PKG-INFO
[0.738s] writing dependency_links to ../build/my_gripper_scripts/my_gripper_scripts.egg-info/dependency_links.txt
[0.738s] writing entry points to ../build/my_gripper_scripts/my_gripper_scripts.egg-info/entry_points.txt
[0.738s] writing requirements to ../build/my_gripper_scripts/my_gripper_scripts.egg-info/requires.txt
[0.738s] writing top-level names to ../build/my_gripper_scripts/my_gripper_scripts.egg-info/top_level.txt
[0.739s] reading manifest file '../build/my_gripper_scripts/my_gripper_scripts.egg-info/SOURCES.txt'
[0.739s] writing manifest file '../build/my_gripper_scripts/my_gripper_scripts.egg-info/SOURCES.txt'
[0.739s] running build
[0.739s] running build_py
[0.739s] running install
[0.739s] running install_lib
[0.740s] running install_data
[0.740s] running install_egg_info
[0.741s] removing '/home/benongnuel/dev_ws/install/my_gripper_scripts/lib/python3.10/site-packages/my_gripper_scripts-0.0.0-py3.10.egg-info' (and everything under it)
[0.741s] Copying ../build/my_gripper_scripts/my_gripper_scripts.egg-info to /home/benongnuel/dev_ws/install/my_gripper_scripts/lib/python3.10/site-packages/my_gripper_scripts-0.0.0-py3.10.egg-info
[0.742s] running install_scripts
[0.755s] writing list of installed files to '/home/benongnuel/dev_ws/build/my_gripper_scripts/install.log'
[0.772s] Invoked command in '/home/benongnuel/dev_ws/my_gripper_scripts' returned '0': PYTHONPATH=/home/benongnuel/dev_ws/build/my_gripper_scripts/prefix_override:/usr/lib/python3/dist-packages/colcon_core/task/python/colcon_distutils_commands:/home/benongnuel/dev_ws/install/my_gripper_scripts/lib/python3.10/site-packages:${PYTHONPATH} /usr/bin/python3 -W ignore:setup.py install is deprecated -W ignore:easy_install command is deprecated setup.py egg_info --egg-base ../build/my_gripper_scripts build --build-base /home/benongnuel/dev_ws/build/my_gripper_scripts/build install --record /home/benongnuel/dev_ws/build/my_gripper_scripts/install.log --single-version-externally-managed install_data
