[0.163s] Invoking command in '/home/benongnuel/dev_ws/build/kdl_parser': CMAKE_PREFIX_PATH=${CMAKE_PREFIX_PATH}:/home/benongnuel/dev_ws/install/uf_ros_lib:/home/benongnuel/dev_ws/install/my_gripper_scripts:/opt/ros/humble /usr/bin/cmake --build /home/benongnuel/dev_ws/build/kdl_parser -- -j16 -l16
[0.328s] [100%] Built target kdl_parser
[0.335s] Invoked command in '/home/benongnuel/dev_ws/build/kdl_parser' returned '0': CMAKE_PREFIX_PATH=${CMAKE_PREFIX_PATH}:/home/benongnuel/dev_ws/install/uf_ros_lib:/home/benongnuel/dev_ws/install/my_gripper_scripts:/opt/ros/humble /usr/bin/cmake --build /home/benongnuel/dev_ws/build/kdl_parser -- -j16 -l16
[0.336s] Invoking command in '/home/benongnuel/dev_ws/build/kdl_parser': CMAKE_PREFIX_PATH=${CMAKE_PREFIX_PATH}:/home/benongnuel/dev_ws/install/uf_ros_lib:/home/benongnuel/dev_ws/install/my_gripper_scripts:/opt/ros/humble /usr/bin/cmake --install /home/benongnuel/dev_ws/build/kdl_parser
[0.364s] -- Install configuration: ""
[0.364s] -- Execute custom install script
[0.365s] -- Up-to-date symlink: /home/benongnuel/dev_ws/install/kdl_parser/include/kdl_parser/kdl_parser/kdl_parser.hpp
[0.365s] -- Up-to-date symlink: /home/benongnuel/dev_ws/install/kdl_parser/include/kdl_parser/kdl_parser/visibility_control.hpp
[0.365s] -- Up-to-date symlink: /home/benongnuel/dev_ws/install/kdl_parser/share/ament_index/resource_index/package_run_dependencies/kdl_parser
[0.365s] -- Up-to-date symlink: /home/benongnuel/dev_ws/install/kdl_parser/share/ament_index/resource_index/parent_prefix_path/kdl_parser
[0.365s] -- Up-to-date symlink: /home/benongnuel/dev_ws/install/kdl_parser/share/kdl_parser/environment/ament_prefix_path.sh
[0.365s] -- Up-to-date symlink: /home/benongnuel/dev_ws/install/kdl_parser/share/kdl_parser/environment/ament_prefix_path.dsv
[0.365s] -- Up-to-date symlink: /home/benongnuel/dev_ws/install/kdl_parser/share/kdl_parser/environment/path.sh
[0.365s] -- Up-to-date symlink: /home/benongnuel/dev_ws/install/kdl_parser/share/kdl_parser/environment/path.dsv
[0.365s] -- Up-to-date symlink: /home/benongnuel/dev_ws/install/kdl_parser/share/kdl_parser/local_setup.bash
[0.366s] -- Up-to-date symlink: /home/benongnuel/dev_ws/install/kdl_parser/share/kdl_parser/local_setup.sh
[0.366s] -- Up-to-date symlink: /home/benongnuel/dev_ws/install/kdl_parser/share/kdl_parser/local_setup.zsh
[0.366s] -- Up-to-date symlink: /home/benongnuel/dev_ws/install/kdl_parser/share/kdl_parser/local_setup.dsv
[0.366s] -- Symlinking: /home/benongnuel/dev_ws/install/kdl_parser/share/kdl_parser/package.dsv
[0.401s] -- Up-to-date symlink: /home/benongnuel/dev_ws/install/kdl_parser/share/ament_index/resource_index/packages/kdl_parser
[0.401s] -- Up-to-date symlink: /home/benongnuel/dev_ws/install/kdl_parser/share/kdl_parser/cmake/ament_cmake_export_dependencies-extras.cmake
[0.401s] -- Up-to-date symlink: /home/benongnuel/dev_ws/install/kdl_parser/share/kdl_parser/cmake/ament_cmake_export_targets-extras.cmake
[0.401s] -- Up-to-date symlink: /home/benongnuel/dev_ws/install/kdl_parser/share/kdl_parser/cmake/kdl_parserConfig.cmake
[0.402s] -- Up-to-date symlink: /home/benongnuel/dev_ws/install/kdl_parser/share/kdl_parser/cmake/kdl_parserConfig-version.cmake
[0.405s] -- Up-to-date symlink: /home/benongnuel/dev_ws/install/kdl_parser/share/kdl_parser/package.xml
[0.407s] -- Up-to-date: /home/benongnuel/dev_ws/install/kdl_parser/lib/libkdl_parser.so
[0.407s] -- Up-to-date: /home/benongnuel/dev_ws/install/kdl_parser/share/kdl_parser/cmake/export_kdl_parserExport.cmake
[0.407s] -- Up-to-date: /home/benongnuel/dev_ws/install/kdl_parser/share/kdl_parser/cmake/export_kdl_parserExport-noconfig.cmake
[0.427s] Invoked command in '/home/benongnuel/dev_ws/build/kdl_parser' returned '0': CMAKE_PREFIX_PATH=${CMAKE_PREFIX_PATH}:/home/benongnuel/dev_ws/install/uf_ros_lib:/home/benongnuel/dev_ws/install/my_gripper_scripts:/opt/ros/humble /usr/bin/cmake --install /home/benongnuel/dev_ws/build/kdl_parser
