[0.159s] Invoking command in '/home/benongnuel/dev_ws/build/mbot_demo': CMAKE_PREFIX_PATH=${CMAKE_PREFIX_PATH}:/opt/ros/humble /usr/bin/cmake /home/benongnuel/dev_ws/src/xarm_ros2/demo/mbot_demo -DCMAKE_INSTALL_PREFIX=/home/benongnuel/dev_ws/install/mbot_demo
[0.331s] -- The C compiler identification is GNU 11.4.0
[0.331s] -- The CXX compiler identification is GNU 11.4.0
[0.331s] -- Detecting C compiler ABI info
[0.331s] -- Detecting C compiler ABI info - done
[0.331s] -- Check for working C compiler: /usr/bin/cc - skipped
[0.331s] -- Detecting C compile features
[0.331s] -- Detecting C compile features - done
[0.331s] -- Detecting CXX compiler ABI info
[0.394s] -- Detecting CXX compiler ABI info - done
[0.399s] -- Check for working CXX compiler: /usr/bin/c++ - skipped
[0.399s] -- Detecting CXX compile features
[0.400s] -- Detecting CXX compile features - done
[0.401s] -- Found ament_cmake: 1.3.11 (/opt/ros/humble/share/ament_cmake/cmake)
[0.524s] -- Found Python3: /usr/bin/python3 (found version "3.10.12") found components: Interpreter 
[0.608s] -- Found ament_lint_auto: 0.12.12 (/opt/ros/humble/share/ament_lint_auto/cmake)
[0.679s] -- Added test 'copyright' to check source files copyright and LICENSE
[0.682s] -- Added test 'flake8' to check Python code syntax and style conventions
[0.682s] -- Added test 'lint_cmake' to check CMake code style
[0.683s] -- Added test 'pep257' to check Python code against some of the docstring style conventions in PEP 257
[0.685s] -- Added test 'xmllint' to check XML markup files
[0.686s] -- Configuring done
[0.689s] -- Generating done
[0.691s] -- Build files have been written to: /home/benongnuel/dev_ws/build/mbot_demo
[0.694s] Invoked command in '/home/benongnuel/dev_ws/build/mbot_demo' returned '0': CMAKE_PREFIX_PATH=${CMAKE_PREFIX_PATH}:/opt/ros/humble /usr/bin/cmake /home/benongnuel/dev_ws/src/xarm_ros2/demo/mbot_demo -DCMAKE_INSTALL_PREFIX=/home/benongnuel/dev_ws/install/mbot_demo
[0.696s] Invoking command in '/home/benongnuel/dev_ws/build/mbot_demo': CMAKE_PREFIX_PATH=${CMAKE_PREFIX_PATH}:/opt/ros/humble /usr/bin/cmake --build /home/benongnuel/dev_ws/build/mbot_demo -- -j16 -l16
[0.735s] Invoked command in '/home/benongnuel/dev_ws/build/mbot_demo' returned '0': CMAKE_PREFIX_PATH=${CMAKE_PREFIX_PATH}:/opt/ros/humble /usr/bin/cmake --build /home/benongnuel/dev_ws/build/mbot_demo -- -j16 -l16
[0.736s] Invoking command in '/home/benongnuel/dev_ws/build/mbot_demo': CMAKE_PREFIX_PATH=${CMAKE_PREFIX_PATH}:/opt/ros/humble /usr/bin/cmake --install /home/benongnuel/dev_ws/build/mbot_demo
[0.743s] -- Install configuration: ""
[0.743s] -- Installing: /home/benongnuel/dev_ws/install/mbot_demo/share/mbot_demo//rviz
[0.744s] -- Installing: /home/benongnuel/dev_ws/install/mbot_demo/share/mbot_demo//rviz/moveit.rviz
[0.744s] -- Installing: /home/benongnuel/dev_ws/install/mbot_demo/share/mbot_demo//urdf
[0.744s] -- Installing: /home/benongnuel/dev_ws/install/mbot_demo/share/mbot_demo//urdf/mbot.transmission.xacro
[0.744s] -- Installing: /home/benongnuel/dev_ws/install/mbot_demo/share/mbot_demo//urdf/mbot_macro.xacro
[0.744s] -- Installing: /home/benongnuel/dev_ws/install/mbot_demo/share/mbot_demo//urdf/mbot.ros2_control.xacro
[0.744s] -- Installing: /home/benongnuel/dev_ws/install/mbot_demo/share/mbot_demo//urdf/mbot.gazebo.xacro
[0.744s] -- Installing: /home/benongnuel/dev_ws/install/mbot_demo/share/mbot_demo//urdf/mbot_with_xarm.urdf.xacro
[0.744s] -- Installing: /home/benongnuel/dev_ws/install/mbot_demo/share/mbot_demo//urdf/mbot.urdf.xacro
[0.745s] -- Installing: /home/benongnuel/dev_ws/install/mbot_demo/share/mbot_demo//srdf
[0.745s] -- Installing: /home/benongnuel/dev_ws/install/mbot_demo/share/mbot_demo//srdf/mbot_macro.srdf.xacro
[0.745s] -- Installing: /home/benongnuel/dev_ws/install/mbot_demo/share/mbot_demo//srdf/mbot_with_xarm.srdf.xacro
[0.745s] -- Installing: /home/benongnuel/dev_ws/install/mbot_demo/share/mbot_demo//config
[0.745s] -- Installing: /home/benongnuel/dev_ws/install/mbot_demo/share/mbot_demo//config/kinematics.yaml
[0.745s] -- Installing: /home/benongnuel/dev_ws/install/mbot_demo/share/mbot_demo//config/ompl_planning.yaml
[0.746s] -- Installing: /home/benongnuel/dev_ws/install/mbot_demo/share/mbot_demo//config/controllers.yaml
[0.746s] -- Installing: /home/benongnuel/dev_ws/install/mbot_demo/share/mbot_demo//config/ros2_controllers.yaml
[0.746s] -- Installing: /home/benongnuel/dev_ws/install/mbot_demo/share/mbot_demo//config/joint_limits.yaml
[0.746s] -- Installing: /home/benongnuel/dev_ws/install/mbot_demo/share/mbot_demo//worlds
[0.746s] -- Installing: /home/benongnuel/dev_ws/install/mbot_demo/share/mbot_demo//worlds/empty.world
[0.746s] -- Installing: /home/benongnuel/dev_ws/install/mbot_demo/share/mbot_demo//launch
[0.746s] -- Installing: /home/benongnuel/dev_ws/install/mbot_demo/share/mbot_demo//launch/mbot_moveit_realmove.launch.py
[0.747s] -- Installing: /home/benongnuel/dev_ws/install/mbot_demo/share/mbot_demo//launch/_robot_on_mbot_gazebo.launch.py
[0.747s] -- Installing: /home/benongnuel/dev_ws/install/mbot_demo/share/mbot_demo//launch/mbot_moveit_gazebo.launch.py
[0.747s] -- Installing: /home/benongnuel/dev_ws/install/mbot_demo/share/mbot_demo//launch/mbot_moveit_fake.launch.py
[0.747s] -- Installing: /home/benongnuel/dev_ws/install/mbot_demo/share/ament_index/resource_index/package_run_dependencies/mbot_demo
[0.748s] -- Installing: /home/benongnuel/dev_ws/install/mbot_demo/share/ament_index/resource_index/parent_prefix_path/mbot_demo
[0.748s] -- Installing: /home/benongnuel/dev_ws/install/mbot_demo/share/mbot_demo/environment/ament_prefix_path.sh
[0.748s] -- Installing: /home/benongnuel/dev_ws/install/mbot_demo/share/mbot_demo/environment/ament_prefix_path.dsv
[0.748s] -- Installing: /home/benongnuel/dev_ws/install/mbot_demo/share/mbot_demo/environment/path.sh
[0.748s] -- Installing: /home/benongnuel/dev_ws/install/mbot_demo/share/mbot_demo/environment/path.dsv
[0.749s] -- Installing: /home/benongnuel/dev_ws/install/mbot_demo/share/mbot_demo/local_setup.bash
[0.749s] -- Installing: /home/benongnuel/dev_ws/install/mbot_demo/share/mbot_demo/local_setup.sh
[0.749s] -- Installing: /home/benongnuel/dev_ws/install/mbot_demo/share/mbot_demo/local_setup.zsh
[0.749s] -- Installing: /home/benongnuel/dev_ws/install/mbot_demo/share/mbot_demo/local_setup.dsv
[0.749s] -- Installing: /home/benongnuel/dev_ws/install/mbot_demo/share/mbot_demo/package.dsv
[0.749s] -- Installing: /home/benongnuel/dev_ws/install/mbot_demo/share/ament_index/resource_index/packages/mbot_demo
[0.749s] -- Installing: /home/benongnuel/dev_ws/install/mbot_demo/share/mbot_demo/cmake/mbot_demoConfig.cmake
[0.750s] -- Installing: /home/benongnuel/dev_ws/install/mbot_demo/share/mbot_demo/cmake/mbot_demoConfig-version.cmake
[0.751s] -- Installing: /home/benongnuel/dev_ws/install/mbot_demo/share/mbot_demo/package.xml
[0.755s] Invoked command in '/home/benongnuel/dev_ws/build/mbot_demo' returned '0': CMAKE_PREFIX_PATH=${CMAKE_PREFIX_PATH}:/opt/ros/humble /usr/bin/cmake --install /home/benongnuel/dev_ws/build/mbot_demo
