[0.752s] Invoking command in '/home/benongnuel/dev_ws/my_gripper_scripts': PYTHONPATH=/home/benongnuel/dev_ws/build/my_gripper_scripts/prefix_override:/usr/lib/python3/dist-packages/colcon_core/task/python/colcon_distutils_commands:/home/benongnuel/dev_ws/install/my_gripper_scripts/lib/python3.10/site-packages:${PYTHONPATH} /usr/bin/python3 -W ignore:setup.py install is deprecated -W ignore:easy_install command is deprecated setup.py egg_info --egg-base ../build/my_gripper_scripts build --build-base /home/benongnuel/dev_ws/build/my_gripper_scripts/build install --record /home/benongnuel/dev_ws/build/my_gripper_scripts/install.log --single-version-externally-managed install_data
[1.177s] running egg_info
[1.178s] creating ../build/my_gripper_scripts/my_gripper_scripts.egg-info
[1.178s] writing ../build/my_gripper_scripts/my_gripper_scripts.egg-info/PKG-INFO
[1.178s] writing dependency_links to ../build/my_gripper_scripts/my_gripper_scripts.egg-info/dependency_links.txt
[1.178s] writing entry points to ../build/my_gripper_scripts/my_gripper_scripts.egg-info/entry_points.txt
[1.178s] writing requirements to ../build/my_gripper_scripts/my_gripper_scripts.egg-info/requires.txt
[1.178s] writing top-level names to ../build/my_gripper_scripts/my_gripper_scripts.egg-info/top_level.txt
[1.179s] writing manifest file '../build/my_gripper_scripts/my_gripper_scripts.egg-info/SOURCES.txt'
[1.184s] reading manifest file '../build/my_gripper_scripts/my_gripper_scripts.egg-info/SOURCES.txt'
[1.184s] writing manifest file '../build/my_gripper_scripts/my_gripper_scripts.egg-info/SOURCES.txt'
[1.184s] running build
[1.184s] running build_py
[1.184s] creating /home/benongnuel/dev_ws/build/my_gripper_scripts/build
[1.188s] creating /home/benongnuel/dev_ws/build/my_gripper_scripts/build/lib
[1.188s] creating /home/benongnuel/dev_ws/build/my_gripper_scripts/build/lib/my_gripper_scripts
[1.188s] copying my_gripper_scripts/moveit_script.py -> /home/benongnuel/dev_ws/build/my_gripper_scripts/build/lib/my_gripper_scripts
[1.188s] copying my_gripper_scripts/__init__.py -> /home/benongnuel/dev_ws/build/my_gripper_scripts/build/lib/my_gripper_scripts
[1.188s] copying my_gripper_scripts/grip_and_lift.py -> /home/benongnuel/dev_ws/build/my_gripper_scripts/build/lib/my_gripper_scripts
[1.188s] running install
[1.188s] running install_lib
[1.189s] creating /home/benongnuel/dev_ws/install/my_gripper_scripts/lib/python3.10/site-packages/my_gripper_scripts
[1.189s] copying /home/benongnuel/dev_ws/build/my_gripper_scripts/build/lib/my_gripper_scripts/moveit_script.py -> /home/benongnuel/dev_ws/install/my_gripper_scripts/lib/python3.10/site-packages/my_gripper_scripts
[1.189s] copying /home/benongnuel/dev_ws/build/my_gripper_scripts/build/lib/my_gripper_scripts/__init__.py -> /home/benongnuel/dev_ws/install/my_gripper_scripts/lib/python3.10/site-packages/my_gripper_scripts
[1.189s] copying /home/benongnuel/dev_ws/build/my_gripper_scripts/build/lib/my_gripper_scripts/grip_and_lift.py -> /home/benongnuel/dev_ws/install/my_gripper_scripts/lib/python3.10/site-packages/my_gripper_scripts
[1.189s] byte-compiling /home/benongnuel/dev_ws/install/my_gripper_scripts/lib/python3.10/site-packages/my_gripper_scripts/moveit_script.py to moveit_script.cpython-310.pyc
[1.189s] byte-compiling /home/benongnuel/dev_ws/install/my_gripper_scripts/lib/python3.10/site-packages/my_gripper_scripts/__init__.py to __init__.cpython-310.pyc
[1.190s] byte-compiling /home/benongnuel/dev_ws/install/my_gripper_scripts/lib/python3.10/site-packages/my_gripper_scripts/grip_and_lift.py to grip_and_lift.cpython-310.pyc
[1.191s] running install_data
[1.191s] creating /home/benongnuel/dev_ws/install/my_gripper_scripts/share/ament_index
[1.192s] creating /home/benongnuel/dev_ws/install/my_gripper_scripts/share/ament_index/resource_index
[1.192s] creating /home/benongnuel/dev_ws/install/my_gripper_scripts/share/ament_index/resource_index/packages
[1.192s] copying resource/my_gripper_scripts -> /home/benongnuel/dev_ws/install/my_gripper_scripts/share/ament_index/resource_index/packages
[1.192s] copying package.xml -> /home/benongnuel/dev_ws/install/my_gripper_scripts/share/my_gripper_scripts
[1.192s] running install_egg_info
[1.196s] Copying ../build/my_gripper_scripts/my_gripper_scripts.egg-info to /home/benongnuel/dev_ws/install/my_gripper_scripts/lib/python3.10/site-packages/my_gripper_scripts-0.0.0-py3.10.egg-info
[1.199s] running install_scripts
[1.238s] writing list of installed files to '/home/benongnuel/dev_ws/build/my_gripper_scripts/install.log'
[1.324s] Invoked command in '/home/benongnuel/dev_ws/my_gripper_scripts' returned '0': PYTHONPATH=/home/benongnuel/dev_ws/build/my_gripper_scripts/prefix_override:/usr/lib/python3/dist-packages/colcon_core/task/python/colcon_distutils_commands:/home/benongnuel/dev_ws/install/my_gripper_scripts/lib/python3.10/site-packages:${PYTHONPATH} /usr/bin/python3 -W ignore:setup.py install is deprecated -W ignore:easy_install command is deprecated setup.py egg_info --egg-base ../build/my_gripper_scripts build --build-base /home/benongnuel/dev_ws/build/my_gripper_scripts/build install --record /home/benongnuel/dev_ws/build/my_gripper_scripts/install.log --single-version-externally-managed install_data
