-- Found ament_cmake_ros: 0.10.0 (/opt/ros/humble/share/ament_cmake_ros/cmake)
-- Override CMake install command with custom implementation using symlinks instead of copying resources
-- Found orocos_kdl_vendor: 0.2.5 (/opt/ros/humble/share/orocos_kdl_vendor/cmake)
-- Found eigen3_cmake_module: 0.1.1 (/opt/ros/humble/share/eigen3_cmake_module/cmake)
-- Ensuring Eigen3 include directory is part of orocos-kdl CMake target
-- Found urdf: 2.6.1 (/opt/ros/humble/share/urdf/cmake)
-- Found ament_lint_auto: 0.12.12 (/opt/ros/humble/share/ament_lint_auto/cmake)
-- Added test 'cppcheck' to perform static code analysis on C / C++ code
-- Configured cppcheck include dirs: $<BUILD_INTERFACE:/home/benongnuel/dev_ws/src/kdl_parser/kdl_parser/include>
-- Configured cppcheck exclude dirs and/or files: 
-- Added test 'cpplint' to check C / C++ code against the Google style
-- Configured cpplint exclude dirs and/or files: 
-- Added test 'lint_cmake' to check CMake code style
-- Added test 'uncrustify' to check C / C++ code style
-- Configured uncrustify additional arguments: 
-- Added test 'xmllint' to check XML markup files
-- Configuring done
-- Generating done
-- Build files have been written to: /home/benongnuel/dev_ws/build/kdl_parser
[35m[1mConsolidate compiler generated dependencies of target kdl_parser[0m
[100%] Built target kdl_parser
-- Install configuration: ""
-- Execute custom install script
-- Up-to-date symlink: /home/benongnuel/dev_ws/install/kdl_parser/include/kdl_parser/kdl_parser/kdl_parser.hpp
-- Up-to-date symlink: /home/benongnuel/dev_ws/install/kdl_parser/include/kdl_parser/kdl_parser/visibility_control.hpp
-- Up-to-date symlink: /home/benongnuel/dev_ws/install/kdl_parser/share/ament_index/resource_index/package_run_dependencies/kdl_parser
-- Up-to-date symlink: /home/benongnuel/dev_ws/install/kdl_parser/share/ament_index/resource_index/parent_prefix_path/kdl_parser
-- Up-to-date symlink: /home/benongnuel/dev_ws/install/kdl_parser/share/kdl_parser/environment/ament_prefix_path.sh
-- Up-to-date symlink: /home/benongnuel/dev_ws/install/kdl_parser/share/kdl_parser/environment/ament_prefix_path.dsv
-- Up-to-date symlink: /home/benongnuel/dev_ws/install/kdl_parser/share/kdl_parser/environment/path.sh
-- Up-to-date symlink: /home/benongnuel/dev_ws/install/kdl_parser/share/kdl_parser/environment/path.dsv
-- Up-to-date symlink: /home/benongnuel/dev_ws/install/kdl_parser/share/kdl_parser/local_setup.bash
-- Up-to-date symlink: /home/benongnuel/dev_ws/install/kdl_parser/share/kdl_parser/local_setup.sh
-- Up-to-date symlink: /home/benongnuel/dev_ws/install/kdl_parser/share/kdl_parser/local_setup.zsh
-- Up-to-date symlink: /home/benongnuel/dev_ws/install/kdl_parser/share/kdl_parser/local_setup.dsv
-- Symlinking: /home/benongnuel/dev_ws/install/kdl_parser/share/kdl_parser/package.dsv
-- Up-to-date symlink: /home/benongnuel/dev_ws/install/kdl_parser/share/ament_index/resource_index/packages/kdl_parser
-- Up-to-date symlink: /home/benongnuel/dev_ws/install/kdl_parser/share/kdl_parser/cmake/ament_cmake_export_dependencies-extras.cmake
-- Up-to-date symlink: /home/benongnuel/dev_ws/install/kdl_parser/share/kdl_parser/cmake/ament_cmake_export_targets-extras.cmake
-- Up-to-date symlink: /home/benongnuel/dev_ws/install/kdl_parser/share/kdl_parser/cmake/kdl_parserConfig.cmake
-- Up-to-date symlink: /home/benongnuel/dev_ws/install/kdl_parser/share/kdl_parser/cmake/kdl_parserConfig-version.cmake
-- Up-to-date symlink: /home/benongnuel/dev_ws/install/kdl_parser/share/kdl_parser/package.xml
-- Up-to-date: /home/benongnuel/dev_ws/install/kdl_parser/lib/libkdl_parser.so
-- Up-to-date: /home/benongnuel/dev_ws/install/kdl_parser/share/kdl_parser/cmake/export_kdl_parserExport.cmake
-- Up-to-date: /home/benongnuel/dev_ws/install/kdl_parser/share/kdl_parser/cmake/export_kdl_parserExport-noconfig.cmake
