[0.015s] Invoking command in '/home/benongnuel/dev_ws/build/xarm_planner': AMENT_PREFIX_PATH=/home/benongnuel/dev_ws/install/xarm_moveit_config:/home/benongnuel/dev_ws/install/xarm_gazebo:/home/benongnuel/dev_ws/install/xarm_controller:/home/benongnuel/dev_ws/install/xarm_api:/home/benongnuel/dev_ws/install/xarm_sdk:/home/benongnuel/dev_ws/install/xarm_msgs:/home/benongnuel/dev_ws/install/xarm_description:/home/benongnuel/dev_ws/install/uf_ros_lib:${AMENT_PREFIX_PATH} CMAKE_PREFIX_PATH=/home/benongnuel/dev_ws/install/xarm_moveit_config:/home/benongnuel/dev_ws/install/xarm_gazebo:/home/benongnuel/dev_ws/install/xarm_controller:/home/benongnuel/dev_ws/install/xarm_api:/home/benongnuel/dev_ws/install/xarm_sdk:/home/benongnuel/dev_ws/install/xarm_msgs:/home/benongnuel/dev_ws/install/xarm_description:/home/benongnuel/robo_ws/install/custom_3dof_arm:/opt/ros/humble LD_LIBRARY_PATH=/home/benongnuel/dev_ws/install/xarm_gazebo/lib:/home/benongnuel/dev_ws/install/xarm_controller/lib:/home/benongnuel/dev_ws/install/xarm_api/lib:/home/benongnuel/dev_ws/install/xarm_sdk/lib:/home/benongnuel/dev_ws/install/xarm_msgs/lib:${LD_LIBRARY_PATH} PYTHONPATH=/home/benongnuel/dev_ws/install/xarm_msgs/local/lib/python3.10/dist-packages:/home/benongnuel/dev_ws/install/uf_ros_lib/lib/python3.10/site-packages:${PYTHONPATH} /usr/bin/cmake /home/benongnuel/dev_ws/src/xarm_ros2/xarm_planner -DCMAKE_INSTALL_PREFIX=/home/benongnuel/dev_ws/install/xarm_planner
[0.055s] -- The C compiler identification is GNU 11.4.0
[0.093s] -- The CXX compiler identification is GNU 11.4.0
[0.098s] -- Detecting C compiler ABI info
[0.150s] -- Detecting C compiler ABI info - done
[0.154s] -- Check for working C compiler: /usr/bin/cc - skipped
[0.154s] -- Detecting C compile features
[0.154s] -- Detecting C compile features - done
[0.156s] -- Detecting CXX compiler ABI info
[0.220s] -- Detecting CXX compiler ABI info - done
[0.224s] -- Check for working CXX compiler: /usr/bin/c++ - skipped
[0.225s] -- Detecting CXX compile features
[0.225s] -- Detecting CXX compile features - done
[0.226s] -- Found ament_cmake: 1.3.11 (/opt/ros/humble/share/ament_cmake/cmake)
[0.321s] -- Found Python3: /usr/bin/python3 (found version "3.10.12") found components: Interpreter 
[0.399s] -- Found moveit: 2.5.9 (/opt/ros/humble/share/moveit/cmake)
[0.403s] -- Found moveit_ros_planning_interface: 2.5.9 (/opt/ros/humble/share/moveit_ros_planning_interface/cmake)
[0.532s] -- Found Boost: /usr/lib/x86_64-linux-gnu/cmake/Boost-1.74.0/BoostConfig.cmake (found version "1.74.0") found components: date_time filesystem program_options system thread 
[0.557s] -- Found rosidl_generator_c: 3.1.6 (/opt/ros/humble/share/rosidl_generator_c/cmake)
[0.561s] -- Found rosidl_adapter: 3.1.6 (/opt/ros/humble/share/rosidl_adapter/cmake)
[0.566s] -- Found rosidl_generator_cpp: 3.1.6 (/opt/ros/humble/share/rosidl_generator_cpp/cmake)
[0.574s] -- Using all available rosidl_typesupport_c: rosidl_typesupport_fastrtps_c;rosidl_typesupport_introspection_c
[0.583s] -- Using all available rosidl_typesupport_cpp: rosidl_typesupport_fastrtps_cpp;rosidl_typesupport_introspection_cpp
[0.712s] -- Found Boost: /usr/lib/x86_64-linux-gnu/cmake/Boost-1.74.0/BoostConfig.cmake (found version "1.74.0") found components: chrono date_time filesystem iostreams program_options regex serialization system thread 
[0.746s] -- Found parameter_traits: 0.4.0 (/opt/ros/humble/share/parameter_traits/cmake)
[0.771s] -- Found rmw_implementation_cmake: 6.1.2 (/opt/ros/humble/share/rmw_implementation_cmake/cmake)
[0.772s] -- Found rmw_fastrtps_cpp: 6.2.7 (/opt/ros/humble/share/rmw_fastrtps_cpp/cmake)
[0.839s] -- Found OpenSSL: /usr/lib/x86_64-linux-gnu/libcrypto.so (found version "3.0.2")  
[0.856s] -- Found FastRTPS: /opt/ros/humble/include  
[0.885s] -- Using RMW implementation 'rmw_fastrtps_cpp' as default
[0.891s] -- Found Threads: TRUE  
[0.919s] -- Found Eigen3: TRUE (found version "3.4.0") 
[0.921s] -- Found rclcpp_lifecycle: 16.0.12 (/opt/ros/humble/share/rclcpp_lifecycle/cmake)
[0.941s] -- Found Boost: /usr/lib/x86_64-linux-gnu/cmake/Boost-1.74.0/BoostConfig.cmake (found version "1.74.0") found components: filesystem 
[1.024s] -- library: /usr/lib/x86_64-linux-gnu/libcurl.so
[1.049s] -- Ensuring Eigen3 include directory is part of orocos-kdl CMake target
[1.133s] -- Found Boost: /usr/lib/x86_64-linux-gnu/cmake/Boost-1.74.0/BoostConfig.cmake (found version "1.74.0") found components: system filesystem date_time program_options thread chrono 
[1.154s] -- Found Boost: /usr/lib/x86_64-linux-gnu/cmake/Boost-1.74.0/BoostConfig.cmake (found version "1.74.0") found components: thread system filesystem regex date_time program_options 
[1.173s] -- Found Boost: /usr/lib/x86_64-linux-gnu/cmake/Boost-1.74.0/BoostConfig.cmake (found version "1.74.0") found components: system filesystem date_time program_options thread 
[1.192s] -- Found xarm_msgs: 0.0.0 (/home/benongnuel/dev_ws/install/xarm_msgs/share/xarm_msgs/cmake)
[1.217s] -- Found ament_lint_auto: 0.12.12 (/opt/ros/humble/share/ament_lint_auto/cmake)
[1.269s] -- Added test 'copyright' to check source files copyright and LICENSE
[1.270s] -- Added test 'cppcheck' to perform static code analysis on C / C++ code
[1.271s] -- Configured cppcheck include dirs: /home/benongnuel/dev_ws/src/xarm_ros2/xarm_planner/include
[1.271s] -- Configured cppcheck exclude dirs and/or files: 
[1.272s] -- Added test 'cpplint' to check C / C++ code against the Google style
[1.272s] -- Configured cpplint exclude dirs and/or files: 
[1.272s] -- Added test 'flake8' to check Python code syntax and style conventions
[1.272s] -- Added test 'lint_cmake' to check CMake code style
[1.273s] -- Added test 'pep257' to check Python code against some of the docstring style conventions in PEP 257
[1.274s] -- Added test 'uncrustify' to check C / C++ code style
[1.274s] -- Configured uncrustify additional arguments: 
[1.274s] -- Added test 'xmllint' to check XML markup files
[1.275s] -- Configuring done
[1.339s] -- Generating done
[1.364s] -- Build files have been written to: /home/benongnuel/dev_ws/build/xarm_planner
[1.375s] Invoked command in '/home/benongnuel/dev_ws/build/xarm_planner' returned '0': AMENT_PREFIX_PATH=/home/benongnuel/dev_ws/install/xarm_moveit_config:/home/benongnuel/dev_ws/install/xarm_gazebo:/home/benongnuel/dev_ws/install/xarm_controller:/home/benongnuel/dev_ws/install/xarm_api:/home/benongnuel/dev_ws/install/xarm_sdk:/home/benongnuel/dev_ws/install/xarm_msgs:/home/benongnuel/dev_ws/install/xarm_description:/home/benongnuel/dev_ws/install/uf_ros_lib:${AMENT_PREFIX_PATH} CMAKE_PREFIX_PATH=/home/benongnuel/dev_ws/install/xarm_moveit_config:/home/benongnuel/dev_ws/install/xarm_gazebo:/home/benongnuel/dev_ws/install/xarm_controller:/home/benongnuel/dev_ws/install/xarm_api:/home/benongnuel/dev_ws/install/xarm_sdk:/home/benongnuel/dev_ws/install/xarm_msgs:/home/benongnuel/dev_ws/install/xarm_description:/home/benongnuel/robo_ws/install/custom_3dof_arm:/opt/ros/humble LD_LIBRARY_PATH=/home/benongnuel/dev_ws/install/xarm_gazebo/lib:/home/benongnuel/dev_ws/install/xarm_controller/lib:/home/benongnuel/dev_ws/install/xarm_api/lib:/home/benongnuel/dev_ws/install/xarm_sdk/lib:/home/benongnuel/dev_ws/install/xarm_msgs/lib:${LD_LIBRARY_PATH} PYTHONPATH=/home/benongnuel/dev_ws/install/xarm_msgs/local/lib/python3.10/dist-packages:/home/benongnuel/dev_ws/install/uf_ros_lib/lib/python3.10/site-packages:${PYTHONPATH} /usr/bin/cmake /home/benongnuel/dev_ws/src/xarm_ros2/xarm_planner -DCMAKE_INSTALL_PREFIX=/home/benongnuel/dev_ws/install/xarm_planner
[1.376s] Invoking command in '/home/benongnuel/dev_ws/build/xarm_planner': AMENT_PREFIX_PATH=/home/benongnuel/dev_ws/install/xarm_moveit_config:/home/benongnuel/dev_ws/install/xarm_gazebo:/home/benongnuel/dev_ws/install/xarm_controller:/home/benongnuel/dev_ws/install/xarm_api:/home/benongnuel/dev_ws/install/xarm_sdk:/home/benongnuel/dev_ws/install/xarm_msgs:/home/benongnuel/dev_ws/install/xarm_description:/home/benongnuel/dev_ws/install/uf_ros_lib:${AMENT_PREFIX_PATH} CMAKE_PREFIX_PATH=/home/benongnuel/dev_ws/install/xarm_moveit_config:/home/benongnuel/dev_ws/install/xarm_gazebo:/home/benongnuel/dev_ws/install/xarm_controller:/home/benongnuel/dev_ws/install/xarm_api:/home/benongnuel/dev_ws/install/xarm_sdk:/home/benongnuel/dev_ws/install/xarm_msgs:/home/benongnuel/dev_ws/install/xarm_description:/home/benongnuel/robo_ws/install/custom_3dof_arm:/opt/ros/humble LD_LIBRARY_PATH=/home/benongnuel/dev_ws/install/xarm_gazebo/lib:/home/benongnuel/dev_ws/install/xarm_controller/lib:/home/benongnuel/dev_ws/install/xarm_api/lib:/home/benongnuel/dev_ws/install/xarm_sdk/lib:/home/benongnuel/dev_ws/install/xarm_msgs/lib:${LD_LIBRARY_PATH} PYTHONPATH=/home/benongnuel/dev_ws/install/xarm_msgs/local/lib/python3.10/dist-packages:/home/benongnuel/dev_ws/install/uf_ros_lib/lib/python3.10/site-packages:${PYTHONPATH} /usr/bin/cmake --build /home/benongnuel/dev_ws/build/xarm_planner -- -j16 -l16
[1.420s] [  9%] [32mBuilding CXX object CMakeFiles/test_lite_gripper_realmove.dir/test/test_lite_gripper_realmove.cpp.o[0m
[1.420s] [  9%] [32mBuilding CXX object CMakeFiles/test_xarm_planner_client_joint.dir/test/test_xarm_planner_client_joint.cpp.o[0m
[1.422s] [ 13%] [32mBuilding CXX object CMakeFiles/test_xarm_gripper_planner_client_joint.dir/test/test_xarm_gripper_planner_client_joint.cpp.o[0m
[1.423s] [ 18%] [32mBuilding CXX object CMakeFiles/test_xarm_planner_client_pose.dir/test/test_xarm_planner_client_pose.cpp.o[0m
[1.423s] [ 22%] [32mBuilding CXX object CMakeFiles/xarm_planner.dir/src/xarm_planner.cpp.o[0m
[4.377s] [ 27%] [32m[1mLinking CXX executable test_lite_gripper_realmove[0m
[4.619s] [ 27%] Built target test_lite_gripper_realmove
[5.643s] [ 31%] [32m[1mLinking CXX executable test_xarm_gripper_planner_client_joint[0m
[5.963s] [ 31%] Built target test_xarm_gripper_planner_client_joint
[6.022s] [ 36%] [32m[1mLinking CXX executable test_xarm_planner_client_pose[0m
[6.385s] [ 40%] [32m[1mLinking CXX executable test_xarm_planner_client_joint[0m
[6.387s] [ 40%] Built target test_xarm_planner_client_pose
[6.648s] [ 40%] Built target test_xarm_planner_client_joint
[8.718s] [ 45%] [32m[1mLinking CXX shared library libxarm_planner.so[0m
[8.859s] [ 45%] Built target xarm_planner
[8.878s] [ 50%] [32mBuilding CXX object CMakeFiles/xarm_planner_node.dir/src/xarm_planner_node.cpp.o[0m
[8.878s] [ 54%] [32mBuilding CXX object CMakeFiles/xarm_gripper_planner_node.dir/src/xarm_gripper_planner_node.cpp.o[0m
[8.878s] [ 59%] [32mBuilding CXX object CMakeFiles/test_xarm_planner_api_joint.dir/test/test_xarm_planner_api_joint.cpp.o[0m
[8.879s] [ 63%] [32mBuilding CXX object CMakeFiles/test_dual_xarm_planner_api_joint.dir/test/test_dual_xarm_planner_api_joint.cpp.o[0m
[8.880s] [ 68%] [32mBuilding CXX object CMakeFiles/test_xarm_planner_api_pose.dir/test/test_xarm_planner_api_pose.cpp.o[0m
[8.880s] [ 72%] [32mBuilding CXX object CMakeFiles/test_xarm_gripper_planner_api_joint.dir/test/test_xarm_gripper_planner_api_joint.cpp.o[0m
[17.512s] [ 77%] [32m[1mLinking CXX executable test_xarm_planner_api_pose[0m
[17.968s] [ 77%] Built target test_xarm_planner_api_pose
[18.387s] [ 81%] [32m[1mLinking CXX executable xarm_gripper_planner_node[0m
[18.398s] [ 86%] [32m[1mLinking CXX executable test_dual_xarm_planner_api_joint[0m
[18.550s] [ 90%] [32m[1mLinking CXX executable test_xarm_gripper_planner_api_joint[0m
[18.836s] [ 90%] Built target test_dual_xarm_planner_api_joint
[18.907s] [ 90%] Built target xarm_gripper_planner_node
[18.984s] [ 90%] Built target test_xarm_gripper_planner_api_joint
[19.259s] [ 95%] [32m[1mLinking CXX executable test_xarm_planner_api_joint[0m
[19.277s] [100%] [32m[1mLinking CXX executable xarm_planner_node[0m
[19.522s] [100%] Built target test_xarm_planner_api_joint
[19.670s] [100%] Built target xarm_planner_node
[19.684s] Invoked command in '/home/benongnuel/dev_ws/build/xarm_planner' returned '0': AMENT_PREFIX_PATH=/home/benongnuel/dev_ws/install/xarm_moveit_config:/home/benongnuel/dev_ws/install/xarm_gazebo:/home/benongnuel/dev_ws/install/xarm_controller:/home/benongnuel/dev_ws/install/xarm_api:/home/benongnuel/dev_ws/install/xarm_sdk:/home/benongnuel/dev_ws/install/xarm_msgs:/home/benongnuel/dev_ws/install/xarm_description:/home/benongnuel/dev_ws/install/uf_ros_lib:${AMENT_PREFIX_PATH} CMAKE_PREFIX_PATH=/home/benongnuel/dev_ws/install/xarm_moveit_config:/home/benongnuel/dev_ws/install/xarm_gazebo:/home/benongnuel/dev_ws/install/xarm_controller:/home/benongnuel/dev_ws/install/xarm_api:/home/benongnuel/dev_ws/install/xarm_sdk:/home/benongnuel/dev_ws/install/xarm_msgs:/home/benongnuel/dev_ws/install/xarm_description:/home/benongnuel/robo_ws/install/custom_3dof_arm:/opt/ros/humble LD_LIBRARY_PATH=/home/benongnuel/dev_ws/install/xarm_gazebo/lib:/home/benongnuel/dev_ws/install/xarm_controller/lib:/home/benongnuel/dev_ws/install/xarm_api/lib:/home/benongnuel/dev_ws/install/xarm_sdk/lib:/home/benongnuel/dev_ws/install/xarm_msgs/lib:${LD_LIBRARY_PATH} PYTHONPATH=/home/benongnuel/dev_ws/install/xarm_msgs/local/lib/python3.10/dist-packages:/home/benongnuel/dev_ws/install/uf_ros_lib/lib/python3.10/site-packages:${PYTHONPATH} /usr/bin/cmake --build /home/benongnuel/dev_ws/build/xarm_planner -- -j16 -l16
[19.686s] Invoking command in '/home/benongnuel/dev_ws/build/xarm_planner': AMENT_PREFIX_PATH=/home/benongnuel/dev_ws/install/xarm_moveit_config:/home/benongnuel/dev_ws/install/xarm_gazebo:/home/benongnuel/dev_ws/install/xarm_controller:/home/benongnuel/dev_ws/install/xarm_api:/home/benongnuel/dev_ws/install/xarm_sdk:/home/benongnuel/dev_ws/install/xarm_msgs:/home/benongnuel/dev_ws/install/xarm_description:/home/benongnuel/dev_ws/install/uf_ros_lib:${AMENT_PREFIX_PATH} CMAKE_PREFIX_PATH=/home/benongnuel/dev_ws/install/xarm_moveit_config:/home/benongnuel/dev_ws/install/xarm_gazebo:/home/benongnuel/dev_ws/install/xarm_controller:/home/benongnuel/dev_ws/install/xarm_api:/home/benongnuel/dev_ws/install/xarm_sdk:/home/benongnuel/dev_ws/install/xarm_msgs:/home/benongnuel/dev_ws/install/xarm_description:/home/benongnuel/robo_ws/install/custom_3dof_arm:/opt/ros/humble LD_LIBRARY_PATH=/home/benongnuel/dev_ws/install/xarm_gazebo/lib:/home/benongnuel/dev_ws/install/xarm_controller/lib:/home/benongnuel/dev_ws/install/xarm_api/lib:/home/benongnuel/dev_ws/install/xarm_sdk/lib:/home/benongnuel/dev_ws/install/xarm_msgs/lib:${LD_LIBRARY_PATH} PYTHONPATH=/home/benongnuel/dev_ws/install/xarm_msgs/local/lib/python3.10/dist-packages:/home/benongnuel/dev_ws/install/uf_ros_lib/lib/python3.10/site-packages:${PYTHONPATH} /usr/bin/cmake --install /home/benongnuel/dev_ws/build/xarm_planner
[19.693s] -- Install configuration: ""
[19.693s] -- Installing: /home/benongnuel/dev_ws/install/xarm_planner/include
[19.693s] -- Installing: /home/benongnuel/dev_ws/install/xarm_planner/include/xarm_planner
[19.693s] -- Installing: /home/benongnuel/dev_ws/install/xarm_planner/include/xarm_planner/xarm_planner.h
[19.694s] -- Installing: /home/benongnuel/dev_ws/install/xarm_planner/lib/libxarm_planner.so
[19.694s] -- Set runtime path of "/home/benongnuel/dev_ws/install/xarm_planner/lib/libxarm_planner.so" to ""
[19.694s] -- Installing: /home/benongnuel/dev_ws/install/xarm_planner/lib/xarm_planner/xarm_planner_node
[19.695s] -- Set runtime path of "/home/benongnuel/dev_ws/install/xarm_planner/lib/xarm_planner/xarm_planner_node" to ""
[19.695s] -- Installing: /home/benongnuel/dev_ws/install/xarm_planner/lib/xarm_planner/xarm_gripper_planner_node
[19.696s] -- Set runtime path of "/home/benongnuel/dev_ws/install/xarm_planner/lib/xarm_planner/xarm_gripper_planner_node" to ""
[19.696s] -- Installing: /home/benongnuel/dev_ws/install/xarm_planner/lib/xarm_planner/test_xarm_planner_api_joint
[19.697s] -- Set runtime path of "/home/benongnuel/dev_ws/install/xarm_planner/lib/xarm_planner/test_xarm_planner_api_joint" to ""
[19.697s] -- Installing: /home/benongnuel/dev_ws/install/xarm_planner/lib/xarm_planner/test_dual_xarm_planner_api_joint
[19.697s] -- Set runtime path of "/home/benongnuel/dev_ws/install/xarm_planner/lib/xarm_planner/test_dual_xarm_planner_api_joint" to ""
[19.697s] -- Installing: /home/benongnuel/dev_ws/install/xarm_planner/lib/xarm_planner/test_xarm_planner_api_pose
[19.697s] -- Set runtime path of "/home/benongnuel/dev_ws/install/xarm_planner/lib/xarm_planner/test_xarm_planner_api_pose" to ""
[19.697s] -- Installing: /home/benongnuel/dev_ws/install/xarm_planner/lib/xarm_planner/test_xarm_gripper_planner_api_joint
[19.697s] -- Set runtime path of "/home/benongnuel/dev_ws/install/xarm_planner/lib/xarm_planner/test_xarm_gripper_planner_api_joint" to ""
[19.698s] -- Installing: /home/benongnuel/dev_ws/install/xarm_planner/lib/xarm_planner/test_xarm_planner_client_joint
[19.698s] -- Set runtime path of "/home/benongnuel/dev_ws/install/xarm_planner/lib/xarm_planner/test_xarm_planner_client_joint" to ""
[19.698s] -- Installing: /home/benongnuel/dev_ws/install/xarm_planner/lib/xarm_planner/test_xarm_planner_client_pose
[19.699s] -- Set runtime path of "/home/benongnuel/dev_ws/install/xarm_planner/lib/xarm_planner/test_xarm_planner_client_pose" to ""
[19.699s] -- Installing: /home/benongnuel/dev_ws/install/xarm_planner/lib/xarm_planner/test_xarm_gripper_planner_client_joint
[19.700s] -- Set runtime path of "/home/benongnuel/dev_ws/install/xarm_planner/lib/xarm_planner/test_xarm_gripper_planner_client_joint" to ""
[19.700s] -- Installing: /home/benongnuel/dev_ws/install/xarm_planner/lib/xarm_planner/test_lite_gripper_realmove
[19.700s] -- Set runtime path of "/home/benongnuel/dev_ws/install/xarm_planner/lib/xarm_planner/test_lite_gripper_realmove" to ""
[19.700s] -- Installing: /home/benongnuel/dev_ws/install/xarm_planner/share/xarm_planner//launch
[19.700s] -- Installing: /home/benongnuel/dev_ws/install/xarm_planner/share/xarm_planner//launch/test_xarm_gripper_planner_api_joint.launch.py
[19.700s] -- Installing: /home/benongnuel/dev_ws/install/xarm_planner/share/xarm_planner//launch/xarm5_planner_fake.launch.py
[19.700s] -- Installing: /home/benongnuel/dev_ws/install/xarm_planner/share/xarm_planner//launch/test_dual_xarm_planner_api_joint.launch.py
[19.700s] -- Installing: /home/benongnuel/dev_ws/install/xarm_planner/share/xarm_planner//launch/_robot_planner.launch.py
[19.701s] -- Installing: /home/benongnuel/dev_ws/install/xarm_planner/share/xarm_planner//launch/test_xarm_planner_client_pose.launch.py
[19.701s] -- Installing: /home/benongnuel/dev_ws/install/xarm_planner/share/xarm_planner//launch/test_xarm_gripper_planner_client_joint.launch.py
[19.701s] -- Installing: /home/benongnuel/dev_ws/install/xarm_planner/share/xarm_planner//launch/lite6_planner_fake.launch.py
[19.701s] -- Installing: /home/benongnuel/dev_ws/install/xarm_planner/share/xarm_planner//launch/xarm7_planner_realmove.launch.py
[19.701s] -- Installing: /home/benongnuel/dev_ws/install/xarm_planner/share/xarm_planner//launch/xarm7_mirror_planner_fake.launch.py
[19.701s] -- Installing: /home/benongnuel/dev_ws/install/xarm_planner/share/xarm_planner//launch/uf850_planner_fake.launch.py
[19.701s] -- Installing: /home/benongnuel/dev_ws/install/xarm_planner/share/xarm_planner//launch/xarm5_planner_realmove.launch.py
[19.701s] -- Installing: /home/benongnuel/dev_ws/install/xarm_planner/share/xarm_planner//launch/test_xarm_planner_api_pose.launch.py
[19.701s] -- Installing: /home/benongnuel/dev_ws/install/xarm_planner/share/xarm_planner//launch/test_xarm_planner_client_joint.launch.py
[19.701s] -- Installing: /home/benongnuel/dev_ws/install/xarm_planner/share/xarm_planner//launch/xarm7_mirror_planner_gazebo.launch.py
[19.701s] -- Installing: /home/benongnuel/dev_ws/install/xarm_planner/share/xarm_planner//launch/lite6_planner_realmove.launch.py
[19.701s] -- Installing: /home/benongnuel/dev_ws/install/xarm_planner/share/xarm_planner//launch/_dual_robot_planner.launch.py
[19.701s] -- Installing: /home/benongnuel/dev_ws/install/xarm_planner/share/xarm_planner//launch/test_move_group.launch.py
[19.701s] -- Installing: /home/benongnuel/dev_ws/install/xarm_planner/share/xarm_planner//launch/xarm7_mirror_planner_realmove.launch.py
[19.701s] -- Installing: /home/benongnuel/dev_ws/install/xarm_planner/share/xarm_planner//launch/lite6_planner_gazebo.launch.py
[19.701s] -- Installing: /home/benongnuel/dev_ws/install/xarm_planner/share/xarm_planner//launch/xarm7_planner_gazebo.launch.py
[19.701s] -- Installing: /home/benongnuel/dev_ws/install/xarm_planner/share/xarm_planner//launch/test_lite_gripper_realmove.launch.py
[19.701s] -- Installing: /home/benongnuel/dev_ws/install/xarm_planner/share/xarm_planner//launch/xarm5_planner_gazebo.launch.py
[19.701s] -- Installing: /home/benongnuel/dev_ws/install/xarm_planner/share/xarm_planner//launch/uf850_planner_realmove.launch.py
[19.701s] -- Installing: /home/benongnuel/dev_ws/install/xarm_planner/share/xarm_planner//launch/xarm6_planner_fake.launch.py
[19.701s] -- Installing: /home/benongnuel/dev_ws/install/xarm_planner/share/xarm_planner//launch/xarm6_planner_gazebo.launch.py
[19.701s] -- Installing: /home/benongnuel/dev_ws/install/xarm_planner/share/xarm_planner//launch/uf850_planner_gazebo.launch.py
[19.701s] -- Installing: /home/benongnuel/dev_ws/install/xarm_planner/share/xarm_planner//launch/xarm7_planner_fake.launch.py
[19.701s] -- Installing: /home/benongnuel/dev_ws/install/xarm_planner/share/xarm_planner//launch/test_xarm_planner_api_joint.launch.py
[19.701s] -- Installing: /home/benongnuel/dev_ws/install/xarm_planner/share/xarm_planner//launch/xarm6_planner_realmove.launch.py
[19.701s] -- Installing: /home/benongnuel/dev_ws/install/xarm_planner/share/ament_index/resource_index/package_run_dependencies/xarm_planner
[19.701s] -- Installing: /home/benongnuel/dev_ws/install/xarm_planner/share/ament_index/resource_index/parent_prefix_path/xarm_planner
[19.701s] -- Installing: /home/benongnuel/dev_ws/install/xarm_planner/share/xarm_planner/environment/ament_prefix_path.sh
[19.701s] -- Installing: /home/benongnuel/dev_ws/install/xarm_planner/share/xarm_planner/environment/ament_prefix_path.dsv
[19.702s] -- Installing: /home/benongnuel/dev_ws/install/xarm_planner/share/xarm_planner/environment/path.sh
[19.702s] -- Installing: /home/benongnuel/dev_ws/install/xarm_planner/share/xarm_planner/environment/path.dsv
[19.702s] -- Installing: /home/benongnuel/dev_ws/install/xarm_planner/share/xarm_planner/local_setup.bash
[19.702s] -- Installing: /home/benongnuel/dev_ws/install/xarm_planner/share/xarm_planner/local_setup.sh
[19.702s] -- Installing: /home/benongnuel/dev_ws/install/xarm_planner/share/xarm_planner/local_setup.zsh
[19.702s] -- Installing: /home/benongnuel/dev_ws/install/xarm_planner/share/xarm_planner/local_setup.dsv
[19.702s] -- Installing: /home/benongnuel/dev_ws/install/xarm_planner/share/xarm_planner/package.dsv
[19.702s] -- Installing: /home/benongnuel/dev_ws/install/xarm_planner/share/ament_index/resource_index/packages/xarm_planner
[19.702s] -- Installing: /home/benongnuel/dev_ws/install/xarm_planner/share/xarm_planner/cmake/xarm_plannerConfig.cmake
[19.702s] -- Installing: /home/benongnuel/dev_ws/install/xarm_planner/share/xarm_planner/cmake/xarm_plannerConfig-version.cmake
[19.702s] -- Installing: /home/benongnuel/dev_ws/install/xarm_planner/share/xarm_planner/package.xml
[19.704s] Invoked command in '/home/benongnuel/dev_ws/build/xarm_planner' returned '0': AMENT_PREFIX_PATH=/home/benongnuel/dev_ws/install/xarm_moveit_config:/home/benongnuel/dev_ws/install/xarm_gazebo:/home/benongnuel/dev_ws/install/xarm_controller:/home/benongnuel/dev_ws/install/xarm_api:/home/benongnuel/dev_ws/install/xarm_sdk:/home/benongnuel/dev_ws/install/xarm_msgs:/home/benongnuel/dev_ws/install/xarm_description:/home/benongnuel/dev_ws/install/uf_ros_lib:${AMENT_PREFIX_PATH} CMAKE_PREFIX_PATH=/home/benongnuel/dev_ws/install/xarm_moveit_config:/home/benongnuel/dev_ws/install/xarm_gazebo:/home/benongnuel/dev_ws/install/xarm_controller:/home/benongnuel/dev_ws/install/xarm_api:/home/benongnuel/dev_ws/install/xarm_sdk:/home/benongnuel/dev_ws/install/xarm_msgs:/home/benongnuel/dev_ws/install/xarm_description:/home/benongnuel/robo_ws/install/custom_3dof_arm:/opt/ros/humble LD_LIBRARY_PATH=/home/benongnuel/dev_ws/install/xarm_gazebo/lib:/home/benongnuel/dev_ws/install/xarm_controller/lib:/home/benongnuel/dev_ws/install/xarm_api/lib:/home/benongnuel/dev_ws/install/xarm_sdk/lib:/home/benongnuel/dev_ws/install/xarm_msgs/lib:${LD_LIBRARY_PATH} PYTHONPATH=/home/benongnuel/dev_ws/install/xarm_msgs/local/lib/python3.10/dist-packages:/home/benongnuel/dev_ws/install/uf_ros_lib/lib/python3.10/site-packages:${PYTHONPATH} /usr/bin/cmake --install /home/benongnuel/dev_ws/build/xarm_planner
