[0.013s] Invoking command in '/home/benongnuel/dev_ws/build/xarm_api': CMAKE_PREFIX_PATH=/home/benongnuel/dev_ws/install/xarm_sdk:/home/benongnuel/dev_ws/install/xarm_msgs:/home/benongnuel/dev_ws/install/xarm_description:/home/benongnuel/dev_ws/install/xarm_planner:/home/benongnuel/dev_ws/install/xarm_moveit_servo:/home/benongnuel/dev_ws/install/xarm_moveit_config:/home/benongnuel/dev_ws/install/xarm_gazebo:/home/benongnuel/dev_ws/install/xarm_controller:/home/benongnuel/dev_ws/install/d435i_xarm_setup:/home/benongnuel/dev_ws/install/xarm_api:/home/benongnuel/dev_ws/install/realsense_gazebo_plugin:/home/benongnuel/dev_ws/install/mbot_demo:/home/benongnuel/dev_ws/install/kdl_parser:/home/benongnuel/robo_ws/install/custom_3dof_arm:/home/benongnuel/dev_ws/install/uf_ros_lib:/home/benongnuel/dev_ws/install/my_gripper_scripts:/opt/ros/humble LD_LIBRARY_PATH=/home/benongnuel/dev_ws/install/xarm_sdk/lib:/home/benongnuel/dev_ws/install/xarm_msgs/lib:/home/benongnuel/dev_ws/install/xarm_planner/lib:/home/benongnuel/dev_ws/install/xarm_moveit_servo/lib:/home/benongnuel/dev_ws/install/xarm_gazebo/lib:/home/benongnuel/dev_ws/install/xarm_controller/lib:/home/benongnuel/dev_ws/install/xarm_api/lib:/home/benongnuel/dev_ws/install/realsense_gazebo_plugin/lib:/home/benongnuel/dev_ws/install/kdl_parser/lib:/usr/lib/x86_64-linux-gnu/gazebo-11/plugins:/opt/ros/humble/opt/rviz_ogre_vendor/lib:/opt/ros/humble/lib/x86_64-linux-gnu:/opt/ros/humble/lib /usr/bin/cmake /home/benongnuel/dev_ws/src/xarm_ros2/xarm_api -DAMENT_CMAKE_SYMLINK_INSTALL=1 -DCMAKE_INSTALL_PREFIX=/home/benongnuel/dev_ws/install/xarm_api
[0.024s] -- Found ament_cmake: 1.3.11 (/opt/ros/humble/share/ament_cmake/cmake)
[0.107s] -- Override CMake install command with custom implementation using symlinks instead of copying resources
[0.112s] -- Found ament_lint_auto: 0.12.12 (/opt/ros/humble/share/ament_lint_auto/cmake)
[0.157s] -- Found rclcpp: 16.0.12 (/opt/ros/humble/share/rclcpp/cmake)
[0.175s] -- Found rosidl_generator_c: 3.1.6 (/opt/ros/humble/share/rosidl_generator_c/cmake)
[0.176s] -- Found rosidl_adapter: 3.1.6 (/opt/ros/humble/share/rosidl_adapter/cmake)
[0.179s] -- Found rosidl_generator_cpp: 3.1.6 (/opt/ros/humble/share/rosidl_generator_cpp/cmake)
[0.185s] -- Using all available rosidl_typesupport_c: rosidl_typesupport_fastrtps_c;rosidl_typesupport_introspection_c
[0.193s] -- Using all available rosidl_typesupport_cpp: rosidl_typesupport_fastrtps_cpp;rosidl_typesupport_introspection_cpp
[0.212s] -- Found rmw_implementation_cmake: 6.1.2 (/opt/ros/humble/share/rmw_implementation_cmake/cmake)
[0.213s] -- Found rmw_fastrtps_cpp: 6.2.7 (/opt/ros/humble/share/rmw_fastrtps_cpp/cmake)
[0.295s] -- Using RMW implementation 'rmw_fastrtps_cpp' as default
[0.326s] -- Found rclcpp_action: 16.0.12 (/opt/ros/humble/share/rclcpp_action/cmake)
[0.403s] -- Found sensor_msgs: 4.8.0 (/opt/ros/humble/share/sensor_msgs/cmake)
[0.422s] -- Found control_msgs: 4.8.0 (/opt/ros/humble/share/control_msgs/cmake)
[0.453s] -- Found xarm_msgs: 0.0.0 (/home/benongnuel/dev_ws/install/xarm_msgs/share/xarm_msgs/cmake)
[0.462s] -- Found xarm_sdk: 0.0.0 (/home/benongnuel/dev_ws/install/xarm_sdk/share/xarm_sdk/cmake)
[0.482s] -- Added test 'copyright' to check source files copyright and LICENSE
[0.482s] -- Added test 'cppcheck' to perform static code analysis on C / C++ code
[0.483s] -- Configured cppcheck include dirs: /home/benongnuel/dev_ws/src/xarm_ros2/xarm_api/include
[0.483s] -- Configured cppcheck exclude dirs and/or files: 
[0.484s] -- Added test 'cpplint' to check C / C++ code against the Google style
[0.484s] -- Configured cpplint exclude dirs and/or files: 
[0.484s] -- Added test 'flake8' to check Python code syntax and style conventions
[0.485s] -- Added test 'lint_cmake' to check CMake code style
[0.485s] -- Added test 'pep257' to check Python code against some of the docstring style conventions in PEP 257
[0.485s] -- Added test 'uncrustify' to check C / C++ code style
[0.485s] -- Configured uncrustify additional arguments: 
[0.486s] -- Added test 'xmllint' to check XML markup files
[0.488s] -- Configuring done
[0.509s] -- Generating done
[0.517s] -- Build files have been written to: /home/benongnuel/dev_ws/build/xarm_api
[0.523s] Invoked command in '/home/benongnuel/dev_ws/build/xarm_api' returned '0': CMAKE_PREFIX_PATH=/home/benongnuel/dev_ws/install/xarm_sdk:/home/benongnuel/dev_ws/install/xarm_msgs:/home/benongnuel/dev_ws/install/xarm_description:/home/benongnuel/dev_ws/install/xarm_planner:/home/benongnuel/dev_ws/install/xarm_moveit_servo:/home/benongnuel/dev_ws/install/xarm_moveit_config:/home/benongnuel/dev_ws/install/xarm_gazebo:/home/benongnuel/dev_ws/install/xarm_controller:/home/benongnuel/dev_ws/install/d435i_xarm_setup:/home/benongnuel/dev_ws/install/xarm_api:/home/benongnuel/dev_ws/install/realsense_gazebo_plugin:/home/benongnuel/dev_ws/install/mbot_demo:/home/benongnuel/dev_ws/install/kdl_parser:/home/benongnuel/robo_ws/install/custom_3dof_arm:/home/benongnuel/dev_ws/install/uf_ros_lib:/home/benongnuel/dev_ws/install/my_gripper_scripts:/opt/ros/humble LD_LIBRARY_PATH=/home/benongnuel/dev_ws/install/xarm_sdk/lib:/home/benongnuel/dev_ws/install/xarm_msgs/lib:/home/benongnuel/dev_ws/install/xarm_planner/lib:/home/benongnuel/dev_ws/install/xarm_moveit_servo/lib:/home/benongnuel/dev_ws/install/xarm_gazebo/lib:/home/benongnuel/dev_ws/install/xarm_controller/lib:/home/benongnuel/dev_ws/install/xarm_api/lib:/home/benongnuel/dev_ws/install/realsense_gazebo_plugin/lib:/home/benongnuel/dev_ws/install/kdl_parser/lib:/usr/lib/x86_64-linux-gnu/gazebo-11/plugins:/opt/ros/humble/opt/rviz_ogre_vendor/lib:/opt/ros/humble/lib/x86_64-linux-gnu:/opt/ros/humble/lib /usr/bin/cmake /home/benongnuel/dev_ws/src/xarm_ros2/xarm_api -DAMENT_CMAKE_SYMLINK_INSTALL=1 -DCMAKE_INSTALL_PREFIX=/home/benongnuel/dev_ws/install/xarm_api
[0.525s] Invoking command in '/home/benongnuel/dev_ws/build/xarm_api': CMAKE_PREFIX_PATH=/home/benongnuel/dev_ws/install/xarm_sdk:/home/benongnuel/dev_ws/install/xarm_msgs:/home/benongnuel/dev_ws/install/xarm_description:/home/benongnuel/dev_ws/install/xarm_planner:/home/benongnuel/dev_ws/install/xarm_moveit_servo:/home/benongnuel/dev_ws/install/xarm_moveit_config:/home/benongnuel/dev_ws/install/xarm_gazebo:/home/benongnuel/dev_ws/install/xarm_controller:/home/benongnuel/dev_ws/install/d435i_xarm_setup:/home/benongnuel/dev_ws/install/xarm_api:/home/benongnuel/dev_ws/install/realsense_gazebo_plugin:/home/benongnuel/dev_ws/install/mbot_demo:/home/benongnuel/dev_ws/install/kdl_parser:/home/benongnuel/robo_ws/install/custom_3dof_arm:/home/benongnuel/dev_ws/install/uf_ros_lib:/home/benongnuel/dev_ws/install/my_gripper_scripts:/opt/ros/humble LD_LIBRARY_PATH=/home/benongnuel/dev_ws/install/xarm_sdk/lib:/home/benongnuel/dev_ws/install/xarm_msgs/lib:/home/benongnuel/dev_ws/install/xarm_planner/lib:/home/benongnuel/dev_ws/install/xarm_moveit_servo/lib:/home/benongnuel/dev_ws/install/xarm_gazebo/lib:/home/benongnuel/dev_ws/install/xarm_controller/lib:/home/benongnuel/dev_ws/install/xarm_api/lib:/home/benongnuel/dev_ws/install/realsense_gazebo_plugin/lib:/home/benongnuel/dev_ws/install/kdl_parser/lib:/usr/lib/x86_64-linux-gnu/gazebo-11/plugins:/opt/ros/humble/opt/rviz_ogre_vendor/lib:/opt/ros/humble/lib/x86_64-linux-gnu:/opt/ros/humble/lib /usr/bin/cmake --build /home/benongnuel/dev_ws/build/xarm_api -- -j16 -l16
[0.559s] [35m[1mConsolidate compiler generated dependencies of target test_robot_states[0m
[0.559s] [35m[1mConsolidate compiler generated dependencies of target xarm_ros_client[0m
[0.561s] [35m[1mConsolidate compiler generated dependencies of target xarm_ros_driver[0m
[0.574s] [  7%] [32m[1mLinking CXX executable test_robot_states[0m
[0.576s] [ 15%] [32m[1mLinking CXX shared library libxarm_ros_client.so[0m
[0.587s] [ 23%] [32m[1mLinking CXX shared library libxarm_ros_driver.so[0m
[1.666s] [ 30%] Built target test_robot_states
[2.682s] [ 38%] Built target xarm_ros_client
[2.693s] [35m[1mConsolidate compiler generated dependencies of target test_xarm_velo_move[0m
[2.693s] [35m[1mConsolidate compiler generated dependencies of target test_xarm_ros_client[0m
[2.710s] [ 46%] [32m[1mLinking CXX executable test_xarm_velo_move[0m
[2.711s] [ 53%] [32m[1mLinking CXX executable test_xarm_ros_client[0m
[3.526s] [ 61%] Built target test_xarm_velo_move
[3.533s] [ 69%] Built target test_xarm_ros_client
[3.808s] [ 84%] Built target xarm_ros_driver
[3.816s] [35m[1mConsolidate compiler generated dependencies of target xarm_driver_node[0m
[3.832s] [ 92%] [32m[1mLinking CXX executable xarm_driver_node[0m
[4.358s] [100%] Built target xarm_driver_node
[4.366s] Invoked command in '/home/benongnuel/dev_ws/build/xarm_api' returned '0': CMAKE_PREFIX_PATH=/home/benongnuel/dev_ws/install/xarm_sdk:/home/benongnuel/dev_ws/install/xarm_msgs:/home/benongnuel/dev_ws/install/xarm_description:/home/benongnuel/dev_ws/install/xarm_planner:/home/benongnuel/dev_ws/install/xarm_moveit_servo:/home/benongnuel/dev_ws/install/xarm_moveit_config:/home/benongnuel/dev_ws/install/xarm_gazebo:/home/benongnuel/dev_ws/install/xarm_controller:/home/benongnuel/dev_ws/install/d435i_xarm_setup:/home/benongnuel/dev_ws/install/xarm_api:/home/benongnuel/dev_ws/install/realsense_gazebo_plugin:/home/benongnuel/dev_ws/install/mbot_demo:/home/benongnuel/dev_ws/install/kdl_parser:/home/benongnuel/robo_ws/install/custom_3dof_arm:/home/benongnuel/dev_ws/install/uf_ros_lib:/home/benongnuel/dev_ws/install/my_gripper_scripts:/opt/ros/humble LD_LIBRARY_PATH=/home/benongnuel/dev_ws/install/xarm_sdk/lib:/home/benongnuel/dev_ws/install/xarm_msgs/lib:/home/benongnuel/dev_ws/install/xarm_planner/lib:/home/benongnuel/dev_ws/install/xarm_moveit_servo/lib:/home/benongnuel/dev_ws/install/xarm_gazebo/lib:/home/benongnuel/dev_ws/install/xarm_controller/lib:/home/benongnuel/dev_ws/install/xarm_api/lib:/home/benongnuel/dev_ws/install/realsense_gazebo_plugin/lib:/home/benongnuel/dev_ws/install/kdl_parser/lib:/usr/lib/x86_64-linux-gnu/gazebo-11/plugins:/opt/ros/humble/opt/rviz_ogre_vendor/lib:/opt/ros/humble/lib/x86_64-linux-gnu:/opt/ros/humble/lib /usr/bin/cmake --build /home/benongnuel/dev_ws/build/xarm_api -- -j16 -l16
[4.368s] Invoking command in '/home/benongnuel/dev_ws/build/xarm_api': CMAKE_PREFIX_PATH=/home/benongnuel/dev_ws/install/xarm_sdk:/home/benongnuel/dev_ws/install/xarm_msgs:/home/benongnuel/dev_ws/install/xarm_description:/home/benongnuel/dev_ws/install/xarm_planner:/home/benongnuel/dev_ws/install/xarm_moveit_servo:/home/benongnuel/dev_ws/install/xarm_moveit_config:/home/benongnuel/dev_ws/install/xarm_gazebo:/home/benongnuel/dev_ws/install/xarm_controller:/home/benongnuel/dev_ws/install/d435i_xarm_setup:/home/benongnuel/dev_ws/install/xarm_api:/home/benongnuel/dev_ws/install/realsense_gazebo_plugin:/home/benongnuel/dev_ws/install/mbot_demo:/home/benongnuel/dev_ws/install/kdl_parser:/home/benongnuel/robo_ws/install/custom_3dof_arm:/home/benongnuel/dev_ws/install/uf_ros_lib:/home/benongnuel/dev_ws/install/my_gripper_scripts:/opt/ros/humble LD_LIBRARY_PATH=/home/benongnuel/dev_ws/install/xarm_sdk/lib:/home/benongnuel/dev_ws/install/xarm_msgs/lib:/home/benongnuel/dev_ws/install/xarm_planner/lib:/home/benongnuel/dev_ws/install/xarm_moveit_servo/lib:/home/benongnuel/dev_ws/install/xarm_gazebo/lib:/home/benongnuel/dev_ws/install/xarm_controller/lib:/home/benongnuel/dev_ws/install/xarm_api/lib:/home/benongnuel/dev_ws/install/realsense_gazebo_plugin/lib:/home/benongnuel/dev_ws/install/kdl_parser/lib:/usr/lib/x86_64-linux-gnu/gazebo-11/plugins:/opt/ros/humble/opt/rviz_ogre_vendor/lib:/opt/ros/humble/lib/x86_64-linux-gnu:/opt/ros/humble/lib /usr/bin/cmake --install /home/benongnuel/dev_ws/build/xarm_api
[4.375s] -- Install configuration: ""
[4.375s] -- Execute custom install script
[4.375s] -- Symlinking: /home/benongnuel/dev_ws/install/xarm_api/share/xarm_api/environment/library_path.sh
[4.381s] -- Symlinking: /home/benongnuel/dev_ws/install/xarm_api/share/xarm_api/environment/library_path.dsv
[4.387s] -- Symlinking: /home/benongnuel/dev_ws/install/xarm_api/include/xarm_api/visibility_control.h
[4.392s] -- Symlinking: /home/benongnuel/dev_ws/install/xarm_api/include/xarm_api/xarm_driver.h
[4.399s] -- Symlinking: /home/benongnuel/dev_ws/install/xarm_api/include/xarm_api/xarm_msgs.h
[4.406s] -- Symlinking: /home/benongnuel/dev_ws/install/xarm_api/include/xarm_api/xarm_ros_client.h
[4.413s] -- Symlinking: /home/benongnuel/dev_ws/install/xarm_api/lib/libxarm_ros_driver.so
[4.419s] -- Symlinking: /home/benongnuel/dev_ws/install/xarm_api/lib/libxarm_ros_client.so
[4.424s] -- Symlinking: /home/benongnuel/dev_ws/install/xarm_api/lib/xarm_api/xarm_driver_node
[4.430s] -- Symlinking: /home/benongnuel/dev_ws/install/xarm_api/lib/xarm_api/test_xarm_ros_client
[4.436s] -- Symlinking: /home/benongnuel/dev_ws/install/xarm_api/lib/xarm_api/test_xarm_velo_move
[4.446s] -- Symlinking: /home/benongnuel/dev_ws/install/xarm_api/lib/xarm_api/test_robot_states
[4.455s] -- Symlinking: /home/benongnuel/dev_ws/install/xarm_api/share/xarm_api//launch/_robot_driver.launch.py
[4.464s] -- Symlinking: /home/benongnuel/dev_ws/install/xarm_api/share/xarm_api//launch/lib/robot_api_lib.py
[4.469s] -- Symlinking: /home/benongnuel/dev_ws/install/xarm_api/share/xarm_api//launch/lite6_driver.launch.py
[4.477s] -- Symlinking: /home/benongnuel/dev_ws/install/xarm_api/share/xarm_api//launch/uf850_driver.launch.py
[4.482s] -- Symlinking: /home/benongnuel/dev_ws/install/xarm_api/share/xarm_api//launch/xarm5_driver.launch.py
[4.487s] -- Symlinking: /home/benongnuel/dev_ws/install/xarm_api/share/xarm_api//launch/xarm6_driver.launch.py
[4.495s] -- Symlinking: /home/benongnuel/dev_ws/install/xarm_api/share/xarm_api//launch/xarm7_driver.launch.py
[4.501s] -- Symlinking: /home/benongnuel/dev_ws/install/xarm_api/share/xarm_api//config/xarm_params.yaml
[4.508s] -- Symlinking: /home/benongnuel/dev_ws/install/xarm_api/share/ament_index/resource_index/package_run_dependencies/xarm_api
[4.515s] -- Symlinking: /home/benongnuel/dev_ws/install/xarm_api/share/ament_index/resource_index/parent_prefix_path/xarm_api
[4.520s] -- Symlinking: /home/benongnuel/dev_ws/install/xarm_api/share/xarm_api/environment/ament_prefix_path.sh
[4.526s] -- Symlinking: /home/benongnuel/dev_ws/install/xarm_api/share/xarm_api/environment/ament_prefix_path.dsv
[4.531s] -- Symlinking: /home/benongnuel/dev_ws/install/xarm_api/share/xarm_api/environment/path.sh
[4.537s] -- Symlinking: /home/benongnuel/dev_ws/install/xarm_api/share/xarm_api/environment/path.dsv
[4.545s] -- Symlinking: /home/benongnuel/dev_ws/install/xarm_api/share/xarm_api/local_setup.bash
[4.551s] -- Symlinking: /home/benongnuel/dev_ws/install/xarm_api/share/xarm_api/local_setup.sh
[4.558s] -- Symlinking: /home/benongnuel/dev_ws/install/xarm_api/share/xarm_api/local_setup.zsh
[4.564s] -- Symlinking: /home/benongnuel/dev_ws/install/xarm_api/share/xarm_api/local_setup.dsv
[4.569s] -- Symlinking: /home/benongnuel/dev_ws/install/xarm_api/share/xarm_api/package.dsv
[4.575s] -- Symlinking: /home/benongnuel/dev_ws/install/xarm_api/share/ament_index/resource_index/packages/xarm_api
[4.580s] -- Symlinking: /home/benongnuel/dev_ws/install/xarm_api/share/xarm_api/cmake/ament_cmake_export_libraries-extras.cmake
[4.585s] -- Symlinking: /home/benongnuel/dev_ws/install/xarm_api/share/xarm_api/cmake/ament_cmake_export_include_directories-extras.cmake
[4.595s] -- Symlinking: /home/benongnuel/dev_ws/install/xarm_api/share/xarm_api/cmake/xarm_apiConfig.cmake
[4.603s] -- Symlinking: /home/benongnuel/dev_ws/install/xarm_api/share/xarm_api/cmake/xarm_apiConfig-version.cmake
[4.611s] -- Symlinking: /home/benongnuel/dev_ws/install/xarm_api/share/xarm_api/package.xml
[4.619s] Invoked command in '/home/benongnuel/dev_ws/build/xarm_api' returned '0': CMAKE_PREFIX_PATH=/home/benongnuel/dev_ws/install/xarm_sdk:/home/benongnuel/dev_ws/install/xarm_msgs:/home/benongnuel/dev_ws/install/xarm_description:/home/benongnuel/dev_ws/install/xarm_planner:/home/benongnuel/dev_ws/install/xarm_moveit_servo:/home/benongnuel/dev_ws/install/xarm_moveit_config:/home/benongnuel/dev_ws/install/xarm_gazebo:/home/benongnuel/dev_ws/install/xarm_controller:/home/benongnuel/dev_ws/install/d435i_xarm_setup:/home/benongnuel/dev_ws/install/xarm_api:/home/benongnuel/dev_ws/install/realsense_gazebo_plugin:/home/benongnuel/dev_ws/install/mbot_demo:/home/benongnuel/dev_ws/install/kdl_parser:/home/benongnuel/robo_ws/install/custom_3dof_arm:/home/benongnuel/dev_ws/install/uf_ros_lib:/home/benongnuel/dev_ws/install/my_gripper_scripts:/opt/ros/humble LD_LIBRARY_PATH=/home/benongnuel/dev_ws/install/xarm_sdk/lib:/home/benongnuel/dev_ws/install/xarm_msgs/lib:/home/benongnuel/dev_ws/install/xarm_planner/lib:/home/benongnuel/dev_ws/install/xarm_moveit_servo/lib:/home/benongnuel/dev_ws/install/xarm_gazebo/lib:/home/benongnuel/dev_ws/install/xarm_controller/lib:/home/benongnuel/dev_ws/install/xarm_api/lib:/home/benongnuel/dev_ws/install/realsense_gazebo_plugin/lib:/home/benongnuel/dev_ws/install/kdl_parser/lib:/usr/lib/x86_64-linux-gnu/gazebo-11/plugins:/opt/ros/humble/opt/rviz_ogre_vendor/lib:/opt/ros/humble/lib/x86_64-linux-gnu:/opt/ros/humble/lib /usr/bin/cmake --install /home/benongnuel/dev_ws/build/xarm_api
