[0.166s] Invoking command in '/home/benongnuel/dev_ws/build/kdl_parser': CMAKE_PREFIX_PATH=${CMAKE_PREFIX_PATH}:/home/benongnuel/dev_ws/install/uf_ros_lib:/home/benongnuel/dev_ws/install/my_gripper_scripts:/opt/ros/humble /usr/bin/cmake /home/benongnuel/dev_ws/src/kdl_parser/kdl_parser -DAMENT_CMAKE_SYMLINK_INSTALL=1 -DCMAKE_INSTALL_PREFIX=/home/benongnuel/dev_ws/install/kdl_parser
[0.320s] -- Found ament_cmake_ros: 0.10.0 (/opt/ros/humble/share/ament_cmake_ros/cmake)
[0.321s] -- Override CMake install command with custom implementation using symlinks instead of copying resources
[0.321s] -- Found orocos_kdl_vendor: 0.2.5 (/opt/ros/humble/share/orocos_kdl_vendor/cmake)
[0.321s] -- Found eigen3_cmake_module: 0.1.1 (/opt/ros/humble/share/eigen3_cmake_module/cmake)
[0.321s] -- Ensuring Eigen3 include directory is part of orocos-kdl CMake target
[0.321s] -- Found urdf: 2.6.1 (/opt/ros/humble/share/urdf/cmake)
[0.321s] -- Found ament_lint_auto: 0.12.12 (/opt/ros/humble/share/ament_lint_auto/cmake)
[0.346s] -- Added test 'cppcheck' to perform static code analysis on C / C++ code
[0.346s] -- Configured cppcheck include dirs: $<BUILD_INTERFACE:/home/benongnuel/dev_ws/src/kdl_parser/kdl_parser/include>
[0.346s] -- Configured cppcheck exclude dirs and/or files: 
[0.347s] -- Added test 'cpplint' to check C / C++ code against the Google style
[0.347s] -- Configured cpplint exclude dirs and/or files: 
[0.348s] -- Added test 'lint_cmake' to check CMake code style
[0.349s] -- Added test 'uncrustify' to check C / C++ code style
[0.349s] -- Configured uncrustify additional arguments: 
[0.350s] -- Added test 'xmllint' to check XML markup files
[0.353s] -- Configuring done
[0.359s] -- Generating done
[0.361s] -- Build files have been written to: /home/benongnuel/dev_ws/build/kdl_parser
[0.378s] Invoked command in '/home/benongnuel/dev_ws/build/kdl_parser' returned '0': CMAKE_PREFIX_PATH=${CMAKE_PREFIX_PATH}:/home/benongnuel/dev_ws/install/uf_ros_lib:/home/benongnuel/dev_ws/install/my_gripper_scripts:/opt/ros/humble /usr/bin/cmake /home/benongnuel/dev_ws/src/kdl_parser/kdl_parser -DAMENT_CMAKE_SYMLINK_INSTALL=1 -DCMAKE_INSTALL_PREFIX=/home/benongnuel/dev_ws/install/kdl_parser
[0.379s] Invoking command in '/home/benongnuel/dev_ws/build/kdl_parser': CMAKE_PREFIX_PATH=${CMAKE_PREFIX_PATH}:/home/benongnuel/dev_ws/install/uf_ros_lib:/home/benongnuel/dev_ws/install/my_gripper_scripts:/opt/ros/humble /usr/bin/cmake --build /home/benongnuel/dev_ws/build/kdl_parser -- -j16 -l16
[0.422s] [35m[1mConsolidate compiler generated dependencies of target kdl_parser[0m
[0.438s] [100%] Built target kdl_parser
[0.448s] Invoked command in '/home/benongnuel/dev_ws/build/kdl_parser' returned '0': CMAKE_PREFIX_PATH=${CMAKE_PREFIX_PATH}:/home/benongnuel/dev_ws/install/uf_ros_lib:/home/benongnuel/dev_ws/install/my_gripper_scripts:/opt/ros/humble /usr/bin/cmake --build /home/benongnuel/dev_ws/build/kdl_parser -- -j16 -l16
[0.450s] Invoking command in '/home/benongnuel/dev_ws/build/kdl_parser': CMAKE_PREFIX_PATH=${CMAKE_PREFIX_PATH}:/home/benongnuel/dev_ws/install/uf_ros_lib:/home/benongnuel/dev_ws/install/my_gripper_scripts:/opt/ros/humble /usr/bin/cmake --install /home/benongnuel/dev_ws/build/kdl_parser
[0.457s] -- Install configuration: ""
[0.457s] -- Execute custom install script
[0.457s] -- Symlinking: /home/benongnuel/dev_ws/install/kdl_parser/include/kdl_parser/kdl_parser/kdl_parser.hpp
[0.463s] -- Symlinking: /home/benongnuel/dev_ws/install/kdl_parser/include/kdl_parser/kdl_parser/visibility_control.hpp
[0.469s] -- Symlinking: /home/benongnuel/dev_ws/install/kdl_parser/share/ament_index/resource_index/package_run_dependencies/kdl_parser
[0.475s] -- Symlinking: /home/benongnuel/dev_ws/install/kdl_parser/share/ament_index/resource_index/parent_prefix_path/kdl_parser
[0.483s] -- Symlinking: /home/benongnuel/dev_ws/install/kdl_parser/share/kdl_parser/environment/ament_prefix_path.sh
[0.489s] -- Symlinking: /home/benongnuel/dev_ws/install/kdl_parser/share/kdl_parser/environment/ament_prefix_path.dsv
[0.498s] -- Symlinking: /home/benongnuel/dev_ws/install/kdl_parser/share/kdl_parser/environment/path.sh
[0.508s] -- Symlinking: /home/benongnuel/dev_ws/install/kdl_parser/share/kdl_parser/environment/path.dsv
[0.513s] -- Symlinking: /home/benongnuel/dev_ws/install/kdl_parser/share/kdl_parser/local_setup.bash
[0.519s] -- Symlinking: /home/benongnuel/dev_ws/install/kdl_parser/share/kdl_parser/local_setup.sh
[0.524s] -- Symlinking: /home/benongnuel/dev_ws/install/kdl_parser/share/kdl_parser/local_setup.zsh
[0.532s] -- Symlinking: /home/benongnuel/dev_ws/install/kdl_parser/share/kdl_parser/local_setup.dsv
[0.540s] -- Symlinking: /home/benongnuel/dev_ws/install/kdl_parser/share/kdl_parser/package.dsv
[0.546s] -- Symlinking: /home/benongnuel/dev_ws/install/kdl_parser/share/ament_index/resource_index/packages/kdl_parser
[0.554s] -- Symlinking: /home/benongnuel/dev_ws/install/kdl_parser/share/kdl_parser/cmake/ament_cmake_export_dependencies-extras.cmake
[0.561s] -- Symlinking: /home/benongnuel/dev_ws/install/kdl_parser/share/kdl_parser/cmake/ament_cmake_export_targets-extras.cmake
[0.568s] -- Symlinking: /home/benongnuel/dev_ws/install/kdl_parser/share/kdl_parser/cmake/kdl_parserConfig.cmake
[0.574s] -- Symlinking: /home/benongnuel/dev_ws/install/kdl_parser/share/kdl_parser/cmake/kdl_parserConfig-version.cmake
[0.581s] -- Symlinking: /home/benongnuel/dev_ws/install/kdl_parser/share/kdl_parser/package.xml
[0.588s] -- Up-to-date: /home/benongnuel/dev_ws/install/kdl_parser/lib/libkdl_parser.so
[0.588s] -- Up-to-date: /home/benongnuel/dev_ws/install/kdl_parser/share/kdl_parser/cmake/export_kdl_parserExport.cmake
[0.588s] -- Up-to-date: /home/benongnuel/dev_ws/install/kdl_parser/share/kdl_parser/cmake/export_kdl_parserExport-noconfig.cmake
[0.591s] Invoked command in '/home/benongnuel/dev_ws/build/kdl_parser' returned '0': CMAKE_PREFIX_PATH=${CMAKE_PREFIX_PATH}:/home/benongnuel/dev_ws/install/uf_ros_lib:/home/benongnuel/dev_ws/install/my_gripper_scripts:/opt/ros/humble /usr/bin/cmake --install /home/benongnuel/dev_ws/build/kdl_parser
