[0.009s] Invoking command in '/home/benongnuel/dev_ws/build/xarm_api': AMENT_PREFIX_PATH=/home/benongnuel/dev_ws/install/xarm_sdk:/home/benongnuel/dev_ws/install/xarm_msgs:/home/benongnuel/dev_ws/install/xarm_description:${AMENT_PREFIX_PATH} CMAKE_PREFIX_PATH=/home/benongnuel/dev_ws/install/xarm_sdk:/home/benongnuel/dev_ws/install/xarm_msgs:/home/benongnuel/dev_ws/install/xarm_description:/home/benongnuel/robo_ws/install/custom_3dof_arm:/opt/ros/humble LD_LIBRARY_PATH=/home/benongnuel/dev_ws/install/xarm_sdk/lib:/home/benongnuel/dev_ws/install/xarm_msgs/lib:${LD_LIBRARY_PATH} PYTHONPATH=/home/benongnuel/dev_ws/install/xarm_msgs/local/lib/python3.10/dist-packages:${PYTHONPATH} /usr/bin/cmake /home/benongnuel/dev_ws/src/xarm_ros2/xarm_api -DCMAKE_INSTALL_PREFIX=/home/benongnuel/dev_ws/install/xarm_api
[0.055s] -- The C compiler identification is GNU 11.4.0
[0.092s] -- The CXX compiler identification is GNU 11.4.0
[0.097s] -- Detecting C compiler ABI info
[0.151s] -- Detecting C compiler ABI info - done
[0.156s] -- Check for working C compiler: /usr/bin/cc - skipped
[0.156s] -- Detecting C compile features
[0.156s] -- Detecting C compile features - done
[0.158s] -- Detecting CXX compiler ABI info
[0.218s] -- Detecting CXX compiler ABI info - done
[0.223s] -- Check for working CXX compiler: /usr/bin/c++ - skipped
[0.223s] -- Detecting CXX compile features
[0.224s] -- Detecting CXX compile features - done
[0.225s] -- Found ament_cmake: 1.3.11 (/opt/ros/humble/share/ament_cmake/cmake)
[0.315s] -- Found Python3: /usr/bin/python3 (found version "3.10.12") found components: Interpreter 
[0.368s] -- Found ament_lint_auto: 0.12.12 (/opt/ros/humble/share/ament_lint_auto/cmake)
[0.414s] -- Found rclcpp: 16.0.12 (/opt/ros/humble/share/rclcpp/cmake)
[0.439s] -- Found rosidl_generator_c: 3.1.6 (/opt/ros/humble/share/rosidl_generator_c/cmake)
[0.442s] -- Found rosidl_adapter: 3.1.6 (/opt/ros/humble/share/rosidl_adapter/cmake)
[0.447s] -- Found rosidl_generator_cpp: 3.1.6 (/opt/ros/humble/share/rosidl_generator_cpp/cmake)
[0.455s] -- Using all available rosidl_typesupport_c: rosidl_typesupport_fastrtps_c;rosidl_typesupport_introspection_c
[0.464s] -- Using all available rosidl_typesupport_cpp: rosidl_typesupport_fastrtps_cpp;rosidl_typesupport_introspection_cpp
[0.490s] -- Found rmw_implementation_cmake: 6.1.2 (/opt/ros/humble/share/rmw_implementation_cmake/cmake)
[0.491s] -- Found rmw_fastrtps_cpp: 6.2.7 (/opt/ros/humble/share/rmw_fastrtps_cpp/cmake)
[0.552s] -- Found OpenSSL: /usr/lib/x86_64-linux-gnu/libcrypto.so (found version "3.0.2")  
[0.573s] -- Found FastRTPS: /opt/ros/humble/include  
[0.599s] -- Using RMW implementation 'rmw_fastrtps_cpp' as default
[0.603s] -- Looking for pthread.h
[0.658s] -- Looking for pthread.h - found
[0.659s] -- Performing Test CMAKE_HAVE_LIBC_PTHREAD
[0.712s] -- Performing Test CMAKE_HAVE_LIBC_PTHREAD - Success
[0.713s] -- Found Threads: TRUE  
[0.744s] -- Found rclcpp_action: 16.0.12 (/opt/ros/humble/share/rclcpp_action/cmake)
[0.768s] -- Found sensor_msgs: 4.8.0 (/opt/ros/humble/share/sensor_msgs/cmake)
[0.786s] -- Found control_msgs: 4.8.0 (/opt/ros/humble/share/control_msgs/cmake)
[0.827s] -- Found xarm_msgs: 0.0.0 (/home/benongnuel/dev_ws/install/xarm_msgs/share/xarm_msgs/cmake)
[0.835s] -- Found xarm_sdk: 0.0.0 (/home/benongnuel/dev_ws/install/xarm_sdk/share/xarm_sdk/cmake)
[0.847s] -- Added test 'copyright' to check source files copyright and LICENSE
[0.847s] -- Added test 'cppcheck' to perform static code analysis on C / C++ code
[0.848s] -- Configured cppcheck include dirs: /home/benongnuel/dev_ws/src/xarm_ros2/xarm_api/include
[0.848s] -- Configured cppcheck exclude dirs and/or files: 
[0.848s] -- Added test 'cpplint' to check C / C++ code against the Google style
[0.848s] -- Configured cpplint exclude dirs and/or files: 
[0.849s] -- Added test 'flake8' to check Python code syntax and style conventions
[0.849s] -- Added test 'lint_cmake' to check CMake code style
[0.849s] -- Added test 'pep257' to check Python code against some of the docstring style conventions in PEP 257
[0.850s] -- Added test 'uncrustify' to check C / C++ code style
[0.850s] -- Configured uncrustify additional arguments: 
[0.850s] -- Added test 'xmllint' to check XML markup files
[0.851s] -- Configuring done
[0.870s] -- Generating done
[0.878s] -- Build files have been written to: /home/benongnuel/dev_ws/build/xarm_api
[0.884s] Invoked command in '/home/benongnuel/dev_ws/build/xarm_api' returned '0': AMENT_PREFIX_PATH=/home/benongnuel/dev_ws/install/xarm_sdk:/home/benongnuel/dev_ws/install/xarm_msgs:/home/benongnuel/dev_ws/install/xarm_description:${AMENT_PREFIX_PATH} CMAKE_PREFIX_PATH=/home/benongnuel/dev_ws/install/xarm_sdk:/home/benongnuel/dev_ws/install/xarm_msgs:/home/benongnuel/dev_ws/install/xarm_description:/home/benongnuel/robo_ws/install/custom_3dof_arm:/opt/ros/humble LD_LIBRARY_PATH=/home/benongnuel/dev_ws/install/xarm_sdk/lib:/home/benongnuel/dev_ws/install/xarm_msgs/lib:${LD_LIBRARY_PATH} PYTHONPATH=/home/benongnuel/dev_ws/install/xarm_msgs/local/lib/python3.10/dist-packages:${PYTHONPATH} /usr/bin/cmake /home/benongnuel/dev_ws/src/xarm_ros2/xarm_api -DCMAKE_INSTALL_PREFIX=/home/benongnuel/dev_ws/install/xarm_api
[0.885s] Invoking command in '/home/benongnuel/dev_ws/build/xarm_api': AMENT_PREFIX_PATH=/home/benongnuel/dev_ws/install/xarm_sdk:/home/benongnuel/dev_ws/install/xarm_msgs:/home/benongnuel/dev_ws/install/xarm_description:${AMENT_PREFIX_PATH} CMAKE_PREFIX_PATH=/home/benongnuel/dev_ws/install/xarm_sdk:/home/benongnuel/dev_ws/install/xarm_msgs:/home/benongnuel/dev_ws/install/xarm_description:/home/benongnuel/robo_ws/install/custom_3dof_arm:/opt/ros/humble LD_LIBRARY_PATH=/home/benongnuel/dev_ws/install/xarm_sdk/lib:/home/benongnuel/dev_ws/install/xarm_msgs/lib:${LD_LIBRARY_PATH} PYTHONPATH=/home/benongnuel/dev_ws/install/xarm_msgs/local/lib/python3.10/dist-packages:${PYTHONPATH} /usr/bin/cmake --build /home/benongnuel/dev_ws/build/xarm_api -- -j16 -l16
[0.927s] [  7%] [32mBuilding CXX object CMakeFiles/xarm_ros_driver.dir/src/xarm_driver.cpp.o[0m
[0.927s] [ 23%] [32mBuilding CXX object CMakeFiles/xarm_ros_client.dir/src/xarm_ros_client.cpp.o[0m
[0.927s] [ 23%] [32mBuilding CXX object CMakeFiles/xarm_ros_driver.dir/src/xarm_driver_service.cpp.o[0m
[0.927s] [ 30%] [32mBuilding CXX object CMakeFiles/test_robot_states.dir/test/test_robot_states.cpp.o[0m
[10.534s] [ 38%] [32m[1mLinking CXX executable test_robot_states[0m
[11.111s] [ 38%] Built target test_robot_states
[17.267s] [ 46%] [32m[1mLinking CXX shared library libxarm_ros_client.so[0m
[18.333s] [ 46%] Built target xarm_ros_client
[18.348s] [ 53%] [32mBuilding CXX object CMakeFiles/test_xarm_velo_move.dir/test/test_xarm_velo_move.cpp.o[0m
[18.349s] [ 61%] [32mBuilding CXX object CMakeFiles/test_xarm_ros_client.dir/test/test_xarm_ros_client.cpp.o[0m
[22.013s] [ 69%] [32m[1mLinking CXX executable test_xarm_ros_client[0m
[22.073s] [ 76%] [32m[1mLinking CXX executable test_xarm_velo_move[0m
[22.738s] [ 76%] Built target test_xarm_ros_client
[22.784s] [ 76%] Built target test_xarm_velo_move
[24.137s] [ 84%] [32m[1mLinking CXX shared library libxarm_ros_driver.so[0m
[25.915s] [ 84%] Built target xarm_ros_driver
[25.932s] [ 92%] [32mBuilding CXX object CMakeFiles/xarm_driver_node.dir/src/xarm_driver_node.cpp.o[0m
[28.735s] [100%] [32m[1mLinking CXX executable xarm_driver_node[0m
[29.317s] [100%] Built target xarm_driver_node
[29.327s] Invoked command in '/home/benongnuel/dev_ws/build/xarm_api' returned '0': AMENT_PREFIX_PATH=/home/benongnuel/dev_ws/install/xarm_sdk:/home/benongnuel/dev_ws/install/xarm_msgs:/home/benongnuel/dev_ws/install/xarm_description:${AMENT_PREFIX_PATH} CMAKE_PREFIX_PATH=/home/benongnuel/dev_ws/install/xarm_sdk:/home/benongnuel/dev_ws/install/xarm_msgs:/home/benongnuel/dev_ws/install/xarm_description:/home/benongnuel/robo_ws/install/custom_3dof_arm:/opt/ros/humble LD_LIBRARY_PATH=/home/benongnuel/dev_ws/install/xarm_sdk/lib:/home/benongnuel/dev_ws/install/xarm_msgs/lib:${LD_LIBRARY_PATH} PYTHONPATH=/home/benongnuel/dev_ws/install/xarm_msgs/local/lib/python3.10/dist-packages:${PYTHONPATH} /usr/bin/cmake --build /home/benongnuel/dev_ws/build/xarm_api -- -j16 -l16
[29.328s] Invoking command in '/home/benongnuel/dev_ws/build/xarm_api': AMENT_PREFIX_PATH=/home/benongnuel/dev_ws/install/xarm_sdk:/home/benongnuel/dev_ws/install/xarm_msgs:/home/benongnuel/dev_ws/install/xarm_description:${AMENT_PREFIX_PATH} CMAKE_PREFIX_PATH=/home/benongnuel/dev_ws/install/xarm_sdk:/home/benongnuel/dev_ws/install/xarm_msgs:/home/benongnuel/dev_ws/install/xarm_description:/home/benongnuel/robo_ws/install/custom_3dof_arm:/opt/ros/humble LD_LIBRARY_PATH=/home/benongnuel/dev_ws/install/xarm_sdk/lib:/home/benongnuel/dev_ws/install/xarm_msgs/lib:${LD_LIBRARY_PATH} PYTHONPATH=/home/benongnuel/dev_ws/install/xarm_msgs/local/lib/python3.10/dist-packages:${PYTHONPATH} /usr/bin/cmake --install /home/benongnuel/dev_ws/build/xarm_api
[29.334s] -- Install configuration: ""
[29.334s] -- Installing: /home/benongnuel/dev_ws/install/xarm_api/share/xarm_api/environment/library_path.sh
[29.334s] -- Installing: /home/benongnuel/dev_ws/install/xarm_api/share/xarm_api/environment/library_path.dsv
[29.334s] -- Installing: /home/benongnuel/dev_ws/install/xarm_api/include
[29.334s] -- Installing: /home/benongnuel/dev_ws/install/xarm_api/include/xarm_api
[29.334s] -- Installing: /home/benongnuel/dev_ws/install/xarm_api/include/xarm_api/xarm_ros_client.h
[29.334s] -- Installing: /home/benongnuel/dev_ws/install/xarm_api/include/xarm_api/xarm_msgs.h
[29.335s] -- Installing: /home/benongnuel/dev_ws/install/xarm_api/include/xarm_api/visibility_control.h
[29.335s] -- Installing: /home/benongnuel/dev_ws/install/xarm_api/include/xarm_api/xarm_driver.h
[29.335s] -- Installing: /home/benongnuel/dev_ws/install/xarm_api/lib/libxarm_ros_driver.so
[29.357s] -- Set runtime path of "/home/benongnuel/dev_ws/install/xarm_api/lib/libxarm_ros_driver.so" to ""
[29.357s] -- Installing: /home/benongnuel/dev_ws/install/xarm_api/lib/libxarm_ros_client.so
[29.372s] -- Set runtime path of "/home/benongnuel/dev_ws/install/xarm_api/lib/libxarm_ros_client.so" to ""
[29.372s] -- Installing: /home/benongnuel/dev_ws/install/xarm_api/lib/xarm_api/xarm_driver_node
[29.372s] -- Set runtime path of "/home/benongnuel/dev_ws/install/xarm_api/lib/xarm_api/xarm_driver_node" to ""
[29.372s] -- Installing: /home/benongnuel/dev_ws/install/xarm_api/lib/xarm_api/test_xarm_ros_client
[29.372s] -- Set runtime path of "/home/benongnuel/dev_ws/install/xarm_api/lib/xarm_api/test_xarm_ros_client" to ""
[29.372s] -- Installing: /home/benongnuel/dev_ws/install/xarm_api/lib/xarm_api/test_xarm_velo_move
[29.373s] -- Set runtime path of "/home/benongnuel/dev_ws/install/xarm_api/lib/xarm_api/test_xarm_velo_move" to ""
[29.373s] -- Installing: /home/benongnuel/dev_ws/install/xarm_api/lib/xarm_api/test_robot_states
[29.377s] -- Set runtime path of "/home/benongnuel/dev_ws/install/xarm_api/lib/xarm_api/test_robot_states" to ""
[29.377s] -- Installing: /home/benongnuel/dev_ws/install/xarm_api/share/xarm_api//launch
[29.377s] -- Installing: /home/benongnuel/dev_ws/install/xarm_api/share/xarm_api//launch/uf850_driver.launch.py
[29.377s] -- Installing: /home/benongnuel/dev_ws/install/xarm_api/share/xarm_api//launch/xarm7_driver.launch.py
[29.377s] -- Installing: /home/benongnuel/dev_ws/install/xarm_api/share/xarm_api//launch/xarm5_driver.launch.py
[29.377s] -- Installing: /home/benongnuel/dev_ws/install/xarm_api/share/xarm_api//launch/lib
[29.377s] -- Installing: /home/benongnuel/dev_ws/install/xarm_api/share/xarm_api//launch/lib/robot_api_lib.py
[29.377s] -- Installing: /home/benongnuel/dev_ws/install/xarm_api/share/xarm_api//launch/lite6_driver.launch.py
[29.377s] -- Installing: /home/benongnuel/dev_ws/install/xarm_api/share/xarm_api//launch/xarm6_driver.launch.py
[29.377s] -- Installing: /home/benongnuel/dev_ws/install/xarm_api/share/xarm_api//launch/_robot_driver.launch.py
[29.377s] -- Installing: /home/benongnuel/dev_ws/install/xarm_api/share/xarm_api//config
[29.377s] -- Installing: /home/benongnuel/dev_ws/install/xarm_api/share/xarm_api//config/xarm_params.yaml
[29.379s] -- Installing: /home/benongnuel/dev_ws/install/xarm_api/share/ament_index/resource_index/package_run_dependencies/xarm_api
[29.379s] -- Installing: /home/benongnuel/dev_ws/install/xarm_api/share/ament_index/resource_index/parent_prefix_path/xarm_api
[29.379s] -- Installing: /home/benongnuel/dev_ws/install/xarm_api/share/xarm_api/environment/ament_prefix_path.sh
[29.379s] -- Installing: /home/benongnuel/dev_ws/install/xarm_api/share/xarm_api/environment/ament_prefix_path.dsv
[29.379s] -- Installing: /home/benongnuel/dev_ws/install/xarm_api/share/xarm_api/environment/path.sh
[29.379s] -- Installing: /home/benongnuel/dev_ws/install/xarm_api/share/xarm_api/environment/path.dsv
[29.379s] -- Installing: /home/benongnuel/dev_ws/install/xarm_api/share/xarm_api/local_setup.bash
[29.379s] -- Installing: /home/benongnuel/dev_ws/install/xarm_api/share/xarm_api/local_setup.sh
[29.379s] -- Installing: /home/benongnuel/dev_ws/install/xarm_api/share/xarm_api/local_setup.zsh
[29.379s] -- Installing: /home/benongnuel/dev_ws/install/xarm_api/share/xarm_api/local_setup.dsv
[29.379s] -- Installing: /home/benongnuel/dev_ws/install/xarm_api/share/xarm_api/package.dsv
[29.379s] -- Installing: /home/benongnuel/dev_ws/install/xarm_api/share/ament_index/resource_index/packages/xarm_api
[29.379s] -- Installing: /home/benongnuel/dev_ws/install/xarm_api/share/xarm_api/cmake/ament_cmake_export_libraries-extras.cmake
[29.379s] -- Installing: /home/benongnuel/dev_ws/install/xarm_api/share/xarm_api/cmake/ament_cmake_export_include_directories-extras.cmake
[29.379s] -- Installing: /home/benongnuel/dev_ws/install/xarm_api/share/xarm_api/cmake/xarm_apiConfig.cmake
[29.380s] -- Installing: /home/benongnuel/dev_ws/install/xarm_api/share/xarm_api/cmake/xarm_apiConfig-version.cmake
[29.380s] -- Installing: /home/benongnuel/dev_ws/install/xarm_api/share/xarm_api/package.xml
[29.381s] Invoked command in '/home/benongnuel/dev_ws/build/xarm_api' returned '0': AMENT_PREFIX_PATH=/home/benongnuel/dev_ws/install/xarm_sdk:/home/benongnuel/dev_ws/install/xarm_msgs:/home/benongnuel/dev_ws/install/xarm_description:${AMENT_PREFIX_PATH} CMAKE_PREFIX_PATH=/home/benongnuel/dev_ws/install/xarm_sdk:/home/benongnuel/dev_ws/install/xarm_msgs:/home/benongnuel/dev_ws/install/xarm_description:/home/benongnuel/robo_ws/install/custom_3dof_arm:/opt/ros/humble LD_LIBRARY_PATH=/home/benongnuel/dev_ws/install/xarm_sdk/lib:/home/benongnuel/dev_ws/install/xarm_msgs/lib:${LD_LIBRARY_PATH} PYTHONPATH=/home/benongnuel/dev_ws/install/xarm_msgs/local/lib/python3.10/dist-packages:${PYTHONPATH} /usr/bin/cmake --install /home/benongnuel/dev_ws/build/xarm_api
