[0.317s] Invoking command in '/home/benongnuel/dev_ws/build/realsense_gazebo_plugin': CMAKE_PREFIX_PATH=${CMAKE_PREFIX_PATH}:/home/benongnuel/dev_ws/install/uf_ros_lib:/home/benongnuel/dev_ws/install/my_gripper_scripts:/opt/ros/humble /usr/bin/cmake /home/benongnuel/dev_ws/src/xarm_ros2/thirdparty/realsense_gazebo_plugin -DCMAKE_INSTALL_PREFIX=/home/benongnuel/dev_ws/install/realsense_gazebo_plugin
[0.322s] -- Found ament_cmake: 1.3.11 (/opt/ros/humble/share/ament_cmake/cmake)
[0.406s] -- Override CMake install command with custom implementation using symlinks instead of copying resources
[0.412s] -- Found rclcpp: 16.0.12 (/opt/ros/humble/share/rclcpp/cmake)
[0.429s] -- Found rosidl_generator_c: 3.1.6 (/opt/ros/humble/share/rosidl_generator_c/cmake)
[0.430s] -- Found rosidl_adapter: 3.1.6 (/opt/ros/humble/share/rosidl_adapter/cmake)
[0.433s] -- Found rosidl_generator_cpp: 3.1.6 (/opt/ros/humble/share/rosidl_generator_cpp/cmake)
[0.441s] -- Using all available rosidl_typesupport_c: rosidl_typesupport_fastrtps_c;rosidl_typesupport_introspection_c
[0.455s] -- Using all available rosidl_typesupport_cpp: rosidl_typesupport_fastrtps_cpp;rosidl_typesupport_introspection_cpp
[0.485s] -- Found rmw_implementation_cmake: 6.1.2 (/opt/ros/humble/share/rmw_implementation_cmake/cmake)
[0.486s] -- Found rmw_fastrtps_cpp: 6.2.7 (/opt/ros/humble/share/rmw_fastrtps_cpp/cmake)
[0.564s] -- Using RMW implementation 'rmw_fastrtps_cpp' as default
[0.592s] -- Found gazebo_ros: 3.9.0 (/opt/ros/humble/share/gazebo_ros/cmake)
[0.614s] -- Found DART: /usr/include (Required is at least version "6.6") found components: dart 
[0.634s] -- Found Protobuf: /usr/lib/x86_64-linux-gnu/libprotobuf.so (found version "3.12.4") 
[0.636s] -- Looking for ignition-math6 -- found version 6.15.1
[0.640s] -- Searching for dependencies of ignition-math6
[0.642s] -- Looking for OGRE...
[0.647s] -- Found Ogre Ghadamon (1.9.0)
[0.647s] -- Found OGRE: optimized;/usr/lib/x86_64-linux-gnu/libOgreMain.so;debug;/usr/lib/x86_64-linux-gnu/libOgreMain.so
[0.656s] -- Looking for OGRE_Paging...
[0.656s] -- Found OGRE_Paging: optimized;/usr/lib/x86_64-linux-gnu/libOgrePaging.so;debug;/usr/lib/x86_64-linux-gnu/libOgrePaging.so
[0.656s] -- Looking for OGRE_Terrain...
[0.656s] -- Found OGRE_Terrain: optimized;/usr/lib/x86_64-linux-gnu/libOgreTerrain.so;debug;/usr/lib/x86_64-linux-gnu/libOgreTerrain.so
[0.656s] -- Looking for OGRE_Property...
[0.656s] -- Found OGRE_Property: optimized;/usr/lib/x86_64-linux-gnu/libOgreProperty.so;debug;/usr/lib/x86_64-linux-gnu/libOgreProperty.so
[0.656s] -- Looking for OGRE_RTShaderSystem...
[0.656s] -- Found OGRE_RTShaderSystem: optimized;/usr/lib/x86_64-linux-gnu/libOgreRTShaderSystem.so;debug;/usr/lib/x86_64-linux-gnu/libOgreRTShaderSystem.so
[0.656s] -- Looking for OGRE_Volume...
[0.657s] -- Found OGRE_Volume: optimized;/usr/lib/x86_64-linux-gnu/libOgreVolume.so;debug;/usr/lib/x86_64-linux-gnu/libOgreVolume.so
[0.657s] -- Looking for OGRE_Overlay...
[0.657s] -- Found OGRE_Overlay: optimized;/usr/lib/x86_64-linux-gnu/libOgreOverlay.so;debug;/usr/lib/x86_64-linux-gnu/libOgreOverlay.so
[0.730s] -- Looking for ignition-math6 -- found version 6.15.1
[0.730s] -- Looking for ignition-transport8 -- found version 8.2.1
[0.730s] -- Searching for dependencies of ignition-transport8
[0.743s] -- Found Protobuf: /usr/lib/x86_64-linux-gnu/libprotobuf.so (found suitable version "3.12.4", minimum required is "3") 
[0.754s] -- Config-file not installed for ZeroMQ -- checking for pkg-config
[0.759s] -- Checking for module 'libzmq >= 4'
[0.771s] --   Found libzmq , version 4.3.4
[0.813s] -- Checking for module 'uuid'
[0.830s] --   Found uuid, version 2.37.2
[0.857s] -- Looking for ignition-msgs5 -- found version 5.8.1
[0.858s] -- Searching for dependencies of ignition-msgs5
[0.875s] -- Looking for ignition-math6 -- found version 6.15.1
[0.879s] -- Checking for module 'tinyxml2'
[0.891s] --   Found tinyxml2, version 9.0.0
[0.921s] -- Looking for ignition-msgs5 -- found version 5.8.1
[0.921s] -- Looking for ignition-common3 -- found version 3.14.0
[0.922s] -- Searching for dependencies of ignition-common3
[0.922s] -- Looking for dlfcn.h - found
[0.922s] -- Looking for libdl - found
[0.932s] -- Searching for <ignition-common3> component [graphics]
[0.932s] -- Looking for ignition-common3-graphics -- found version 3.14.0
[0.932s] -- Searching for dependencies of ignition-common3-graphics
[0.933s] -- Looking for ignition-math6 -- found version 6.15.1
[0.933s] -- Looking for ignition-fuel_tools4 -- found version 4.4.0
[0.933s] -- Searching for dependencies of ignition-fuel_tools4
[0.964s] -- Checking for module 'jsoncpp'
[0.977s] --   Found jsoncpp, version 1.9.5
[1.018s] -- Checking for module 'libzip'
[1.033s] --   Found libzip, version 1.7.3
[1.061s] -- Looking for ignition-common3 -- found version 3.14.0
[1.061s] -- Looking for ignition-math6 -- found version 6.15.1
[1.061s] -- Looking for ignition-msgs5 -- found version 5.8.1
[1.063s] -- Gazebo version: 11.14
[1.064s] -- Found image_transport: 3.1.11 (/opt/ros/humble/share/image_transport/cmake)
[1.093s] -- Found camera_info_manager: 3.1.11 (/opt/ros/humble/share/camera_info_manager/cmake)
[1.103s] -- Found ament_lint_auto: 0.12.12 (/opt/ros/humble/share/ament_lint_auto/cmake)
[1.152s] -- Configuring done
[1.163s] -- Generating done
[1.166s] -- Build files have been written to: /home/benongnuel/dev_ws/build/realsense_gazebo_plugin
[1.174s] Invoked command in '/home/benongnuel/dev_ws/build/realsense_gazebo_plugin' returned '0': CMAKE_PREFIX_PATH=${CMAKE_PREFIX_PATH}:/home/benongnuel/dev_ws/install/uf_ros_lib:/home/benongnuel/dev_ws/install/my_gripper_scripts:/opt/ros/humble /usr/bin/cmake /home/benongnuel/dev_ws/src/xarm_ros2/thirdparty/realsense_gazebo_plugin -DCMAKE_INSTALL_PREFIX=/home/benongnuel/dev_ws/install/realsense_gazebo_plugin
[1.174s] Invoking command in '/home/benongnuel/dev_ws/build/realsense_gazebo_plugin': CMAKE_PREFIX_PATH=${CMAKE_PREFIX_PATH}:/home/benongnuel/dev_ws/install/uf_ros_lib:/home/benongnuel/dev_ws/install/my_gripper_scripts:/opt/ros/humble /usr/bin/cmake --build /home/benongnuel/dev_ws/build/realsense_gazebo_plugin -- -j16 -l16
[1.215s] [35m[1mConsolidate compiler generated dependencies of target realsense_gazebo_plugin[0m
[1.248s] [100%] Built target realsense_gazebo_plugin
[1.258s] Invoked command in '/home/benongnuel/dev_ws/build/realsense_gazebo_plugin' returned '0': CMAKE_PREFIX_PATH=${CMAKE_PREFIX_PATH}:/home/benongnuel/dev_ws/install/uf_ros_lib:/home/benongnuel/dev_ws/install/my_gripper_scripts:/opt/ros/humble /usr/bin/cmake --build /home/benongnuel/dev_ws/build/realsense_gazebo_plugin -- -j16 -l16
[1.260s] Invoking command in '/home/benongnuel/dev_ws/build/realsense_gazebo_plugin': CMAKE_PREFIX_PATH=${CMAKE_PREFIX_PATH}:/home/benongnuel/dev_ws/install/uf_ros_lib:/home/benongnuel/dev_ws/install/my_gripper_scripts:/opt/ros/humble /usr/bin/cmake --install /home/benongnuel/dev_ws/build/realsense_gazebo_plugin
[1.265s] -- Install configuration: ""
[1.265s] -- Execute custom install script
[1.265s] -- Symlinking: /home/benongnuel/dev_ws/install/realsense_gazebo_plugin/lib/librealsense_gazebo_plugin.so
[1.274s] -- Symlinking: /home/benongnuel/dev_ws/install/realsense_gazebo_plugin/include//realsense_gazebo_plugin/RealSensePlugin.h
[1.280s] -- Symlinking: /home/benongnuel/dev_ws/install/realsense_gazebo_plugin/include//realsense_gazebo_plugin/gazebo_ros_realsense.h
[1.286s] -- Symlinking: /home/benongnuel/dev_ws/install/realsense_gazebo_plugin/share/realsense_gazebo_plugin/environment/library_path.sh
[1.295s] -- Symlinking: /home/benongnuel/dev_ws/install/realsense_gazebo_plugin/share/realsense_gazebo_plugin/environment/library_path.dsv
[1.303s] -- Symlinking: /home/benongnuel/dev_ws/install/realsense_gazebo_plugin/share/ament_index/resource_index/package_run_dependencies/realsense_gazebo_plugin
[1.308s] -- Symlinking: /home/benongnuel/dev_ws/install/realsense_gazebo_plugin/share/ament_index/resource_index/parent_prefix_path/realsense_gazebo_plugin
[1.316s] -- Symlinking: /home/benongnuel/dev_ws/install/realsense_gazebo_plugin/share/realsense_gazebo_plugin/environment/ament_prefix_path.sh
[1.325s] -- Symlinking: /home/benongnuel/dev_ws/install/realsense_gazebo_plugin/share/realsense_gazebo_plugin/environment/ament_prefix_path.dsv
[1.331s] -- Symlinking: /home/benongnuel/dev_ws/install/realsense_gazebo_plugin/share/realsense_gazebo_plugin/environment/path.sh
[1.337s] -- Symlinking: /home/benongnuel/dev_ws/install/realsense_gazebo_plugin/share/realsense_gazebo_plugin/environment/path.dsv
[1.343s] -- Symlinking: /home/benongnuel/dev_ws/install/realsense_gazebo_plugin/share/realsense_gazebo_plugin/local_setup.bash
[1.350s] -- Symlinking: /home/benongnuel/dev_ws/install/realsense_gazebo_plugin/share/realsense_gazebo_plugin/local_setup.sh
[1.355s] -- Symlinking: /home/benongnuel/dev_ws/install/realsense_gazebo_plugin/share/realsense_gazebo_plugin/local_setup.zsh
[1.362s] -- Symlinking: /home/benongnuel/dev_ws/install/realsense_gazebo_plugin/share/realsense_gazebo_plugin/local_setup.dsv
[1.367s] -- Symlinking: /home/benongnuel/dev_ws/install/realsense_gazebo_plugin/share/realsense_gazebo_plugin/package.dsv
[1.373s] -- Symlinking: /home/benongnuel/dev_ws/install/realsense_gazebo_plugin/share/ament_index/resource_index/packages/realsense_gazebo_plugin
[1.381s] -- Symlinking: /home/benongnuel/dev_ws/install/realsense_gazebo_plugin/share/realsense_gazebo_plugin/cmake/ament_cmake_export_include_directories-extras.cmake
[1.390s] -- Symlinking: /home/benongnuel/dev_ws/install/realsense_gazebo_plugin/share/realsense_gazebo_plugin/cmake/ament_cmake_export_libraries-extras.cmake
[1.400s] -- Symlinking: /home/benongnuel/dev_ws/install/realsense_gazebo_plugin/share/realsense_gazebo_plugin/cmake/realsense_gazebo_pluginConfig.cmake
[1.411s] -- Symlinking: /home/benongnuel/dev_ws/install/realsense_gazebo_plugin/share/realsense_gazebo_plugin/cmake/realsense_gazebo_pluginConfig-version.cmake
[1.417s] -- Symlinking: /home/benongnuel/dev_ws/install/realsense_gazebo_plugin/share/realsense_gazebo_plugin/package.xml
