[0.025s] Invoking command in '/home/benongnuel/dev_ws/build/xarm_description': CMAKE_PREFIX_PATH=${CMAKE_PREFIX_PATH}:/home/benongnuel/dev_ws/install/uf_ros_lib:/home/benongnuel/dev_ws/install/my_gripper_scripts:/opt/ros/humble /usr/bin/cmake /home/benongnuel/dev_ws/src/xarm_ros2/xarm_description -DAMENT_CMAKE_SYMLINK_INSTALL=1 -DCMAKE_INSTALL_PREFIX=/home/benongnuel/dev_ws/install/xarm_description
[0.327s] -- Found ament_cmake: 1.3.11 (/opt/ros/humble/share/ament_cmake/cmake)
[0.328s] -- Override CMake install command with custom implementation using symlinks instead of copying resources
[0.328s] -- Found ament_lint_auto: 0.12.12 (/opt/ros/humble/share/ament_lint_auto/cmake)
[0.329s] -- Added test 'copyright' to check source files copyright and LICENSE
[0.330s] -- Added test 'flake8' to check Python code syntax and style conventions
[0.330s] -- Added test 'lint_cmake' to check CMake code style
[0.330s] -- Added test 'pep257' to check Python code against some of the docstring style conventions in PEP 257
[0.330s] -- Added test 'xmllint' to check XML markup files
[0.330s] -- Configuring done
[0.331s] -- Generating done
[0.331s] -- Build files have been written to: /home/benongnuel/dev_ws/build/xarm_description
[0.341s] Invoked command in '/home/benongnuel/dev_ws/build/xarm_description' returned '0': CMAKE_PREFIX_PATH=${CMAKE_PREFIX_PATH}:/home/benongnuel/dev_ws/install/uf_ros_lib:/home/benongnuel/dev_ws/install/my_gripper_scripts:/opt/ros/humble /usr/bin/cmake /home/benongnuel/dev_ws/src/xarm_ros2/xarm_description -DAMENT_CMAKE_SYMLINK_INSTALL=1 -DCMAKE_INSTALL_PREFIX=/home/benongnuel/dev_ws/install/xarm_description
[0.343s] Invoking command in '/home/benongnuel/dev_ws/build/xarm_description': CMAKE_PREFIX_PATH=${CMAKE_PREFIX_PATH}:/home/benongnuel/dev_ws/install/uf_ros_lib:/home/benongnuel/dev_ws/install/my_gripper_scripts:/opt/ros/humble /usr/bin/cmake --build /home/benongnuel/dev_ws/build/xarm_description -- -j16 -l16
[0.375s] Invoked command in '/home/benongnuel/dev_ws/build/xarm_description' returned '0': CMAKE_PREFIX_PATH=${CMAKE_PREFIX_PATH}:/home/benongnuel/dev_ws/install/uf_ros_lib:/home/benongnuel/dev_ws/install/my_gripper_scripts:/opt/ros/humble /usr/bin/cmake --build /home/benongnuel/dev_ws/build/xarm_description -- -j16 -l16
[0.387s] Invoking command in '/home/benongnuel/dev_ws/build/xarm_description': CMAKE_PREFIX_PATH=${CMAKE_PREFIX_PATH}:/home/benongnuel/dev_ws/install/uf_ros_lib:/home/benongnuel/dev_ws/install/my_gripper_scripts:/opt/ros/humble /usr/bin/cmake --install /home/benongnuel/dev_ws/build/xarm_description
[0.393s] -- Install configuration: ""
[0.394s] -- Execute custom install script
[0.394s] -- Symlinking: /home/benongnuel/dev_ws/install/xarm_description/share/xarm_description//rviz/display.rviz
[0.404s] -- Symlinking: /home/benongnuel/dev_ws/install/xarm_description/share/xarm_description//urdf/_private_macro.xacro
[0.411s] -- Symlinking: /home/benongnuel/dev_ws/install/xarm_description/share/xarm_description//urdf/camera/camera.gazebo.xacro
[0.422s] -- Symlinking: /home/benongnuel/dev_ws/install/xarm_description/share/xarm_description//urdf/camera/realsense.gazebo.xacro
[0.433s] -- Symlinking: /home/benongnuel/dev_ws/install/xarm_description/share/xarm_description//urdf/camera/realsense_d435i.urdf.xacro
[0.442s] -- Symlinking: /home/benongnuel/dev_ws/install/xarm_description/share/xarm_description//urdf/common/common.gazebo.xacro
[0.451s] -- Symlinking: /home/benongnuel/dev_ws/install/xarm_description/share/xarm_description//urdf/common/common.link.xacro
[0.463s] -- Symlinking: /home/benongnuel/dev_ws/install/xarm_description/share/xarm_description//urdf/common/common.material.xacro
[0.469s] -- Symlinking: /home/benongnuel/dev_ws/install/xarm_description/share/xarm_description//urdf/dual_xarm_device.urdf.xacro
[0.477s] -- Symlinking: /home/benongnuel/dev_ws/install/xarm_description/share/xarm_description//urdf/gripper/bio_gripper.gazebo.xacro
[0.486s] -- Symlinking: /home/benongnuel/dev_ws/install/xarm_description/share/xarm_description//urdf/gripper/bio_gripper.ros2_control.xacro
[0.491s] -- Symlinking: /home/benongnuel/dev_ws/install/xarm_description/share/xarm_description//urdf/gripper/bio_gripper.transmission.xacro
[0.497s] -- Symlinking: /home/benongnuel/dev_ws/install/xarm_description/share/xarm_description//urdf/gripper/bio_gripper.urdf.xacro
[0.503s] -- Symlinking: /home/benongnuel/dev_ws/install/xarm_description/share/xarm_description//urdf/gripper/bio_gripper_macro.xacro
[0.509s] -- Symlinking: /home/benongnuel/dev_ws/install/xarm_description/share/xarm_description//urdf/gripper/gripper.urdf.xacro
[0.515s] -- Symlinking: /home/benongnuel/dev_ws/install/xarm_description/share/xarm_description//urdf/gripper/gripper_macro.xacro
[0.521s] -- Symlinking: /home/benongnuel/dev_ws/install/xarm_description/share/xarm_description//urdf/gripper/lite_gripper.urdf.xacro
[0.527s] -- Symlinking: /home/benongnuel/dev_ws/install/xarm_description/share/xarm_description//urdf/gripper/xarm_gripper.gazebo.xacro
[0.537s] -- Symlinking: /home/benongnuel/dev_ws/install/xarm_description/share/xarm_description//urdf/gripper/xarm_gripper.ros2_control.xacro
[0.543s] -- Symlinking: /home/benongnuel/dev_ws/install/xarm_description/share/xarm_description//urdf/gripper/xarm_gripper.transmission.xacro
[0.550s] -- Symlinking: /home/benongnuel/dev_ws/install/xarm_description/share/xarm_description//urdf/gripper/xarm_gripper.urdf.xacro
[0.556s] -- Symlinking: /home/benongnuel/dev_ws/install/xarm_description/share/xarm_description//urdf/gripper/xarm_gripper_macro.xacro
[0.562s] -- Symlinking: /home/benongnuel/dev_ws/install/xarm_description/share/xarm_description//urdf/lite6/lite6.gazebo.xacro
[0.571s] -- Symlinking: /home/benongnuel/dev_ws/install/xarm_description/share/xarm_description//urdf/lite6/lite6.ros2_control.xacro
[0.580s] -- Symlinking: /home/benongnuel/dev_ws/install/xarm_description/share/xarm_description//urdf/lite6/lite6.transmission.xacro
[0.586s] -- Symlinking: /home/benongnuel/dev_ws/install/xarm_description/share/xarm_description//urdf/lite6/lite6.urdf.xacro
[0.594s] -- Symlinking: /home/benongnuel/dev_ws/install/xarm_description/share/xarm_description//urdf/lite6/lite6_robot_macro.xacro
[0.600s] -- Symlinking: /home/benongnuel/dev_ws/install/xarm_description/share/xarm_description//urdf/other/other_geometry.urdf.xacro
[0.606s] -- Symlinking: /home/benongnuel/dev_ws/install/xarm_description/share/xarm_description//urdf/uf850/uf850.gazebo.xacro
[0.615s] -- Symlinking: /home/benongnuel/dev_ws/install/xarm_description/share/xarm_description//urdf/uf850/uf850.ros2_control.xacro
[0.625s] -- Symlinking: /home/benongnuel/dev_ws/install/xarm_description/share/xarm_description//urdf/uf850/uf850.transmission.xacro
[0.633s] -- Symlinking: /home/benongnuel/dev_ws/install/xarm_description/share/xarm_description//urdf/uf850/uf850.urdf.xacro
[0.640s] -- Symlinking: /home/benongnuel/dev_ws/install/xarm_description/share/xarm_description//urdf/uf850/uf850_robot_macro.xacro
[0.649s] -- Symlinking: /home/benongnuel/dev_ws/install/xarm_description/share/xarm_description//urdf/vacuum_gripper/lite_vacuum_gripper.urdf.xacro
[0.654s] -- Symlinking: /home/benongnuel/dev_ws/install/xarm_description/share/xarm_description//urdf/vacuum_gripper/vacuum_gripper.urdf.xacro
[0.661s] -- Symlinking: /home/benongnuel/dev_ws/install/xarm_description/share/xarm_description//urdf/vacuum_gripper/vacuum_gripper_macro.xacro
[0.667s] -- Symlinking: /home/benongnuel/dev_ws/install/xarm_description/share/xarm_description//urdf/vacuum_gripper/xarm_vacuum_gripper.urdf.xacro
[0.674s] -- Symlinking: /home/benongnuel/dev_ws/install/xarm_description/share/xarm_description//urdf/xarm5/xarm5.gazebo.xacro
[0.684s] -- Symlinking: /home/benongnuel/dev_ws/install/xarm_description/share/xarm_description//urdf/xarm5/xarm5.ros2_control.xacro
[0.697s] -- Symlinking: /home/benongnuel/dev_ws/install/xarm_description/share/xarm_description//urdf/xarm5/xarm5.transmission.xacro
[0.710s] -- Symlinking: /home/benongnuel/dev_ws/install/xarm_description/share/xarm_description//urdf/xarm5/xarm5.urdf.xacro
[0.724s] -- Symlinking: /home/benongnuel/dev_ws/install/xarm_description/share/xarm_description//urdf/xarm5/xarm5_robot_macro.xacro
[0.738s] -- Symlinking: /home/benongnuel/dev_ws/install/xarm_description/share/xarm_description//urdf/xarm6/dummy_inertial.yaml
[0.756s] -- Symlinking: /home/benongnuel/dev_ws/install/xarm_description/share/xarm_description//urdf/xarm6/dummy_kinematics.yaml
[0.765s] -- Symlinking: /home/benongnuel/dev_ws/install/xarm_description/share/xarm_description//urdf/xarm6/xarm6.gazebo.xacro
[0.776s] -- Symlinking: /home/benongnuel/dev_ws/install/xarm_description/share/xarm_description//urdf/xarm6/xarm6.ros2_control.xacro
[0.785s] -- Symlinking: /home/benongnuel/dev_ws/install/xarm_description/share/xarm_description//urdf/xarm6/xarm6.transmission.xacro
[0.794s] -- Symlinking: /home/benongnuel/dev_ws/install/xarm_description/share/xarm_description//urdf/xarm6/xarm6.urdf
[0.803s] -- Symlinking: /home/benongnuel/dev_ws/install/xarm_description/share/xarm_description//urdf/xarm6/xarm6.urdf.xacro
[0.812s] -- Symlinking: /home/benongnuel/dev_ws/install/xarm_description/share/xarm_description//urdf/xarm6/xarm6_full.urdf.xacro
[0.821s] -- Symlinking: /home/benongnuel/dev_ws/install/xarm_description/share/xarm_description//urdf/xarm6/xarm6_robot_macro.xacro
[0.828s] -- Symlinking: /home/benongnuel/dev_ws/install/xarm_description/share/xarm_description//urdf/xarm7/xarm7.gazebo.xacro
[0.834s] -- Symlinking: /home/benongnuel/dev_ws/install/xarm_description/share/xarm_description//urdf/xarm7/xarm7.ros2_control.xacro
[0.842s] -- Symlinking: /home/benongnuel/dev_ws/install/xarm_description/share/xarm_description//urdf/xarm7/xarm7.transmission.xacro
[0.849s] -- Symlinking: /home/benongnuel/dev_ws/install/xarm_description/share/xarm_description//urdf/xarm7/xarm7.urdf.xacro
[0.857s] -- Symlinking: /home/benongnuel/dev_ws/install/xarm_description/share/xarm_description//urdf/xarm7/xarm7_robot_macro.xacro
[0.864s] -- Symlinking: /home/benongnuel/dev_ws/install/xarm_description/share/xarm_description//urdf/xarm7_mirror/xarm7_mirror.gazebo.xacro
[0.871s] -- Symlinking: /home/benongnuel/dev_ws/install/xarm_description/share/xarm_description//urdf/xarm7_mirror/xarm7_mirror.ros2_control.xacro
[0.879s] -- Symlinking: /home/benongnuel/dev_ws/install/xarm_description/share/xarm_description//urdf/xarm7_mirror/xarm7_mirror.transmission.xacro
[0.887s] -- Symlinking: /home/benongnuel/dev_ws/install/xarm_description/share/xarm_description//urdf/xarm7_mirror/xarm7_mirror.urdf.xacro
[0.894s] -- Symlinking: /home/benongnuel/dev_ws/install/xarm_description/share/xarm_description//urdf/xarm7_mirror/xarm7_mirror_robot_macro.xacro
[0.901s] -- Symlinking: /home/benongnuel/dev_ws/install/xarm_description/share/xarm_description//urdf/xarm_device.urdf.xacro
[0.909s] -- Symlinking: /home/benongnuel/dev_ws/install/xarm_description/share/xarm_description//urdf/xarm_device_macro.xacro
[0.914s] -- Symlinking: /home/benongnuel/dev_ws/install/xarm_description/share/xarm_description//config/kinematics/default/lite6_default_kinematics.yaml
[0.922s] -- Symlinking: /home/benongnuel/dev_ws/install/xarm_description/share/xarm_description//config/kinematics/default/uf850_default_kinematics.yaml
[0.931s] -- Symlinking: /home/benongnuel/dev_ws/install/xarm_description/share/xarm_description//config/kinematics/default/xarm5_default_kinematics.yaml
[0.939s] -- Symlinking: /home/benongnuel/dev_ws/install/xarm_description/share/xarm_description//config/kinematics/default/xarm6_default_kinematics.yaml
[0.946s] -- Symlinking: /home/benongnuel/dev_ws/install/xarm_description/share/xarm_description//config/kinematics/default/xarm7_default_kinematics.yaml
[0.951s] -- Symlinking: /home/benongnuel/dev_ws/install/xarm_description/share/xarm_description//config/kinematics/default/xarm7_mirror_default_kinematics.yaml
[0.957s] -- Symlinking: /home/benongnuel/dev_ws/install/xarm_description/share/xarm_description//config/kinematics/gen_kinematics_params.py
[0.963s] -- Symlinking: /home/benongnuel/dev_ws/install/xarm_description/share/xarm_description//config/link_inertial/gen_link_inertial_params.py
[0.969s] -- Symlinking: /home/benongnuel/dev_ws/install/xarm_description/share/xarm_description//config/link_inertial/xarm5_type5_HT_BR.yaml
[0.975s] -- Symlinking: /home/benongnuel/dev_ws/install/xarm_description/share/xarm_description//config/link_inertial/xarm5_type5_HT_BR2.yaml
[0.984s] -- Symlinking: /home/benongnuel/dev_ws/install/xarm_description/share/xarm_description//config/link_inertial/xarm5_type5_HT_LD.yaml
[0.990s] -- Symlinking: /home/benongnuel/dev_ws/install/xarm_description/share/xarm_description//config/link_inertial/xarm5_type5_UJ_BR_2403.yaml
[0.997s] -- Symlinking: /home/benongnuel/dev_ws/install/xarm_description/share/xarm_description//config/link_inertial/xarm6_type11_HT_LD.yaml
[1.005s] -- Symlinking: /home/benongnuel/dev_ws/install/xarm_description/share/xarm_description//config/link_inertial/xarm6_type12_HT_LDBR2.yaml
[1.012s] -- Symlinking: /home/benongnuel/dev_ws/install/xarm_description/share/xarm_description//config/link_inertial/xarm6_type6_HT2_LD.yaml
[1.021s] -- Symlinking: /home/benongnuel/dev_ws/install/xarm_description/share/xarm_description//config/link_inertial/xarm6_type6_HT_BR.yaml
[1.030s] -- Symlinking: /home/benongnuel/dev_ws/install/xarm_description/share/xarm_description//config/link_inertial/xarm6_type6_HT_BR2.yaml
[1.037s] -- Symlinking: /home/benongnuel/dev_ws/install/xarm_description/share/xarm_description//config/link_inertial/xarm6_type6_HT_LD.yaml
[1.043s] -- Symlinking: /home/benongnuel/dev_ws/install/xarm_description/share/xarm_description//config/link_inertial/xarm6_type6_UJ_BR_2403.yaml
[1.048s] -- Symlinking: /home/benongnuel/dev_ws/install/xarm_description/share/xarm_description//config/link_inertial/xarm6_type8_HT2_BR2.yaml
[1.056s] -- Symlinking: /home/benongnuel/dev_ws/install/xarm_description/share/xarm_description//config/link_inertial/xarm6_type9_HT_BR2.yaml
[1.064s] -- Symlinking: /home/benongnuel/dev_ws/install/xarm_description/share/xarm_description//config/link_inertial/xarm7_type13_HT_BR2.yaml
[1.070s] -- Symlinking: /home/benongnuel/dev_ws/install/xarm_description/share/xarm_description//config/link_inertial/xarm7_type3_YT_SP.yaml
[1.075s] -- Symlinking: /home/benongnuel/dev_ws/install/xarm_description/share/xarm_description//config/link_inertial/xarm7_type7_HT_BR.yaml
[1.081s] -- Symlinking: /home/benongnuel/dev_ws/install/xarm_description/share/xarm_description//config/link_inertial/xarm7_type7_HT_BR2.yaml
[1.087s] -- Symlinking: /home/benongnuel/dev_ws/install/xarm_description/share/xarm_description//config/link_inertial/xarm7_type7_HT_LD.yaml
[1.094s] -- Symlinking: /home/benongnuel/dev_ws/install/xarm_description/share/xarm_description//config/link_inertial/xarm7_type7_UJ_BR_2403.yaml
[1.105s] -- Symlinking: /home/benongnuel/dev_ws/install/xarm_description/share/xarm_description//meshes/camera/realsense/collision/d435_with_cam_stand.stl
[1.113s] -- Symlinking: /home/benongnuel/dev_ws/install/xarm_description/share/xarm_description//meshes/camera/realsense/visual/d435_with_cam_stand.stl
[1.123s] -- Symlinking: /home/benongnuel/dev_ws/install/xarm_description/share/xarm_description//meshes/end_tool/collision/end_tool.stl
[1.131s] -- Symlinking: /home/benongnuel/dev_ws/install/xarm_description/share/xarm_description//meshes/end_tool/collision/end_tool_1300.stl
[1.137s] -- Symlinking: /home/benongnuel/dev_ws/install/xarm_description/share/xarm_description//meshes/end_tool/visual/end_tool_1300.stl
[1.146s] -- Symlinking: /home/benongnuel/dev_ws/install/xarm_description/share/xarm_description//meshes/gripper/bio/left_finger.stl
[1.154s] -- Symlinking: /home/benongnuel/dev_ws/install/xarm_description/share/xarm_description//meshes/gripper/bio/link_base.stl
[1.159s] -- Symlinking: /home/benongnuel/dev_ws/install/xarm_description/share/xarm_description//meshes/gripper/bio/right_finger.stl
[1.165s] -- Symlinking: /home/benongnuel/dev_ws/install/xarm_description/share/xarm_description//meshes/gripper/lite/collision/gripper_lite.stl
[1.172s] -- Symlinking: /home/benongnuel/dev_ws/install/xarm_description/share/xarm_description//meshes/gripper/lite/visual/gripper_lite.stl
[1.177s] -- Symlinking: /home/benongnuel/dev_ws/install/xarm_description/share/xarm_description//meshes/gripper/xarm/base_link.stl
[1.184s] -- Symlinking: /home/benongnuel/dev_ws/install/xarm_description/share/xarm_description//meshes/gripper/xarm/left_finger.stl
[1.193s] -- Symlinking: /home/benongnuel/dev_ws/install/xarm_description/share/xarm_description//meshes/gripper/xarm/left_inner_knuckle.stl
[1.201s] -- Symlinking: /home/benongnuel/dev_ws/install/xarm_description/share/xarm_description//meshes/gripper/xarm/left_outer_knuckle.stl
[1.209s] -- Symlinking: /home/benongnuel/dev_ws/install/xarm_description/share/xarm_description//meshes/gripper/xarm/right_finger.stl
[1.216s] -- Symlinking: /home/benongnuel/dev_ws/install/xarm_description/share/xarm_description//meshes/gripper/xarm/right_inner_knuckle.stl
[1.223s] -- Symlinking: /home/benongnuel/dev_ws/install/xarm_description/share/xarm_description//meshes/gripper/xarm/right_outer_knuckle.stl
[1.232s] -- Symlinking: /home/benongnuel/dev_ws/install/xarm_description/share/xarm_description//meshes/lite6/collision/link1.stl
[1.239s] -- Symlinking: /home/benongnuel/dev_ws/install/xarm_description/share/xarm_description//meshes/lite6/collision/link2.stl
[1.246s] -- Symlinking: /home/benongnuel/dev_ws/install/xarm_description/share/xarm_description//meshes/lite6/collision/link3.stl
[1.251s] -- Symlinking: /home/benongnuel/dev_ws/install/xarm_description/share/xarm_description//meshes/lite6/collision/link4.stl
[1.258s] -- Symlinking: /home/benongnuel/dev_ws/install/xarm_description/share/xarm_description//meshes/lite6/collision/link5.stl
[1.265s] -- Symlinking: /home/benongnuel/dev_ws/install/xarm_description/share/xarm_description//meshes/lite6/collision/link6.stl
[1.271s] -- Symlinking: /home/benongnuel/dev_ws/install/xarm_description/share/xarm_description//meshes/lite6/collision/link_base.stl
[1.277s] -- Symlinking: /home/benongnuel/dev_ws/install/xarm_description/share/xarm_description//meshes/lite6/visual/link1.stl
[1.283s] -- Symlinking: /home/benongnuel/dev_ws/install/xarm_description/share/xarm_description//meshes/lite6/visual/link2.stl
[1.291s] -- Symlinking: /home/benongnuel/dev_ws/install/xarm_description/share/xarm_description//meshes/lite6/visual/link3.stl
[1.297s] -- Symlinking: /home/benongnuel/dev_ws/install/xarm_description/share/xarm_description//meshes/lite6/visual/link4.stl
[1.303s] -- Symlinking: /home/benongnuel/dev_ws/install/xarm_description/share/xarm_description//meshes/lite6/visual/link5.stl
[1.309s] -- Symlinking: /home/benongnuel/dev_ws/install/xarm_description/share/xarm_description//meshes/lite6/visual/link6.stl
[1.315s] -- Symlinking: /home/benongnuel/dev_ws/install/xarm_description/share/xarm_description//meshes/lite6/visual/link_base.stl
[1.321s] -- Symlinking: /home/benongnuel/dev_ws/install/xarm_description/share/xarm_description//meshes/uf850/collision/link1.stl
[1.329s] -- Symlinking: /home/benongnuel/dev_ws/install/xarm_description/share/xarm_description//meshes/uf850/collision/link2.stl
[1.335s] -- Symlinking: /home/benongnuel/dev_ws/install/xarm_description/share/xarm_description//meshes/uf850/collision/link3.stl
[1.341s] -- Symlinking: /home/benongnuel/dev_ws/install/xarm_description/share/xarm_description//meshes/uf850/collision/link4.stl
[1.349s] -- Symlinking: /home/benongnuel/dev_ws/install/xarm_description/share/xarm_description//meshes/uf850/collision/link5.stl
[1.357s] -- Symlinking: /home/benongnuel/dev_ws/install/xarm_description/share/xarm_description//meshes/uf850/collision/link6.stl
[1.366s] -- Symlinking: /home/benongnuel/dev_ws/install/xarm_description/share/xarm_description//meshes/uf850/collision/link_base.stl
[1.373s] -- Symlinking: /home/benongnuel/dev_ws/install/xarm_description/share/xarm_description//meshes/uf850/visual/link1.stl
[1.382s] -- Symlinking: /home/benongnuel/dev_ws/install/xarm_description/share/xarm_description//meshes/uf850/visual/link2.stl
[1.390s] -- Symlinking: /home/benongnuel/dev_ws/install/xarm_description/share/xarm_description//meshes/uf850/visual/link3.stl
[1.398s] -- Symlinking: /home/benongnuel/dev_ws/install/xarm_description/share/xarm_description//meshes/uf850/visual/link4.stl
[1.404s] -- Symlinking: /home/benongnuel/dev_ws/install/xarm_description/share/xarm_description//meshes/uf850/visual/link5.stl
[1.410s] -- Symlinking: /home/benongnuel/dev_ws/install/xarm_description/share/xarm_description//meshes/uf850/visual/link6.stl
[1.416s] -- Symlinking: /home/benongnuel/dev_ws/install/xarm_description/share/xarm_description//meshes/uf850/visual/link_base.stl
[1.424s] -- Symlinking: /home/benongnuel/dev_ws/install/xarm_description/share/xarm_description//meshes/vacuum_gripper/lite/collision/vacuum_gripper_lite.stl
[1.430s] -- Symlinking: /home/benongnuel/dev_ws/install/xarm_description/share/xarm_description//meshes/vacuum_gripper/lite/visual/vacuum_gripper_lite.stl
[1.435s] -- Symlinking: /home/benongnuel/dev_ws/install/xarm_description/share/xarm_description//meshes/vacuum_gripper/xarm/collision/vacuum_gripper.stl
[1.442s] -- Symlinking: /home/benongnuel/dev_ws/install/xarm_description/share/xarm_description//meshes/vacuum_gripper/xarm/visual/vacuum_gripper.stl
[1.451s] -- Symlinking: /home/benongnuel/dev_ws/install/xarm_description/share/xarm_description//meshes/xarm5/visual/link1.stl
[1.457s] -- Symlinking: /home/benongnuel/dev_ws/install/xarm_description/share/xarm_description//meshes/xarm5/visual/link2.stl
[1.466s] -- Symlinking: /home/benongnuel/dev_ws/install/xarm_description/share/xarm_description//meshes/xarm5/visual/link3.stl
[1.472s] -- Symlinking: /home/benongnuel/dev_ws/install/xarm_description/share/xarm_description//meshes/xarm5/visual/link4.stl
[1.481s] -- Symlinking: /home/benongnuel/dev_ws/install/xarm_description/share/xarm_description//meshes/xarm5/visual/link5.stl
[1.490s] -- Symlinking: /home/benongnuel/dev_ws/install/xarm_description/share/xarm_description//meshes/xarm5/visual/link_base.stl
[1.499s] -- Symlinking: /home/benongnuel/dev_ws/install/xarm_description/share/xarm_description//meshes/xarm5_1305/collision/link1.obj
[1.506s] -- Symlinking: /home/benongnuel/dev_ws/install/xarm_description/share/xarm_description//meshes/xarm5_1305/collision/link2.obj
[1.513s] -- Symlinking: /home/benongnuel/dev_ws/install/xarm_description/share/xarm_description//meshes/xarm5_1305/collision/link3.obj
[1.520s] -- Symlinking: /home/benongnuel/dev_ws/install/xarm_description/share/xarm_description//meshes/xarm5_1305/collision/link4.obj
[1.529s] -- Symlinking: /home/benongnuel/dev_ws/install/xarm_description/share/xarm_description//meshes/xarm5_1305/collision/link5.obj
[1.536s] -- Symlinking: /home/benongnuel/dev_ws/install/xarm_description/share/xarm_description//meshes/xarm5_1305/collision/link_base.obj
[1.546s] -- Symlinking: /home/benongnuel/dev_ws/install/xarm_description/share/xarm_description//meshes/xarm5_1305/visual/link1.stl
[1.556s] -- Symlinking: /home/benongnuel/dev_ws/install/xarm_description/share/xarm_description//meshes/xarm5_1305/visual/link2.stl
[1.564s] -- Symlinking: /home/benongnuel/dev_ws/install/xarm_description/share/xarm_description//meshes/xarm5_1305/visual/link3.stl
[1.573s] -- Symlinking: /home/benongnuel/dev_ws/install/xarm_description/share/xarm_description//meshes/xarm5_1305/visual/link4.stl
[1.583s] -- Symlinking: /home/benongnuel/dev_ws/install/xarm_description/share/xarm_description//meshes/xarm5_1305/visual/link5.stl
[1.593s] -- Symlinking: /home/benongnuel/dev_ws/install/xarm_description/share/xarm_description//meshes/xarm5_1305/visual/link_base.stl
[1.604s] -- Symlinking: /home/benongnuel/dev_ws/install/xarm_description/share/xarm_description//meshes/xarm6/visual/link1.stl
[1.615s] -- Symlinking: /home/benongnuel/dev_ws/install/xarm_description/share/xarm_description//meshes/xarm6/visual/link2.stl
[1.624s] -- Symlinking: /home/benongnuel/dev_ws/install/xarm_description/share/xarm_description//meshes/xarm6/visual/link3.stl
[1.635s] -- Symlinking: /home/benongnuel/dev_ws/install/xarm_description/share/xarm_description//meshes/xarm6/visual/link4.stl
[1.645s] -- Symlinking: /home/benongnuel/dev_ws/install/xarm_description/share/xarm_description//meshes/xarm6/visual/link5.stl
[1.653s] -- Symlinking: /home/benongnuel/dev_ws/install/xarm_description/share/xarm_description//meshes/xarm6/visual/link6.stl
[1.662s] -- Symlinking: /home/benongnuel/dev_ws/install/xarm_description/share/xarm_description//meshes/xarm6/visual/link_base.stl
[1.672s] -- Symlinking: /home/benongnuel/dev_ws/install/xarm_description/share/xarm_description//meshes/xarm6_1305/collision/link1.obj
[1.683s] -- Symlinking: /home/benongnuel/dev_ws/install/xarm_description/share/xarm_description//meshes/xarm6_1305/collision/link2.obj
[1.693s] -- Symlinking: /home/benongnuel/dev_ws/install/xarm_description/share/xarm_description//meshes/xarm6_1305/collision/link3.obj
[1.702s] -- Symlinking: /home/benongnuel/dev_ws/install/xarm_description/share/xarm_description//meshes/xarm6_1305/collision/link4.obj
[1.713s] -- Symlinking: /home/benongnuel/dev_ws/install/xarm_description/share/xarm_description//meshes/xarm6_1305/collision/link5.obj
[1.720s] -- Symlinking: /home/benongnuel/dev_ws/install/xarm_description/share/xarm_description//meshes/xarm6_1305/collision/link6.obj
[1.727s] -- Symlinking: /home/benongnuel/dev_ws/install/xarm_description/share/xarm_description//meshes/xarm6_1305/collision/link_base.obj
[1.737s] -- Symlinking: /home/benongnuel/dev_ws/install/xarm_description/share/xarm_description//meshes/xarm6_1305/visual/link1.stl
[1.745s] -- Symlinking: /home/benongnuel/dev_ws/install/xarm_description/share/xarm_description//meshes/xarm6_1305/visual/link2.stl
[1.752s] -- Symlinking: /home/benongnuel/dev_ws/install/xarm_description/share/xarm_description//meshes/xarm6_1305/visual/link3.stl
[1.760s] -- Symlinking: /home/benongnuel/dev_ws/install/xarm_description/share/xarm_description//meshes/xarm6_1305/visual/link4.stl
[1.769s] -- Symlinking: /home/benongnuel/dev_ws/install/xarm_description/share/xarm_description//meshes/xarm6_1305/visual/link5.stl
[1.777s] -- Symlinking: /home/benongnuel/dev_ws/install/xarm_description/share/xarm_description//meshes/xarm6_1305/visual/link6.stl
[1.786s] -- Symlinking: /home/benongnuel/dev_ws/install/xarm_description/share/xarm_description//meshes/xarm6_1305/visual/link_base.stl
[1.795s] -- Symlinking: /home/benongnuel/dev_ws/install/xarm_description/share/xarm_description//meshes/xarm7/visual/link1.stl
[1.802s] -- Symlinking: /home/benongnuel/dev_ws/install/xarm_description/share/xarm_description//meshes/xarm7/visual/link2.stl
[1.809s] -- Symlinking: /home/benongnuel/dev_ws/install/xarm_description/share/xarm_description//meshes/xarm7/visual/link3.stl
[1.818s] -- Symlinking: /home/benongnuel/dev_ws/install/xarm_description/share/xarm_description//meshes/xarm7/visual/link4.stl
[1.825s] -- Symlinking: /home/benongnuel/dev_ws/install/xarm_description/share/xarm_description//meshes/xarm7/visual/link5.stl
[1.835s] -- Symlinking: /home/benongnuel/dev_ws/install/xarm_description/share/xarm_description//meshes/xarm7/visual/link6.stl
[1.843s] -- Symlinking: /home/benongnuel/dev_ws/install/xarm_description/share/xarm_description//meshes/xarm7/visual/link7.stl
[1.852s] -- Symlinking: /home/benongnuel/dev_ws/install/xarm_description/share/xarm_description//meshes/xarm7/visual/link_base.stl
[1.861s] -- Symlinking: /home/benongnuel/dev_ws/install/xarm_description/share/xarm_description//meshes/xarm7_1305/collision/link1.obj
[1.869s] -- Symlinking: /home/benongnuel/dev_ws/install/xarm_description/share/xarm_description//meshes/xarm7_1305/collision/link2.obj
[1.878s] -- Symlinking: /home/benongnuel/dev_ws/install/xarm_description/share/xarm_description//meshes/xarm7_1305/collision/link3.obj
[1.885s] -- Symlinking: /home/benongnuel/dev_ws/install/xarm_description/share/xarm_description//meshes/xarm7_1305/collision/link4.obj
[1.896s] -- Symlinking: /home/benongnuel/dev_ws/install/xarm_description/share/xarm_description//meshes/xarm7_1305/collision/link5.obj
[1.907s] -- Symlinking: /home/benongnuel/dev_ws/install/xarm_description/share/xarm_description//meshes/xarm7_1305/collision/link6.obj
[1.916s] -- Symlinking: /home/benongnuel/dev_ws/install/xarm_description/share/xarm_description//meshes/xarm7_1305/collision/link7.obj
[1.924s] -- Symlinking: /home/benongnuel/dev_ws/install/xarm_description/share/xarm_description//meshes/xarm7_1305/collision/link_base.obj
[1.934s] -- Symlinking: /home/benongnuel/dev_ws/install/xarm_description/share/xarm_description//meshes/xarm7_1305/visual/link1.stl
[1.942s] -- Symlinking: /home/benongnuel/dev_ws/install/xarm_description/share/xarm_description//meshes/xarm7_1305/visual/link2.stl
[1.953s] -- Symlinking: /home/benongnuel/dev_ws/install/xarm_description/share/xarm_description//meshes/xarm7_1305/visual/link3.stl
[1.963s] -- Symlinking: /home/benongnuel/dev_ws/install/xarm_description/share/xarm_description//meshes/xarm7_1305/visual/link4.stl
[1.973s] -- Symlinking: /home/benongnuel/dev_ws/install/xarm_description/share/xarm_description//meshes/xarm7_1305/visual/link5.stl
[1.982s] -- Symlinking: /home/benongnuel/dev_ws/install/xarm_description/share/xarm_description//meshes/xarm7_1305/visual/link6.stl
[1.988s] -- Symlinking: /home/benongnuel/dev_ws/install/xarm_description/share/xarm_description//meshes/xarm7_1305/visual/link7.stl
[1.998s] -- Symlinking: /home/benongnuel/dev_ws/install/xarm_description/share/xarm_description//meshes/xarm7_1305/visual/link_base.stl
[2.004s] -- Symlinking: /home/benongnuel/dev_ws/install/xarm_description/share/xarm_description//meshes/xarm7_mirror/collision/link1.stl
[2.012s] -- Symlinking: /home/benongnuel/dev_ws/install/xarm_description/share/xarm_description//meshes/xarm7_mirror/collision/link2.stl
[2.021s] -- Symlinking: /home/benongnuel/dev_ws/install/xarm_description/share/xarm_description//meshes/xarm7_mirror/collision/link3.stl
[2.028s] -- Symlinking: /home/benongnuel/dev_ws/install/xarm_description/share/xarm_description//meshes/xarm7_mirror/collision/link4.stl
[2.037s] -- Symlinking: /home/benongnuel/dev_ws/install/xarm_description/share/xarm_description//meshes/xarm7_mirror/collision/link5.stl
[2.045s] -- Symlinking: /home/benongnuel/dev_ws/install/xarm_description/share/xarm_description//meshes/xarm7_mirror/collision/link6.stl
[2.052s] -- Symlinking: /home/benongnuel/dev_ws/install/xarm_description/share/xarm_description//meshes/xarm7_mirror/collision/link7.stl
[2.061s] -- Symlinking: /home/benongnuel/dev_ws/install/xarm_description/share/xarm_description//meshes/xarm7_mirror/collision/link_base.stl
[2.072s] -- Symlinking: /home/benongnuel/dev_ws/install/xarm_description/share/xarm_description//meshes/xarm7_mirror/visual/link1.stl
[2.079s] -- Symlinking: /home/benongnuel/dev_ws/install/xarm_description/share/xarm_description//meshes/xarm7_mirror/visual/link2.stl
[2.087s] -- Symlinking: /home/benongnuel/dev_ws/install/xarm_description/share/xarm_description//meshes/xarm7_mirror/visual/link3.stl
[2.098s] -- Symlinking: /home/benongnuel/dev_ws/install/xarm_description/share/xarm_description//meshes/xarm7_mirror/visual/link4.stl
[2.108s] -- Symlinking: /home/benongnuel/dev_ws/install/xarm_description/share/xarm_description//meshes/xarm7_mirror/visual/link5.stl
[2.115s] -- Symlinking: /home/benongnuel/dev_ws/install/xarm_description/share/xarm_description//meshes/xarm7_mirror/visual/link6.stl
[2.122s] -- Symlinking: /home/benongnuel/dev_ws/install/xarm_description/share/xarm_description//meshes/xarm7_mirror/visual/link7.stl
[2.129s] -- Symlinking: /home/benongnuel/dev_ws/install/xarm_description/share/xarm_description//meshes/xarm7_mirror/visual/link_base.stl
[2.138s] -- Symlinking: /home/benongnuel/dev_ws/install/xarm_description/share/xarm_description//launch/_robot_description.launch.py
[2.145s] -- Symlinking: /home/benongnuel/dev_ws/install/xarm_description/share/xarm_description//launch/_robot_joint_state.launch.py
[2.152s] -- Symlinking: /home/benongnuel/dev_ws/install/xarm_description/share/xarm_description//launch/_robot_rviz_display.launch.py
[2.158s] -- Symlinking: /home/benongnuel/dev_ws/install/xarm_description/share/xarm_description//launch/_rviz_display.launch.py
[2.164s] -- Symlinking: /home/benongnuel/dev_ws/install/xarm_description/share/xarm_description//launch/lib/robot_description_lib.py
[2.174s] -- Symlinking: /home/benongnuel/dev_ws/install/xarm_description/share/xarm_description//launch/lite6_rviz_display.launch.py
[2.181s] -- Symlinking: /home/benongnuel/dev_ws/install/xarm_description/share/xarm_description//launch/uf850_rviz_display.launch.py
[2.189s] -- Symlinking: /home/benongnuel/dev_ws/install/xarm_description/share/xarm_description//launch/xarm5_rviz_display.launch.py
[2.197s] -- Symlinking: /home/benongnuel/dev_ws/install/xarm_description/share/xarm_description//launch/xarm6_rviz_display.launch.py
[2.204s] -- Symlinking: /home/benongnuel/dev_ws/install/xarm_description/share/xarm_description//launch/xarm7_mirror_rviz_display.launch.py
[2.215s] -- Symlinking: /home/benongnuel/dev_ws/install/xarm_description/share/xarm_description//launch/xarm7_rviz_display.launch.py
[2.224s] -- Symlinking: /home/benongnuel/dev_ws/install/xarm_description/share/ament_index/resource_index/package_run_dependencies/xarm_description
[2.234s] -- Symlinking: /home/benongnuel/dev_ws/install/xarm_description/share/ament_index/resource_index/parent_prefix_path/xarm_description
[2.243s] -- Symlinking: /home/benongnuel/dev_ws/install/xarm_description/share/xarm_description/environment/ament_prefix_path.sh
[2.254s] -- Symlinking: /home/benongnuel/dev_ws/install/xarm_description/share/xarm_description/environment/ament_prefix_path.dsv
[2.262s] -- Symlinking: /home/benongnuel/dev_ws/install/xarm_description/share/xarm_description/environment/path.sh
[2.269s] -- Symlinking: /home/benongnuel/dev_ws/install/xarm_description/share/xarm_description/environment/path.dsv
[2.278s] -- Symlinking: /home/benongnuel/dev_ws/install/xarm_description/share/xarm_description/local_setup.bash
[2.284s] -- Symlinking: /home/benongnuel/dev_ws/install/xarm_description/share/xarm_description/local_setup.sh
[2.293s] -- Symlinking: /home/benongnuel/dev_ws/install/xarm_description/share/xarm_description/local_setup.zsh
[2.300s] -- Symlinking: /home/benongnuel/dev_ws/install/xarm_description/share/xarm_description/local_setup.dsv
[2.309s] -- Symlinking: /home/benongnuel/dev_ws/install/xarm_description/share/xarm_description/package.dsv
[2.316s] -- Symlinking: /home/benongnuel/dev_ws/install/xarm_description/share/ament_index/resource_index/packages/xarm_description
[2.323s] -- Symlinking: /home/benongnuel/dev_ws/install/xarm_description/share/xarm_description/cmake/xarm_descriptionConfig.cmake
[2.331s] -- Symlinking: /home/benongnuel/dev_ws/install/xarm_description/share/xarm_description/cmake/xarm_descriptionConfig-version.cmake
[2.338s] -- Symlinking: /home/benongnuel/dev_ws/install/xarm_description/share/xarm_description/package.xml
