[0.011s] Invoking command in '/home/benongnuel/dev_ws/build/xarm_controller': AMENT_PREFIX_PATH=/home/benongnuel/dev_ws/install/xarm_api:/home/benongnuel/dev_ws/install/xarm_sdk:/home/benongnuel/dev_ws/install/xarm_msgs:/home/benongnuel/dev_ws/install/xarm_description:${AMENT_PREFIX_PATH} CMAKE_PREFIX_PATH=/home/benongnuel/dev_ws/install/xarm_api:/home/benongnuel/dev_ws/install/xarm_sdk:/home/benongnuel/dev_ws/install/xarm_msgs:/home/benongnuel/dev_ws/install/xarm_description:/home/benongnuel/robo_ws/install/custom_3dof_arm:/opt/ros/humble LD_LIBRARY_PATH=/home/benongnuel/dev_ws/install/xarm_api/lib:/home/benongnuel/dev_ws/install/xarm_sdk/lib:/home/benongnuel/dev_ws/install/xarm_msgs/lib:${LD_LIBRARY_PATH} PYTHONPATH=/home/benongnuel/dev_ws/install/xarm_msgs/local/lib/python3.10/dist-packages:${PYTHONPATH} /usr/bin/cmake /home/benongnuel/dev_ws/src/xarm_ros2/xarm_controller -DCMAKE_INSTALL_PREFIX=/home/benongnuel/dev_ws/install/xarm_controller
[0.053s] -- The C compiler identification is GNU 11.4.0
[0.089s] -- The CXX compiler identification is GNU 11.4.0
[0.095s] -- Detecting C compiler ABI info
[0.148s] -- Detecting C compiler ABI info - done
[0.153s] -- Check for working C compiler: /usr/bin/cc - skipped
[0.153s] -- Detecting C compile features
[0.153s] -- Detecting C compile features - done
[0.155s] -- Detecting CXX compiler ABI info
[0.217s] -- Detecting CXX compiler ABI info - done
[0.223s] -- Check for working CXX compiler: /usr/bin/c++ - skipped
[0.223s] -- Detecting CXX compile features
[0.223s] -- Detecting CXX compile features - done
[0.224s] -- Found ament_cmake: 1.3.11 (/opt/ros/humble/share/ament_cmake/cmake)
[0.311s] -- Found Python3: /usr/bin/python3 (found version "3.10.12") found components: Interpreter 
[0.367s] -- Found ament_lint_auto: 0.12.12 (/opt/ros/humble/share/ament_lint_auto/cmake)
[0.423s] -- Found hardware_interface: 2.50.0 (/opt/ros/humble/share/hardware_interface/cmake)
[0.448s] -- Found rosidl_generator_c: 3.1.6 (/opt/ros/humble/share/rosidl_generator_c/cmake)
[0.451s] -- Found rosidl_adapter: 3.1.6 (/opt/ros/humble/share/rosidl_adapter/cmake)
[0.456s] -- Found rosidl_generator_cpp: 3.1.6 (/opt/ros/humble/share/rosidl_generator_cpp/cmake)
[0.463s] -- Using all available rosidl_typesupport_c: rosidl_typesupport_fastrtps_c;rosidl_typesupport_introspection_c
[0.472s] -- Using all available rosidl_typesupport_cpp: rosidl_typesupport_fastrtps_cpp;rosidl_typesupport_introspection_cpp
[0.631s] -- Found rmw_implementation_cmake: 6.1.2 (/opt/ros/humble/share/rmw_implementation_cmake/cmake)
[0.633s] -- Found rmw_fastrtps_cpp: 6.2.7 (/opt/ros/humble/share/rmw_fastrtps_cpp/cmake)
[0.648s] -- Found TinyXML2 via Config file: TinyXML2_DIR-NOTFOUND
[0.687s] -- Found OpenSSL: /usr/lib/x86_64-linux-gnu/libcrypto.so (found version "3.0.2")  
[0.689s] -- Found TinyXML2 via Config file: TinyXML2_DIR-NOTFOUND
[0.701s] -- Found FastRTPS: /opt/ros/humble/include  
[0.703s] -- Found TinyXML2 via Config file: TinyXML2_DIR-NOTFOUND
[0.710s] -- Found TinyXML2 via Config file: TinyXML2_DIR-NOTFOUND
[0.719s] -- Using RMW implementation 'rmw_fastrtps_cpp' as default
[0.725s] -- Looking for pthread.h
[0.780s] -- Looking for pthread.h - found
[0.780s] -- Performing Test CMAKE_HAVE_LIBC_PTHREAD
[0.834s] -- Performing Test CMAKE_HAVE_LIBC_PTHREAD - Success
[0.835s] -- Found Threads: TRUE  
[0.863s] -- Found rclcpp_action: 16.0.12 (/opt/ros/humble/share/rclcpp_action/cmake)
[0.870s] -- Found controller_manager_msgs: 2.50.0 (/opt/ros/humble/share/controller_manager_msgs/cmake)
[0.880s] -- Found xarm_msgs: 0.0.0 (/home/benongnuel/dev_ws/install/xarm_msgs/share/xarm_msgs/cmake)
[0.889s] -- Found xarm_api: 0.0.0 (/home/benongnuel/dev_ws/install/xarm_api/share/xarm_api/cmake)
[0.890s] -- Found xarm_sdk: 0.0.0 (/home/benongnuel/dev_ws/install/xarm_sdk/share/xarm_sdk/cmake)
[0.897s] -- Added test 'copyright' to check source files copyright and LICENSE
[0.898s] -- Added test 'cppcheck' to perform static code analysis on C / C++ code
[0.898s] -- Configured cppcheck include dirs: /home/benongnuel/dev_ws/src/xarm_ros2/xarm_controller/include
[0.898s] -- Configured cppcheck exclude dirs and/or files: 
[0.898s] -- Added test 'cpplint' to check C / C++ code against the Google style
[0.898s] -- Configured cpplint exclude dirs and/or files: 
[0.899s] -- Added test 'flake8' to check Python code syntax and style conventions
[0.899s] -- Added test 'lint_cmake' to check CMake code style
[0.899s] -- Added test 'pep257' to check Python code against some of the docstring style conventions in PEP 257
[0.900s] -- Added test 'uncrustify' to check C / C++ code style
[0.900s] -- Configured uncrustify additional arguments: 
[0.901s] -- Added test 'xmllint' to check XML markup files
[0.902s] -- Configuring done
[0.917s] -- Generating done
[0.920s] -- Build files have been written to: /home/benongnuel/dev_ws/build/xarm_controller
[0.926s] Invoked command in '/home/benongnuel/dev_ws/build/xarm_controller' returned '0': AMENT_PREFIX_PATH=/home/benongnuel/dev_ws/install/xarm_api:/home/benongnuel/dev_ws/install/xarm_sdk:/home/benongnuel/dev_ws/install/xarm_msgs:/home/benongnuel/dev_ws/install/xarm_description:${AMENT_PREFIX_PATH} CMAKE_PREFIX_PATH=/home/benongnuel/dev_ws/install/xarm_api:/home/benongnuel/dev_ws/install/xarm_sdk:/home/benongnuel/dev_ws/install/xarm_msgs:/home/benongnuel/dev_ws/install/xarm_description:/home/benongnuel/robo_ws/install/custom_3dof_arm:/opt/ros/humble LD_LIBRARY_PATH=/home/benongnuel/dev_ws/install/xarm_api/lib:/home/benongnuel/dev_ws/install/xarm_sdk/lib:/home/benongnuel/dev_ws/install/xarm_msgs/lib:${LD_LIBRARY_PATH} PYTHONPATH=/home/benongnuel/dev_ws/install/xarm_msgs/local/lib/python3.10/dist-packages:${PYTHONPATH} /usr/bin/cmake /home/benongnuel/dev_ws/src/xarm_ros2/xarm_controller -DCMAKE_INSTALL_PREFIX=/home/benongnuel/dev_ws/install/xarm_controller
[0.928s] Invoking command in '/home/benongnuel/dev_ws/build/xarm_controller': AMENT_PREFIX_PATH=/home/benongnuel/dev_ws/install/xarm_api:/home/benongnuel/dev_ws/install/xarm_sdk:/home/benongnuel/dev_ws/install/xarm_msgs:/home/benongnuel/dev_ws/install/xarm_description:${AMENT_PREFIX_PATH} CMAKE_PREFIX_PATH=/home/benongnuel/dev_ws/install/xarm_api:/home/benongnuel/dev_ws/install/xarm_sdk:/home/benongnuel/dev_ws/install/xarm_msgs:/home/benongnuel/dev_ws/install/xarm_description:/home/benongnuel/robo_ws/install/custom_3dof_arm:/opt/ros/humble LD_LIBRARY_PATH=/home/benongnuel/dev_ws/install/xarm_api/lib:/home/benongnuel/dev_ws/install/xarm_sdk/lib:/home/benongnuel/dev_ws/install/xarm_msgs/lib:${LD_LIBRARY_PATH} PYTHONPATH=/home/benongnuel/dev_ws/install/xarm_msgs/local/lib/python3.10/dist-packages:${PYTHONPATH} /usr/bin/cmake --build /home/benongnuel/dev_ws/build/xarm_controller -- -j16 -l16
[0.964s] [ 33%] [32mBuilding CXX object CMakeFiles/uf_robot_hardware.dir/src/hardware/uf_robot_system_hardware.cpp.o[0m
[0.966s] [ 66%] [32mBuilding CXX object CMakeFiles/uf_robot_hardware.dir/src/hardware/uf_robot_fake_system_hardware.cpp.o[0m
[6.614s] [100%] [32m[1mLinking CXX shared library libuf_robot_hardware.so[0m
[7.492s] [100%] Built target uf_robot_hardware
[7.501s] Invoked command in '/home/benongnuel/dev_ws/build/xarm_controller' returned '0': AMENT_PREFIX_PATH=/home/benongnuel/dev_ws/install/xarm_api:/home/benongnuel/dev_ws/install/xarm_sdk:/home/benongnuel/dev_ws/install/xarm_msgs:/home/benongnuel/dev_ws/install/xarm_description:${AMENT_PREFIX_PATH} CMAKE_PREFIX_PATH=/home/benongnuel/dev_ws/install/xarm_api:/home/benongnuel/dev_ws/install/xarm_sdk:/home/benongnuel/dev_ws/install/xarm_msgs:/home/benongnuel/dev_ws/install/xarm_description:/home/benongnuel/robo_ws/install/custom_3dof_arm:/opt/ros/humble LD_LIBRARY_PATH=/home/benongnuel/dev_ws/install/xarm_api/lib:/home/benongnuel/dev_ws/install/xarm_sdk/lib:/home/benongnuel/dev_ws/install/xarm_msgs/lib:${LD_LIBRARY_PATH} PYTHONPATH=/home/benongnuel/dev_ws/install/xarm_msgs/local/lib/python3.10/dist-packages:${PYTHONPATH} /usr/bin/cmake --build /home/benongnuel/dev_ws/build/xarm_controller -- -j16 -l16
[7.503s] Invoking command in '/home/benongnuel/dev_ws/build/xarm_controller': AMENT_PREFIX_PATH=/home/benongnuel/dev_ws/install/xarm_api:/home/benongnuel/dev_ws/install/xarm_sdk:/home/benongnuel/dev_ws/install/xarm_msgs:/home/benongnuel/dev_ws/install/xarm_description:${AMENT_PREFIX_PATH} CMAKE_PREFIX_PATH=/home/benongnuel/dev_ws/install/xarm_api:/home/benongnuel/dev_ws/install/xarm_sdk:/home/benongnuel/dev_ws/install/xarm_msgs:/home/benongnuel/dev_ws/install/xarm_description:/home/benongnuel/robo_ws/install/custom_3dof_arm:/opt/ros/humble LD_LIBRARY_PATH=/home/benongnuel/dev_ws/install/xarm_api/lib:/home/benongnuel/dev_ws/install/xarm_sdk/lib:/home/benongnuel/dev_ws/install/xarm_msgs/lib:${LD_LIBRARY_PATH} PYTHONPATH=/home/benongnuel/dev_ws/install/xarm_msgs/local/lib/python3.10/dist-packages:${PYTHONPATH} /usr/bin/cmake --install /home/benongnuel/dev_ws/build/xarm_controller
[7.508s] -- Install configuration: ""
[7.508s] -- Installing: /home/benongnuel/dev_ws/install/xarm_controller/share/xarm_controller/uf_hardware_interface_plugins.xml
[7.510s] -- Installing: /home/benongnuel/dev_ws/install/xarm_controller/include
[7.510s] -- Installing: /home/benongnuel/dev_ws/install/xarm_controller/include/xarm_controller
[7.510s] -- Installing: /home/benongnuel/dev_ws/install/xarm_controller/include/xarm_controller/hardware
[7.510s] -- Installing: /home/benongnuel/dev_ws/install/xarm_controller/include/xarm_controller/hardware/uf_robot_fake_system_hardware.h
[7.510s] -- Installing: /home/benongnuel/dev_ws/install/xarm_controller/include/xarm_controller/hardware/uf_robot_system_hardware.h
[7.510s] -- Installing: /home/benongnuel/dev_ws/install/xarm_controller/lib/libuf_robot_hardware.so
[7.512s] -- Set runtime path of "/home/benongnuel/dev_ws/install/xarm_controller/lib/libuf_robot_hardware.so" to ""
[7.512s] -- Installing: /home/benongnuel/dev_ws/install/xarm_controller/share/xarm_controller//launch
[7.512s] -- Installing: /home/benongnuel/dev_ws/install/xarm_controller/share/xarm_controller//launch/xarm5_control_rviz_display.launch.py
[7.512s] -- Installing: /home/benongnuel/dev_ws/install/xarm_controller/share/xarm_controller//launch/lib
[7.512s] -- Installing: /home/benongnuel/dev_ws/install/xarm_controller/share/xarm_controller//launch/lib/robot_controller_lib.py
[7.512s] -- Installing: /home/benongnuel/dev_ws/install/xarm_controller/share/xarm_controller//launch/xarm7_control_rviz_display.launch.py
[7.513s] -- Installing: /home/benongnuel/dev_ws/install/xarm_controller/share/xarm_controller//launch/_dual_ros2_control.launch.py
[7.513s] -- Installing: /home/benongnuel/dev_ws/install/xarm_controller/share/xarm_controller//launch/xarm6_control_rviz_display.launch.py
[7.513s] -- Installing: /home/benongnuel/dev_ws/install/xarm_controller/share/xarm_controller//launch/xarm7_mirror_control_rviz_display.launch.py
[7.513s] -- Installing: /home/benongnuel/dev_ws/install/xarm_controller/share/xarm_controller//launch/_ros2_control.launch.py
[7.513s] -- Installing: /home/benongnuel/dev_ws/install/xarm_controller/share/xarm_controller//launch/lite6_control_rviz_display.launch.py
[7.513s] -- Installing: /home/benongnuel/dev_ws/install/xarm_controller/share/xarm_controller//launch/_robot_ros2_control.launch.py
[7.513s] -- Installing: /home/benongnuel/dev_ws/install/xarm_controller/share/xarm_controller//launch/uf850_control_rviz_display.launch.py
[7.513s] -- Installing: /home/benongnuel/dev_ws/install/xarm_controller/share/xarm_controller//config
[7.513s] -- Installing: /home/benongnuel/dev_ws/install/xarm_controller/share/xarm_controller//config/uf850_gripper_controllers.yaml
[7.514s] -- Installing: /home/benongnuel/dev_ws/install/xarm_controller/share/xarm_controller//config/lite6_controllers.yaml
[7.514s] -- Installing: /home/benongnuel/dev_ws/install/xarm_controller/share/xarm_controller//config/uf850_controllers.yaml
[7.516s] -- Installing: /home/benongnuel/dev_ws/install/xarm_controller/share/xarm_controller//config/xarm5_controllers.yaml
[7.516s] -- Installing: /home/benongnuel/dev_ws/install/xarm_controller/share/xarm_controller//config/bio_gripper_controllers.yaml
[7.517s] -- Installing: /home/benongnuel/dev_ws/install/xarm_controller/share/xarm_controller//config/xarm7_mirror_gripper_controllers.yaml
[7.518s] -- Installing: /home/benongnuel/dev_ws/install/xarm_controller/share/xarm_controller//config/xarm7_controllers.yaml
[7.519s] -- Installing: /home/benongnuel/dev_ws/install/xarm_controller/share/xarm_controller//config/xarm7_mirror_controllers.yaml
[7.520s] -- Installing: /home/benongnuel/dev_ws/install/xarm_controller/share/xarm_controller//config/xarm6_controllers.yaml
[7.521s] -- Installing: /home/benongnuel/dev_ws/install/xarm_controller/share/xarm_controller//config/xarm_gripper_controllers.yaml
[7.522s] -- Installing: /home/benongnuel/dev_ws/install/xarm_controller/share/xarm_controller/environment/library_path.sh
[7.523s] -- Installing: /home/benongnuel/dev_ws/install/xarm_controller/share/xarm_controller/environment/library_path.dsv
[7.523s] -- Installing: /home/benongnuel/dev_ws/install/xarm_controller/share/ament_index/resource_index/package_run_dependencies/xarm_controller
[7.523s] -- Installing: /home/benongnuel/dev_ws/install/xarm_controller/share/ament_index/resource_index/parent_prefix_path/xarm_controller
[7.523s] -- Installing: /home/benongnuel/dev_ws/install/xarm_controller/share/xarm_controller/environment/ament_prefix_path.sh
[7.523s] -- Installing: /home/benongnuel/dev_ws/install/xarm_controller/share/xarm_controller/environment/ament_prefix_path.dsv
[7.523s] -- Installing: /home/benongnuel/dev_ws/install/xarm_controller/share/xarm_controller/environment/path.sh
[7.523s] -- Installing: /home/benongnuel/dev_ws/install/xarm_controller/share/xarm_controller/environment/path.dsv
[7.523s] -- Installing: /home/benongnuel/dev_ws/install/xarm_controller/share/xarm_controller/local_setup.bash
[7.523s] -- Installing: /home/benongnuel/dev_ws/install/xarm_controller/share/xarm_controller/local_setup.sh
[7.523s] -- Installing: /home/benongnuel/dev_ws/install/xarm_controller/share/xarm_controller/local_setup.zsh
[7.523s] -- Installing: /home/benongnuel/dev_ws/install/xarm_controller/share/xarm_controller/local_setup.dsv
[7.523s] -- Installing: /home/benongnuel/dev_ws/install/xarm_controller/share/xarm_controller/package.dsv
[7.523s] -- Installing: /home/benongnuel/dev_ws/install/xarm_controller/share/ament_index/resource_index/packages/xarm_controller
[7.523s] -- Installing: /home/benongnuel/dev_ws/install/xarm_controller/share/ament_index/resource_index/hardware_interface__pluginlib__plugin/xarm_controller
[7.524s] -- Installing: /home/benongnuel/dev_ws/install/xarm_controller/share/xarm_controller/cmake/ament_cmake_export_include_directories-extras.cmake
[7.524s] -- Installing: /home/benongnuel/dev_ws/install/xarm_controller/share/xarm_controller/cmake/ament_cmake_export_libraries-extras.cmake
[7.524s] -- Installing: /home/benongnuel/dev_ws/install/xarm_controller/share/xarm_controller/cmake/ament_cmake_export_dependencies-extras.cmake
[7.524s] -- Installing: /home/benongnuel/dev_ws/install/xarm_controller/share/xarm_controller/cmake/xarm_controllerConfig.cmake
[7.524s] -- Installing: /home/benongnuel/dev_ws/install/xarm_controller/share/xarm_controller/cmake/xarm_controllerConfig-version.cmake
[7.524s] -- Installing: /home/benongnuel/dev_ws/install/xarm_controller/share/xarm_controller/package.xml
[7.525s] Invoked command in '/home/benongnuel/dev_ws/build/xarm_controller' returned '0': AMENT_PREFIX_PATH=/home/benongnuel/dev_ws/install/xarm_api:/home/benongnuel/dev_ws/install/xarm_sdk:/home/benongnuel/dev_ws/install/xarm_msgs:/home/benongnuel/dev_ws/install/xarm_description:${AMENT_PREFIX_PATH} CMAKE_PREFIX_PATH=/home/benongnuel/dev_ws/install/xarm_api:/home/benongnuel/dev_ws/install/xarm_sdk:/home/benongnuel/dev_ws/install/xarm_msgs:/home/benongnuel/dev_ws/install/xarm_description:/home/benongnuel/robo_ws/install/custom_3dof_arm:/opt/ros/humble LD_LIBRARY_PATH=/home/benongnuel/dev_ws/install/xarm_api/lib:/home/benongnuel/dev_ws/install/xarm_sdk/lib:/home/benongnuel/dev_ws/install/xarm_msgs/lib:${LD_LIBRARY_PATH} PYTHONPATH=/home/benongnuel/dev_ws/install/xarm_msgs/local/lib/python3.10/dist-packages:${PYTHONPATH} /usr/bin/cmake --install /home/benongnuel/dev_ws/build/xarm_controller
