[0.012s] Invoking command in '/home/benongnuel/dev_ws/build/xarm_api': CMAKE_PREFIX_PATH=/home/benongnuel/dev_ws/install/xarm_sdk:/home/benongnuel/dev_ws/install/xarm_msgs:/home/benongnuel/dev_ws/install/xarm_description:/home/benongnuel/dev_ws/install/xarm_planner:/home/benongnuel/dev_ws/install/xarm_moveit_servo:/home/benongnuel/dev_ws/install/xarm_moveit_config:/home/benongnuel/dev_ws/install/xarm_gazebo:/home/benongnuel/dev_ws/install/xarm_controller:/home/benongnuel/dev_ws/install/d435i_xarm_setup:/home/benongnuel/dev_ws/install/xarm_api:/home/benongnuel/dev_ws/install/realsense_gazebo_plugin:/home/benongnuel/dev_ws/install/mbot_demo:/home/benongnuel/dev_ws/install/kdl_parser:/home/benongnuel/robo_ws/install/custom_3dof_arm:/home/benongnuel/dev_ws/install/uf_ros_lib:/home/benongnuel/dev_ws/install/my_gripper_scripts:/opt/ros/humble LD_LIBRARY_PATH=/home/benongnuel/dev_ws/install/xarm_sdk/lib:/home/benongnuel/dev_ws/install/xarm_msgs/lib:/home/benongnuel/dev_ws/install/xarm_planner/lib:/home/benongnuel/dev_ws/install/xarm_moveit_servo/lib:/home/benongnuel/dev_ws/install/xarm_gazebo/lib:/home/benongnuel/dev_ws/install/xarm_controller/lib:/home/benongnuel/dev_ws/install/xarm_api/lib:/home/benongnuel/dev_ws/install/realsense_gazebo_plugin/lib:/home/benongnuel/dev_ws/install/kdl_parser/lib:/usr/lib/x86_64-linux-gnu/gazebo-11/plugins:/opt/ros/humble/opt/rviz_ogre_vendor/lib:/opt/ros/humble/lib/x86_64-linux-gnu:/opt/ros/humble/lib /usr/bin/cmake --build /home/benongnuel/dev_ws/build/xarm_api -- -j16 -l16
[0.054s] [35m[1mConsolidate compiler generated dependencies of target xarm_ros_client[0m
[0.055s] [35m[1mConsolidate compiler generated dependencies of target test_robot_states[0m
[0.055s] [35m[1mConsolidate compiler generated dependencies of target xarm_ros_driver[0m
[0.067s] [ 15%] Built target xarm_ros_client
[0.070s] [ 30%] Built target test_robot_states
[0.076s] [35m[1mConsolidate compiler generated dependencies of target test_xarm_ros_client[0m
[0.076s] [ 53%] Built target xarm_ros_driver
[0.077s] [35m[1mConsolidate compiler generated dependencies of target test_xarm_velo_move[0m
[0.088s] [35m[1mConsolidate compiler generated dependencies of target xarm_driver_node[0m
[0.090s] [ 69%] Built target test_xarm_velo_move
[0.090s] [ 84%] Built target test_xarm_ros_client
[0.103s] [100%] Built target xarm_driver_node
[0.112s] Invoked command in '/home/benongnuel/dev_ws/build/xarm_api' returned '0': CMAKE_PREFIX_PATH=/home/benongnuel/dev_ws/install/xarm_sdk:/home/benongnuel/dev_ws/install/xarm_msgs:/home/benongnuel/dev_ws/install/xarm_description:/home/benongnuel/dev_ws/install/xarm_planner:/home/benongnuel/dev_ws/install/xarm_moveit_servo:/home/benongnuel/dev_ws/install/xarm_moveit_config:/home/benongnuel/dev_ws/install/xarm_gazebo:/home/benongnuel/dev_ws/install/xarm_controller:/home/benongnuel/dev_ws/install/d435i_xarm_setup:/home/benongnuel/dev_ws/install/xarm_api:/home/benongnuel/dev_ws/install/realsense_gazebo_plugin:/home/benongnuel/dev_ws/install/mbot_demo:/home/benongnuel/dev_ws/install/kdl_parser:/home/benongnuel/robo_ws/install/custom_3dof_arm:/home/benongnuel/dev_ws/install/uf_ros_lib:/home/benongnuel/dev_ws/install/my_gripper_scripts:/opt/ros/humble LD_LIBRARY_PATH=/home/benongnuel/dev_ws/install/xarm_sdk/lib:/home/benongnuel/dev_ws/install/xarm_msgs/lib:/home/benongnuel/dev_ws/install/xarm_planner/lib:/home/benongnuel/dev_ws/install/xarm_moveit_servo/lib:/home/benongnuel/dev_ws/install/xarm_gazebo/lib:/home/benongnuel/dev_ws/install/xarm_controller/lib:/home/benongnuel/dev_ws/install/xarm_api/lib:/home/benongnuel/dev_ws/install/realsense_gazebo_plugin/lib:/home/benongnuel/dev_ws/install/kdl_parser/lib:/usr/lib/x86_64-linux-gnu/gazebo-11/plugins:/opt/ros/humble/opt/rviz_ogre_vendor/lib:/opt/ros/humble/lib/x86_64-linux-gnu:/opt/ros/humble/lib /usr/bin/cmake --build /home/benongnuel/dev_ws/build/xarm_api -- -j16 -l16
[0.114s] Invoking command in '/home/benongnuel/dev_ws/build/xarm_api': CMAKE_PREFIX_PATH=/home/benongnuel/dev_ws/install/xarm_sdk:/home/benongnuel/dev_ws/install/xarm_msgs:/home/benongnuel/dev_ws/install/xarm_description:/home/benongnuel/dev_ws/install/xarm_planner:/home/benongnuel/dev_ws/install/xarm_moveit_servo:/home/benongnuel/dev_ws/install/xarm_moveit_config:/home/benongnuel/dev_ws/install/xarm_gazebo:/home/benongnuel/dev_ws/install/xarm_controller:/home/benongnuel/dev_ws/install/d435i_xarm_setup:/home/benongnuel/dev_ws/install/xarm_api:/home/benongnuel/dev_ws/install/realsense_gazebo_plugin:/home/benongnuel/dev_ws/install/mbot_demo:/home/benongnuel/dev_ws/install/kdl_parser:/home/benongnuel/robo_ws/install/custom_3dof_arm:/home/benongnuel/dev_ws/install/uf_ros_lib:/home/benongnuel/dev_ws/install/my_gripper_scripts:/opt/ros/humble LD_LIBRARY_PATH=/home/benongnuel/dev_ws/install/xarm_sdk/lib:/home/benongnuel/dev_ws/install/xarm_msgs/lib:/home/benongnuel/dev_ws/install/xarm_planner/lib:/home/benongnuel/dev_ws/install/xarm_moveit_servo/lib:/home/benongnuel/dev_ws/install/xarm_gazebo/lib:/home/benongnuel/dev_ws/install/xarm_controller/lib:/home/benongnuel/dev_ws/install/xarm_api/lib:/home/benongnuel/dev_ws/install/realsense_gazebo_plugin/lib:/home/benongnuel/dev_ws/install/kdl_parser/lib:/usr/lib/x86_64-linux-gnu/gazebo-11/plugins:/opt/ros/humble/opt/rviz_ogre_vendor/lib:/opt/ros/humble/lib/x86_64-linux-gnu:/opt/ros/humble/lib /usr/bin/cmake --install /home/benongnuel/dev_ws/build/xarm_api
[0.121s] -- Install configuration: ""
[0.121s] -- Up-to-date: /home/benongnuel/dev_ws/install/xarm_api/share/xarm_api/environment/library_path.sh
[0.121s] -- Up-to-date: /home/benongnuel/dev_ws/install/xarm_api/share/xarm_api/environment/library_path.dsv
[0.121s] -- Up-to-date: /home/benongnuel/dev_ws/install/xarm_api/include
[0.121s] -- Up-to-date: /home/benongnuel/dev_ws/install/xarm_api/include/xarm_api
[0.121s] -- Up-to-date: /home/benongnuel/dev_ws/install/xarm_api/include/xarm_api/xarm_ros_client.h
[0.121s] -- Up-to-date: /home/benongnuel/dev_ws/install/xarm_api/include/xarm_api/xarm_msgs.h
[0.121s] -- Up-to-date: /home/benongnuel/dev_ws/install/xarm_api/include/xarm_api/visibility_control.h
[0.121s] -- Up-to-date: /home/benongnuel/dev_ws/install/xarm_api/include/xarm_api/xarm_driver.h
[0.121s] -- Up-to-date: /home/benongnuel/dev_ws/install/xarm_api/lib/libxarm_ros_driver.so
[0.122s] -- Up-to-date: /home/benongnuel/dev_ws/install/xarm_api/lib/libxarm_ros_client.so
[0.122s] -- Up-to-date: /home/benongnuel/dev_ws/install/xarm_api/lib/xarm_api/xarm_driver_node
[0.123s] -- Up-to-date: /home/benongnuel/dev_ws/install/xarm_api/lib/xarm_api/test_xarm_ros_client
[0.123s] -- Up-to-date: /home/benongnuel/dev_ws/install/xarm_api/lib/xarm_api/test_xarm_velo_move
[0.124s] -- Up-to-date: /home/benongnuel/dev_ws/install/xarm_api/lib/xarm_api/test_robot_states
[0.124s] -- Up-to-date: /home/benongnuel/dev_ws/install/xarm_api/share/xarm_api//launch
[0.124s] -- Up-to-date: /home/benongnuel/dev_ws/install/xarm_api/share/xarm_api//launch/uf850_driver.launch.py
[0.124s] -- Up-to-date: /home/benongnuel/dev_ws/install/xarm_api/share/xarm_api//launch/xarm7_driver.launch.py
[0.124s] -- Up-to-date: /home/benongnuel/dev_ws/install/xarm_api/share/xarm_api//launch/xarm5_driver.launch.py
[0.124s] -- Up-to-date: /home/benongnuel/dev_ws/install/xarm_api/share/xarm_api//launch/lib
[0.124s] -- Up-to-date: /home/benongnuel/dev_ws/install/xarm_api/share/xarm_api//launch/lib/robot_api_lib.py
[0.124s] -- Up-to-date: /home/benongnuel/dev_ws/install/xarm_api/share/xarm_api//launch/lite6_driver.launch.py
[0.124s] -- Up-to-date: /home/benongnuel/dev_ws/install/xarm_api/share/xarm_api//launch/xarm6_driver.launch.py
[0.124s] -- Up-to-date: /home/benongnuel/dev_ws/install/xarm_api/share/xarm_api//launch/_robot_driver.launch.py
[0.124s] -- Up-to-date: /home/benongnuel/dev_ws/install/xarm_api/share/xarm_api//config
[0.124s] -- Up-to-date: /home/benongnuel/dev_ws/install/xarm_api/share/xarm_api//config/xarm_params.yaml
[0.124s] -- Up-to-date: /home/benongnuel/dev_ws/install/xarm_api/share/ament_index/resource_index/package_run_dependencies/xarm_api
[0.125s] -- Up-to-date: /home/benongnuel/dev_ws/install/xarm_api/share/ament_index/resource_index/parent_prefix_path/xarm_api
[0.125s] -- Up-to-date: /home/benongnuel/dev_ws/install/xarm_api/share/xarm_api/environment/ament_prefix_path.sh
[0.125s] -- Up-to-date: /home/benongnuel/dev_ws/install/xarm_api/share/xarm_api/environment/ament_prefix_path.dsv
[0.125s] -- Up-to-date: /home/benongnuel/dev_ws/install/xarm_api/share/xarm_api/environment/path.sh
[0.125s] -- Up-to-date: /home/benongnuel/dev_ws/install/xarm_api/share/xarm_api/environment/path.dsv
[0.125s] -- Up-to-date: /home/benongnuel/dev_ws/install/xarm_api/share/xarm_api/local_setup.bash
[0.125s] -- Up-to-date: /home/benongnuel/dev_ws/install/xarm_api/share/xarm_api/local_setup.sh
[0.125s] -- Up-to-date: /home/benongnuel/dev_ws/install/xarm_api/share/xarm_api/local_setup.zsh
[0.125s] -- Up-to-date: /home/benongnuel/dev_ws/install/xarm_api/share/xarm_api/local_setup.dsv
[0.125s] -- Installing: /home/benongnuel/dev_ws/install/xarm_api/share/xarm_api/package.dsv
[0.126s] -- Up-to-date: /home/benongnuel/dev_ws/install/xarm_api/share/ament_index/resource_index/packages/xarm_api
[0.126s] -- Up-to-date: /home/benongnuel/dev_ws/install/xarm_api/share/xarm_api/cmake/ament_cmake_export_libraries-extras.cmake
[0.126s] -- Up-to-date: /home/benongnuel/dev_ws/install/xarm_api/share/xarm_api/cmake/ament_cmake_export_include_directories-extras.cmake
[0.126s] -- Up-to-date: /home/benongnuel/dev_ws/install/xarm_api/share/xarm_api/cmake/xarm_apiConfig.cmake
[0.126s] -- Up-to-date: /home/benongnuel/dev_ws/install/xarm_api/share/xarm_api/cmake/xarm_apiConfig-version.cmake
[0.126s] -- Up-to-date: /home/benongnuel/dev_ws/install/xarm_api/share/xarm_api/package.xml
[0.126s] Invoked command in '/home/benongnuel/dev_ws/build/xarm_api' returned '0': CMAKE_PREFIX_PATH=/home/benongnuel/dev_ws/install/xarm_sdk:/home/benongnuel/dev_ws/install/xarm_msgs:/home/benongnuel/dev_ws/install/xarm_description:/home/benongnuel/dev_ws/install/xarm_planner:/home/benongnuel/dev_ws/install/xarm_moveit_servo:/home/benongnuel/dev_ws/install/xarm_moveit_config:/home/benongnuel/dev_ws/install/xarm_gazebo:/home/benongnuel/dev_ws/install/xarm_controller:/home/benongnuel/dev_ws/install/d435i_xarm_setup:/home/benongnuel/dev_ws/install/xarm_api:/home/benongnuel/dev_ws/install/realsense_gazebo_plugin:/home/benongnuel/dev_ws/install/mbot_demo:/home/benongnuel/dev_ws/install/kdl_parser:/home/benongnuel/robo_ws/install/custom_3dof_arm:/home/benongnuel/dev_ws/install/uf_ros_lib:/home/benongnuel/dev_ws/install/my_gripper_scripts:/opt/ros/humble LD_LIBRARY_PATH=/home/benongnuel/dev_ws/install/xarm_sdk/lib:/home/benongnuel/dev_ws/install/xarm_msgs/lib:/home/benongnuel/dev_ws/install/xarm_planner/lib:/home/benongnuel/dev_ws/install/xarm_moveit_servo/lib:/home/benongnuel/dev_ws/install/xarm_gazebo/lib:/home/benongnuel/dev_ws/install/xarm_controller/lib:/home/benongnuel/dev_ws/install/xarm_api/lib:/home/benongnuel/dev_ws/install/realsense_gazebo_plugin/lib:/home/benongnuel/dev_ws/install/kdl_parser/lib:/usr/lib/x86_64-linux-gnu/gazebo-11/plugins:/opt/ros/humble/opt/rviz_ogre_vendor/lib:/opt/ros/humble/lib/x86_64-linux-gnu:/opt/ros/humble/lib /usr/bin/cmake --install /home/benongnuel/dev_ws/build/xarm_api
