[0.151s] Invoking command in '/home/benongnuel/dev_ws/src/xarm_ros2/build/mbot_demo': CMAKE_PREFIX_PATH=${CMAKE_PREFIX_PATH}:/home/benongnuel/dev_ws/install/uf_ros_lib:/home/benongnuel/dev_ws/install/my_gripper_scripts:/opt/ros/humble /usr/bin/cmake /home/benongnuel/dev_ws/src/xarm_ros2/demo/mbot_demo -DAMENT_CMAKE_SYMLINK_INSTALL=1 -DCMAKE_INSTALL_PREFIX=/home/benongnuel/dev_ws/src/xarm_ros2/install/mbot_demo
[0.191s] -- The C compiler identification is GNU 11.4.0
[0.233s] -- The CXX compiler identification is GNU 11.4.0
[0.238s] -- Detecting C compiler ABI info
[0.299s] -- Detecting C compiler ABI info - done
[0.307s] -- Check for working C compiler: /usr/bin/cc - skipped
[0.307s] -- Detecting C compile features
[0.307s] -- Detecting C compile features - done
[0.310s] -- Detecting CXX compiler ABI info
[0.382s] -- Detecting CXX compiler ABI info - done
[0.391s] -- Check for working CXX compiler: /usr/bin/c++ - skipped
[0.391s] -- Detecting CXX compile features
[0.391s] -- Detecting CXX compile features - done
[0.394s] -- Found ament_cmake: 1.3.11 (/opt/ros/humble/share/ament_cmake/cmake)
[0.513s] -- Found Python3: /usr/bin/python3 (found version "3.10.12") found components: Interpreter 
[0.558s] -- Override CMake install command with custom implementation using symlinks instead of copying resources
[0.582s] -- Found ament_lint_auto: 0.12.12 (/opt/ros/humble/share/ament_lint_auto/cmake)
[0.756s] -- Added test 'copyright' to check source files copyright and LICENSE
[0.757s] -- Added test 'flake8' to check Python code syntax and style conventions
[0.759s] -- Added test 'lint_cmake' to check CMake code style
[0.760s] -- Added test 'pep257' to check Python code against some of the docstring style conventions in PEP 257
[0.762s] -- Added test 'xmllint' to check XML markup files
[0.766s] -- Configuring done
[0.781s] -- Generating done
[0.781s] -- Build files have been written to: /home/benongnuel/dev_ws/src/xarm_ros2/build/mbot_demo
[0.797s] Invoked command in '/home/benongnuel/dev_ws/src/xarm_ros2/build/mbot_demo' returned '0': CMAKE_PREFIX_PATH=${CMAKE_PREFIX_PATH}:/home/benongnuel/dev_ws/install/uf_ros_lib:/home/benongnuel/dev_ws/install/my_gripper_scripts:/opt/ros/humble /usr/bin/cmake /home/benongnuel/dev_ws/src/xarm_ros2/demo/mbot_demo -DAMENT_CMAKE_SYMLINK_INSTALL=1 -DCMAKE_INSTALL_PREFIX=/home/benongnuel/dev_ws/src/xarm_ros2/install/mbot_demo
[0.799s] Invoking command in '/home/benongnuel/dev_ws/src/xarm_ros2/build/mbot_demo': CMAKE_PREFIX_PATH=${CMAKE_PREFIX_PATH}:/home/benongnuel/dev_ws/install/uf_ros_lib:/home/benongnuel/dev_ws/install/my_gripper_scripts:/opt/ros/humble /usr/bin/cmake --build /home/benongnuel/dev_ws/src/xarm_ros2/build/mbot_demo -- -j16 -l16
[0.924s] Invoked command in '/home/benongnuel/dev_ws/src/xarm_ros2/build/mbot_demo' returned '0': CMAKE_PREFIX_PATH=${CMAKE_PREFIX_PATH}:/home/benongnuel/dev_ws/install/uf_ros_lib:/home/benongnuel/dev_ws/install/my_gripper_scripts:/opt/ros/humble /usr/bin/cmake --build /home/benongnuel/dev_ws/src/xarm_ros2/build/mbot_demo -- -j16 -l16
[0.933s] Invoking command in '/home/benongnuel/dev_ws/src/xarm_ros2/build/mbot_demo': CMAKE_PREFIX_PATH=${CMAKE_PREFIX_PATH}:/home/benongnuel/dev_ws/install/uf_ros_lib:/home/benongnuel/dev_ws/install/my_gripper_scripts:/opt/ros/humble /usr/bin/cmake --install /home/benongnuel/dev_ws/src/xarm_ros2/build/mbot_demo
[0.952s] -- Install configuration: ""
[0.952s] -- Execute custom install script
[0.953s] -- Symlinking: /home/benongnuel/dev_ws/src/xarm_ros2/install/mbot_demo/share/mbot_demo//rviz/moveit.rviz
[0.983s] -- Symlinking: /home/benongnuel/dev_ws/src/xarm_ros2/install/mbot_demo/share/mbot_demo//urdf/mbot.gazebo.xacro
[1.014s] -- Symlinking: /home/benongnuel/dev_ws/src/xarm_ros2/install/mbot_demo/share/mbot_demo//urdf/mbot.ros2_control.xacro
[1.043s] -- Symlinking: /home/benongnuel/dev_ws/src/xarm_ros2/install/mbot_demo/share/mbot_demo//urdf/mbot.transmission.xacro
[1.079s] -- Symlinking: /home/benongnuel/dev_ws/src/xarm_ros2/install/mbot_demo/share/mbot_demo//urdf/mbot.urdf.xacro
[1.124s] -- Symlinking: /home/benongnuel/dev_ws/src/xarm_ros2/install/mbot_demo/share/mbot_demo//urdf/mbot_macro.xacro
[1.155s] -- Symlinking: /home/benongnuel/dev_ws/src/xarm_ros2/install/mbot_demo/share/mbot_demo//urdf/mbot_with_xarm.urdf.xacro
[1.178s] -- Symlinking: /home/benongnuel/dev_ws/src/xarm_ros2/install/mbot_demo/share/mbot_demo//srdf/mbot_macro.srdf.xacro
[1.207s] -- Symlinking: /home/benongnuel/dev_ws/src/xarm_ros2/install/mbot_demo/share/mbot_demo//srdf/mbot_with_xarm.srdf.xacro
[1.245s] -- Symlinking: /home/benongnuel/dev_ws/src/xarm_ros2/install/mbot_demo/share/mbot_demo//config/controllers.yaml
[1.285s] -- Symlinking: /home/benongnuel/dev_ws/src/xarm_ros2/install/mbot_demo/share/mbot_demo//config/joint_limits.yaml
[1.314s] -- Symlinking: /home/benongnuel/dev_ws/src/xarm_ros2/install/mbot_demo/share/mbot_demo//config/kinematics.yaml
[1.345s] -- Symlinking: /home/benongnuel/dev_ws/src/xarm_ros2/install/mbot_demo/share/mbot_demo//config/ompl_planning.yaml
[1.381s] -- Symlinking: /home/benongnuel/dev_ws/src/xarm_ros2/install/mbot_demo/share/mbot_demo//config/ros2_controllers.yaml
[1.417s] -- Symlinking: /home/benongnuel/dev_ws/src/xarm_ros2/install/mbot_demo/share/mbot_demo//worlds/empty.world
[1.451s] -- Symlinking: /home/benongnuel/dev_ws/src/xarm_ros2/install/mbot_demo/share/mbot_demo//launch/_robot_on_mbot_gazebo.launch.py
[1.478s] -- Symlinking: /home/benongnuel/dev_ws/src/xarm_ros2/install/mbot_demo/share/mbot_demo//launch/mbot_moveit_fake.launch.py
[1.502s] -- Symlinking: /home/benongnuel/dev_ws/src/xarm_ros2/install/mbot_demo/share/mbot_demo//launch/mbot_moveit_gazebo.launch.py
[1.540s] -- Symlinking: /home/benongnuel/dev_ws/src/xarm_ros2/install/mbot_demo/share/mbot_demo//launch/mbot_moveit_realmove.launch.py
[1.554s] -- Symlinking: /home/benongnuel/dev_ws/src/xarm_ros2/install/mbot_demo/share/ament_index/resource_index/package_run_dependencies/mbot_demo
[1.583s] -- Symlinking: /home/benongnuel/dev_ws/src/xarm_ros2/install/mbot_demo/share/ament_index/resource_index/parent_prefix_path/mbot_demo
[1.614s] -- Symlinking: /home/benongnuel/dev_ws/src/xarm_ros2/install/mbot_demo/share/mbot_demo/environment/ament_prefix_path.sh
[1.649s] -- Symlinking: /home/benongnuel/dev_ws/src/xarm_ros2/install/mbot_demo/share/mbot_demo/environment/ament_prefix_path.dsv
[1.666s] -- Symlinking: /home/benongnuel/dev_ws/src/xarm_ros2/install/mbot_demo/share/mbot_demo/environment/path.sh
[1.701s] -- Symlinking: /home/benongnuel/dev_ws/src/xarm_ros2/install/mbot_demo/share/mbot_demo/environment/path.dsv
[1.734s] -- Symlinking: /home/benongnuel/dev_ws/src/xarm_ros2/install/mbot_demo/share/mbot_demo/local_setup.bash
[1.762s] -- Symlinking: /home/benongnuel/dev_ws/src/xarm_ros2/install/mbot_demo/share/mbot_demo/local_setup.sh
[1.794s] -- Symlinking: /home/benongnuel/dev_ws/src/xarm_ros2/install/mbot_demo/share/mbot_demo/local_setup.zsh
[1.824s] -- Symlinking: /home/benongnuel/dev_ws/src/xarm_ros2/install/mbot_demo/share/mbot_demo/local_setup.dsv
[1.860s] -- Symlinking: /home/benongnuel/dev_ws/src/xarm_ros2/install/mbot_demo/share/mbot_demo/package.dsv
[1.896s] -- Symlinking: /home/benongnuel/dev_ws/src/xarm_ros2/install/mbot_demo/share/ament_index/resource_index/packages/mbot_demo
[1.927s] -- Symlinking: /home/benongnuel/dev_ws/src/xarm_ros2/install/mbot_demo/share/mbot_demo/cmake/mbot_demoConfig.cmake
[1.946s] -- Symlinking: /home/benongnuel/dev_ws/src/xarm_ros2/install/mbot_demo/share/mbot_demo/cmake/mbot_demoConfig-version.cmake
[1.978s] -- Symlinking: /home/benongnuel/dev_ws/src/xarm_ros2/install/mbot_demo/share/mbot_demo/package.xml
[2.033s] Invoked command in '/home/benongnuel/dev_ws/src/xarm_ros2/build/mbot_demo' returned '0': CMAKE_PREFIX_PATH=${CMAKE_PREFIX_PATH}:/home/benongnuel/dev_ws/install/uf_ros_lib:/home/benongnuel/dev_ws/install/my_gripper_scripts:/opt/ros/humble /usr/bin/cmake --install /home/benongnuel/dev_ws/src/xarm_ros2/build/mbot_demo
