[0.022s] Invoking command in '/home/benongnuel/dev_ws/build/xarm_msgs': CMAKE_PREFIX_PATH=${CMAKE_PREFIX_PATH}:/home/benongnuel/dev_ws/install/uf_ros_lib:/home/benongnuel/dev_ws/install/my_gripper_scripts:/opt/ros/humble /usr/bin/cmake /home/benongnuel/dev_ws/src/xarm_ros2/xarm_msgs -DCMAKE_INSTALL_PREFIX=/home/benongnuel/dev_ws/install/xarm_msgs
[0.324s] -- Found ament_cmake: 1.3.11 (/opt/ros/humble/share/ament_cmake/cmake)
[0.325s] -- Override CMake install command with custom implementation using symlinks instead of copying resources
[0.325s] -- Found ament_lint_auto: 0.12.12 (/opt/ros/humble/share/ament_lint_auto/cmake)
[0.325s] -- Found std_msgs: 4.8.0 (/opt/ros/humble/share/std_msgs/cmake)
[0.325s] -- Found rosidl_generator_c: 3.1.6 (/opt/ros/humble/share/rosidl_generator_c/cmake)
[0.326s] -- Found rosidl_adapter: 3.1.6 (/opt/ros/humble/share/rosidl_adapter/cmake)
[0.326s] -- Found rosidl_generator_cpp: 3.1.6 (/opt/ros/humble/share/rosidl_generator_cpp/cmake)
[0.326s] -- Using all available rosidl_typesupport_c: rosidl_typesupport_fastrtps_c;rosidl_typesupport_introspection_c
[0.326s] -- Using all available rosidl_typesupport_cpp: rosidl_typesupport_fastrtps_cpp;rosidl_typesupport_introspection_cpp
[0.326s] -- Found geometry_msgs: 4.8.0 (/opt/ros/humble/share/geometry_msgs/cmake)
[0.326s] -- Found rosidl_default_generators: 1.2.0 (/opt/ros/humble/share/rosidl_default_generators/cmake)
[0.715s] -- Found ament_cmake_ros: 0.10.0 (/opt/ros/humble/share/ament_cmake_ros/cmake)
[1.035s] -- Using all available rosidl_typesupport_c: rosidl_typesupport_fastrtps_c;rosidl_typesupport_introspection_c
[1.149s] -- Using all available rosidl_typesupport_cpp: rosidl_typesupport_fastrtps_cpp;rosidl_typesupport_introspection_cpp
[1.161s] -- Found python_cmake_module: 0.10.0 (/opt/ros/humble/share/python_cmake_module/cmake)
[1.173s] -- Using PYTHON_EXECUTABLE: /usr/bin/python3
[1.173s] -- Using PYTHON_INCLUDE_DIRS: /usr/include/python3.10
[1.173s] -- Using PYTHON_LIBRARIES: /usr/lib/x86_64-linux-gnu/libpython3.10.so
[1.212s] -- Added test 'copyright' to check source files copyright and LICENSE
[1.214s] -- Added test 'lint_cmake' to check CMake code style
[1.215s] -- Added test 'xmllint' to check XML markup files
[1.217s] -- Configuring done
[1.281s] -- Generating done
[1.292s] -- Build files have been written to: /home/benongnuel/dev_ws/build/xarm_msgs
[1.300s] Invoked command in '/home/benongnuel/dev_ws/build/xarm_msgs' returned '0': CMAKE_PREFIX_PATH=${CMAKE_PREFIX_PATH}:/home/benongnuel/dev_ws/install/uf_ros_lib:/home/benongnuel/dev_ws/install/my_gripper_scripts:/opt/ros/humble /usr/bin/cmake /home/benongnuel/dev_ws/src/xarm_ros2/xarm_msgs -DCMAKE_INSTALL_PREFIX=/home/benongnuel/dev_ws/install/xarm_msgs
[1.300s] Invoking command in '/home/benongnuel/dev_ws/build/xarm_msgs': CMAKE_PREFIX_PATH=${CMAKE_PREFIX_PATH}:/home/benongnuel/dev_ws/install/uf_ros_lib:/home/benongnuel/dev_ws/install/my_gripper_scripts:/opt/ros/humble /usr/bin/cmake --build /home/benongnuel/dev_ws/build/xarm_msgs -- -j16 -l16
[1.362s] [35m[1mConsolidate compiler generated dependencies of target xarm_msgs__rosidl_generator_c[0m
[1.369s] failed to create symbolic link '/home/benongnuel/dev_ws/build/xarm_msgs/ament_cmake_python/xarm_msgs/xarm_msgs' because existing path cannot be removed: Is a directory
[1.369s] gmake[2]: *** [CMakeFiles/ament_cmake_python_symlink_xarm_msgs.dir/build.make:70: CMakeFiles/ament_cmake_python_symlink_xarm_msgs] Error 1
[1.370s] gmake[1]: *** [CMakeFiles/Makefile2:421: CMakeFiles/ament_cmake_python_symlink_xarm_msgs.dir/all] Error 2
[1.370s] gmake[1]: *** Waiting for unfinished jobs....
[1.371s] [  0%] Built target xarm_msgs__cpp
[1.383s] [ 12%] Built target xarm_msgs__rosidl_generator_c
[1.383s] gmake: *** [Makefile:146: all] Error 2
[1.385s] Invoked command in '/home/benongnuel/dev_ws/build/xarm_msgs' returned '2': CMAKE_PREFIX_PATH=${CMAKE_PREFIX_PATH}:/home/benongnuel/dev_ws/install/uf_ros_lib:/home/benongnuel/dev_ws/install/my_gripper_scripts:/opt/ros/humble /usr/bin/cmake --build /home/benongnuel/dev_ws/build/xarm_msgs -- -j16 -l16
