[0.015s] Invoking command in '/home/benongnuel/dev_ws/build/xarm_moveit_servo': AMENT_PREFIX_PATH=/home/benongnuel/dev_ws/install/xarm_moveit_config:/home/benongnuel/dev_ws/install/xarm_gazebo:/home/benongnuel/dev_ws/install/xarm_controller:/home/benongnuel/dev_ws/install/xarm_api:/home/benongnuel/dev_ws/install/xarm_sdk:/home/benongnuel/dev_ws/install/xarm_msgs:/home/benongnuel/dev_ws/install/xarm_description:/home/benongnuel/dev_ws/install/uf_ros_lib:${AMENT_PREFIX_PATH} CMAKE_PREFIX_PATH=/home/benongnuel/dev_ws/install/xarm_moveit_config:/home/benongnuel/dev_ws/install/xarm_gazebo:/home/benongnuel/dev_ws/install/xarm_controller:/home/benongnuel/dev_ws/install/xarm_api:/home/benongnuel/dev_ws/install/xarm_sdk:/home/benongnuel/dev_ws/install/xarm_msgs:/home/benongnuel/dev_ws/install/xarm_description:/home/benongnuel/robo_ws/install/custom_3dof_arm:/opt/ros/humble LD_LIBRARY_PATH=/home/benongnuel/dev_ws/install/xarm_gazebo/lib:/home/benongnuel/dev_ws/install/xarm_controller/lib:/home/benongnuel/dev_ws/install/xarm_api/lib:/home/benongnuel/dev_ws/install/xarm_sdk/lib:/home/benongnuel/dev_ws/install/xarm_msgs/lib:${LD_LIBRARY_PATH} PYTHONPATH=/home/benongnuel/dev_ws/install/xarm_msgs/local/lib/python3.10/dist-packages:/home/benongnuel/dev_ws/install/uf_ros_lib/lib/python3.10/site-packages:${PYTHONPATH} /usr/bin/cmake /home/benongnuel/dev_ws/src/xarm_ros2/xarm_moveit_servo -DCMAKE_INSTALL_PREFIX=/home/benongnuel/dev_ws/install/xarm_moveit_servo
[0.056s] -- The C compiler identification is GNU 11.4.0
[0.099s] -- The CXX compiler identification is GNU 11.4.0
[0.104s] -- Detecting C compiler ABI info
[0.151s] -- Detecting C compiler ABI info - done
[0.156s] -- Check for working C compiler: /usr/bin/cc - skipped
[0.156s] -- Detecting C compile features
[0.156s] -- Detecting C compile features - done
[0.158s] -- Detecting CXX compiler ABI info
[0.229s] -- Detecting CXX compiler ABI info - done
[0.235s] -- Check for working CXX compiler: /usr/bin/c++ - skipped
[0.235s] -- Detecting CXX compile features
[0.235s] -- Detecting CXX compile features - done
[0.237s] -- Found ament_cmake: 1.3.11 (/opt/ros/humble/share/ament_cmake/cmake)
[0.339s] -- Found Python3: /usr/bin/python3 (found version "3.10.12") found components: Interpreter 
[0.404s] -- Found rclcpp: 16.0.12 (/opt/ros/humble/share/rclcpp/cmake)
[0.430s] -- Found rosidl_generator_c: 3.1.6 (/opt/ros/humble/share/rosidl_generator_c/cmake)
[0.434s] -- Found rosidl_adapter: 3.1.6 (/opt/ros/humble/share/rosidl_adapter/cmake)
[0.439s] -- Found rosidl_generator_cpp: 3.1.6 (/opt/ros/humble/share/rosidl_generator_cpp/cmake)
[0.446s] -- Using all available rosidl_typesupport_c: rosidl_typesupport_fastrtps_c;rosidl_typesupport_introspection_c
[0.456s] -- Using all available rosidl_typesupport_cpp: rosidl_typesupport_fastrtps_cpp;rosidl_typesupport_introspection_cpp
[0.483s] -- Found rmw_implementation_cmake: 6.1.2 (/opt/ros/humble/share/rmw_implementation_cmake/cmake)
[0.485s] -- Found rmw_fastrtps_cpp: 6.2.7 (/opt/ros/humble/share/rmw_fastrtps_cpp/cmake)
[0.546s] -- Found OpenSSL: /usr/lib/x86_64-linux-gnu/libcrypto.so (found version "3.0.2")  
[0.563s] -- Found FastRTPS: /opt/ros/humble/include  
[0.594s] -- Using RMW implementation 'rmw_fastrtps_cpp' as default
[0.599s] -- Looking for pthread.h
[0.652s] -- Looking for pthread.h - found
[0.652s] -- Performing Test CMAKE_HAVE_LIBC_PTHREAD
[0.707s] -- Performing Test CMAKE_HAVE_LIBC_PTHREAD - Success
[0.708s] -- Found Threads: TRUE  
[0.740s] -- Found rclcpp_components: 16.0.12 (/opt/ros/humble/share/rclcpp_components/cmake)
[0.757s] -- Found std_srvs: 4.8.0 (/opt/ros/humble/share/std_srvs/cmake)
[0.765s] -- Found sensor_msgs: 4.8.0 (/opt/ros/humble/share/sensor_msgs/cmake)
[0.783s] -- Found control_msgs: 4.8.0 (/opt/ros/humble/share/control_msgs/cmake)
[0.824s] -- Found moveit_msgs: 2.2.1 (/opt/ros/humble/share/moveit_msgs/cmake)
[0.880s] -- Found moveit_ros_planning: 2.5.9 (/opt/ros/humble/share/moveit_ros_planning/cmake)
[0.899s] -- Found Boost: /usr/lib/x86_64-linux-gnu/cmake/Boost-1.74.0/BoostConfig.cmake (found version "1.74.0") found components: system filesystem date_time program_options thread chrono 
[0.983s] -- Found Boost: /usr/lib/x86_64-linux-gnu/cmake/Boost-1.74.0/BoostConfig.cmake (found version "1.74.0") found components: chrono date_time filesystem iostreams program_options regex serialization system thread 
[1.005s] -- Found parameter_traits: 0.4.0 (/opt/ros/humble/share/parameter_traits/cmake)
[1.014s] -- Found Eigen3: TRUE (found version "3.4.0") 
[1.015s] -- Found rclcpp_lifecycle: 16.0.12 (/opt/ros/humble/share/rclcpp_lifecycle/cmake)
[1.030s] -- Found Boost: /usr/lib/x86_64-linux-gnu/cmake/Boost-1.74.0/BoostConfig.cmake (found version "1.74.0") found components: filesystem 
[1.093s] -- library: /usr/lib/x86_64-linux-gnu/libcurl.so
[1.116s] -- Ensuring Eigen3 include directory is part of orocos-kdl CMake target
[1.146s] -- Found ament_lint_auto: 0.12.12 (/opt/ros/humble/share/ament_lint_auto/cmake)
[1.207s] -- Added test 'copyright' to check source files copyright and LICENSE
[1.208s] -- Added test 'cppcheck' to perform static code analysis on C / C++ code
[1.208s] -- Configured cppcheck include dirs: /home/benongnuel/dev_ws/src/xarm_ros2/xarm_moveit_servo/include
[1.208s] -- Configured cppcheck exclude dirs and/or files: 
[1.209s] -- Added test 'cpplint' to check C / C++ code against the Google style
[1.209s] -- Configured cpplint exclude dirs and/or files: 
[1.209s] -- Added test 'flake8' to check Python code syntax and style conventions
[1.209s] -- Added test 'lint_cmake' to check CMake code style
[1.210s] -- Added test 'pep257' to check Python code against some of the docstring style conventions in PEP 257
[1.210s] -- Added test 'uncrustify' to check C / C++ code style
[1.210s] -- Configured uncrustify additional arguments: 
[1.211s] -- Added test 'xmllint' to check XML markup files
[1.212s] -- Configuring done
[1.232s] -- Generating done
[1.238s] -- Build files have been written to: /home/benongnuel/dev_ws/build/xarm_moveit_servo
[1.249s] Invoked command in '/home/benongnuel/dev_ws/build/xarm_moveit_servo' returned '0': AMENT_PREFIX_PATH=/home/benongnuel/dev_ws/install/xarm_moveit_config:/home/benongnuel/dev_ws/install/xarm_gazebo:/home/benongnuel/dev_ws/install/xarm_controller:/home/benongnuel/dev_ws/install/xarm_api:/home/benongnuel/dev_ws/install/xarm_sdk:/home/benongnuel/dev_ws/install/xarm_msgs:/home/benongnuel/dev_ws/install/xarm_description:/home/benongnuel/dev_ws/install/uf_ros_lib:${AMENT_PREFIX_PATH} CMAKE_PREFIX_PATH=/home/benongnuel/dev_ws/install/xarm_moveit_config:/home/benongnuel/dev_ws/install/xarm_gazebo:/home/benongnuel/dev_ws/install/xarm_controller:/home/benongnuel/dev_ws/install/xarm_api:/home/benongnuel/dev_ws/install/xarm_sdk:/home/benongnuel/dev_ws/install/xarm_msgs:/home/benongnuel/dev_ws/install/xarm_description:/home/benongnuel/robo_ws/install/custom_3dof_arm:/opt/ros/humble LD_LIBRARY_PATH=/home/benongnuel/dev_ws/install/xarm_gazebo/lib:/home/benongnuel/dev_ws/install/xarm_controller/lib:/home/benongnuel/dev_ws/install/xarm_api/lib:/home/benongnuel/dev_ws/install/xarm_sdk/lib:/home/benongnuel/dev_ws/install/xarm_msgs/lib:${LD_LIBRARY_PATH} PYTHONPATH=/home/benongnuel/dev_ws/install/xarm_msgs/local/lib/python3.10/dist-packages:/home/benongnuel/dev_ws/install/uf_ros_lib/lib/python3.10/site-packages:${PYTHONPATH} /usr/bin/cmake /home/benongnuel/dev_ws/src/xarm_ros2/xarm_moveit_servo -DCMAKE_INSTALL_PREFIX=/home/benongnuel/dev_ws/install/xarm_moveit_servo
[1.250s] Invoking command in '/home/benongnuel/dev_ws/build/xarm_moveit_servo': AMENT_PREFIX_PATH=/home/benongnuel/dev_ws/install/xarm_moveit_config:/home/benongnuel/dev_ws/install/xarm_gazebo:/home/benongnuel/dev_ws/install/xarm_controller:/home/benongnuel/dev_ws/install/xarm_api:/home/benongnuel/dev_ws/install/xarm_sdk:/home/benongnuel/dev_ws/install/xarm_msgs:/home/benongnuel/dev_ws/install/xarm_description:/home/benongnuel/dev_ws/install/uf_ros_lib:${AMENT_PREFIX_PATH} CMAKE_PREFIX_PATH=/home/benongnuel/dev_ws/install/xarm_moveit_config:/home/benongnuel/dev_ws/install/xarm_gazebo:/home/benongnuel/dev_ws/install/xarm_controller:/home/benongnuel/dev_ws/install/xarm_api:/home/benongnuel/dev_ws/install/xarm_sdk:/home/benongnuel/dev_ws/install/xarm_msgs:/home/benongnuel/dev_ws/install/xarm_description:/home/benongnuel/robo_ws/install/custom_3dof_arm:/opt/ros/humble LD_LIBRARY_PATH=/home/benongnuel/dev_ws/install/xarm_gazebo/lib:/home/benongnuel/dev_ws/install/xarm_controller/lib:/home/benongnuel/dev_ws/install/xarm_api/lib:/home/benongnuel/dev_ws/install/xarm_sdk/lib:/home/benongnuel/dev_ws/install/xarm_msgs/lib:${LD_LIBRARY_PATH} PYTHONPATH=/home/benongnuel/dev_ws/install/xarm_msgs/local/lib/python3.10/dist-packages:/home/benongnuel/dev_ws/install/uf_ros_lib/lib/python3.10/site-packages:${PYTHONPATH} /usr/bin/cmake --build /home/benongnuel/dev_ws/build/xarm_moveit_servo -- -j16 -l16
[1.291s] [ 25%] [32mBuilding CXX object CMakeFiles/xarm_keyboard_input.dir/src/xarm_keyboard_input.cpp.o[0m
[1.292s] [ 50%] [32mBuilding CXX object CMakeFiles/xarm_joystick_input.dir/src/xarm_joystick_input.cpp.o[0m
[6.773s] [ 75%] [32m[1mLinking CXX executable xarm_keyboard_input[0m
[7.232s] [ 75%] Built target xarm_keyboard_input
[9.730s] [100%] [32m[1mLinking CXX shared library libxarm_joystick_input.so[0m
[10.505s] [100%] Built target xarm_joystick_input
[10.517s] Invoked command in '/home/benongnuel/dev_ws/build/xarm_moveit_servo' returned '0': AMENT_PREFIX_PATH=/home/benongnuel/dev_ws/install/xarm_moveit_config:/home/benongnuel/dev_ws/install/xarm_gazebo:/home/benongnuel/dev_ws/install/xarm_controller:/home/benongnuel/dev_ws/install/xarm_api:/home/benongnuel/dev_ws/install/xarm_sdk:/home/benongnuel/dev_ws/install/xarm_msgs:/home/benongnuel/dev_ws/install/xarm_description:/home/benongnuel/dev_ws/install/uf_ros_lib:${AMENT_PREFIX_PATH} CMAKE_PREFIX_PATH=/home/benongnuel/dev_ws/install/xarm_moveit_config:/home/benongnuel/dev_ws/install/xarm_gazebo:/home/benongnuel/dev_ws/install/xarm_controller:/home/benongnuel/dev_ws/install/xarm_api:/home/benongnuel/dev_ws/install/xarm_sdk:/home/benongnuel/dev_ws/install/xarm_msgs:/home/benongnuel/dev_ws/install/xarm_description:/home/benongnuel/robo_ws/install/custom_3dof_arm:/opt/ros/humble LD_LIBRARY_PATH=/home/benongnuel/dev_ws/install/xarm_gazebo/lib:/home/benongnuel/dev_ws/install/xarm_controller/lib:/home/benongnuel/dev_ws/install/xarm_api/lib:/home/benongnuel/dev_ws/install/xarm_sdk/lib:/home/benongnuel/dev_ws/install/xarm_msgs/lib:${LD_LIBRARY_PATH} PYTHONPATH=/home/benongnuel/dev_ws/install/xarm_msgs/local/lib/python3.10/dist-packages:/home/benongnuel/dev_ws/install/uf_ros_lib/lib/python3.10/site-packages:${PYTHONPATH} /usr/bin/cmake --build /home/benongnuel/dev_ws/build/xarm_moveit_servo -- -j16 -l16
[10.519s] Invoking command in '/home/benongnuel/dev_ws/build/xarm_moveit_servo': AMENT_PREFIX_PATH=/home/benongnuel/dev_ws/install/xarm_moveit_config:/home/benongnuel/dev_ws/install/xarm_gazebo:/home/benongnuel/dev_ws/install/xarm_controller:/home/benongnuel/dev_ws/install/xarm_api:/home/benongnuel/dev_ws/install/xarm_sdk:/home/benongnuel/dev_ws/install/xarm_msgs:/home/benongnuel/dev_ws/install/xarm_description:/home/benongnuel/dev_ws/install/uf_ros_lib:${AMENT_PREFIX_PATH} CMAKE_PREFIX_PATH=/home/benongnuel/dev_ws/install/xarm_moveit_config:/home/benongnuel/dev_ws/install/xarm_gazebo:/home/benongnuel/dev_ws/install/xarm_controller:/home/benongnuel/dev_ws/install/xarm_api:/home/benongnuel/dev_ws/install/xarm_sdk:/home/benongnuel/dev_ws/install/xarm_msgs:/home/benongnuel/dev_ws/install/xarm_description:/home/benongnuel/robo_ws/install/custom_3dof_arm:/opt/ros/humble LD_LIBRARY_PATH=/home/benongnuel/dev_ws/install/xarm_gazebo/lib:/home/benongnuel/dev_ws/install/xarm_controller/lib:/home/benongnuel/dev_ws/install/xarm_api/lib:/home/benongnuel/dev_ws/install/xarm_sdk/lib:/home/benongnuel/dev_ws/install/xarm_msgs/lib:${LD_LIBRARY_PATH} PYTHONPATH=/home/benongnuel/dev_ws/install/xarm_msgs/local/lib/python3.10/dist-packages:/home/benongnuel/dev_ws/install/uf_ros_lib/lib/python3.10/site-packages:${PYTHONPATH} /usr/bin/cmake --install /home/benongnuel/dev_ws/build/xarm_moveit_servo
[10.529s] -- Install configuration: ""
[10.529s] -- Installing: /home/benongnuel/dev_ws/install/xarm_moveit_servo/lib/libxarm_joystick_input.so
[10.535s] -- Set runtime path of "/home/benongnuel/dev_ws/install/xarm_moveit_servo/lib/libxarm_joystick_input.so" to ""
[10.535s] -- Installing: /home/benongnuel/dev_ws/install/xarm_moveit_servo/lib/xarm_moveit_servo/xarm_keyboard_input
[10.537s] -- Set runtime path of "/home/benongnuel/dev_ws/install/xarm_moveit_servo/lib/xarm_moveit_servo/xarm_keyboard_input" to ""
[10.538s] -- Installing: /home/benongnuel/dev_ws/install/xarm_moveit_servo/share/xarm_moveit_servo//config
[10.538s] -- Installing: /home/benongnuel/dev_ws/install/xarm_moveit_servo/share/xarm_moveit_servo//config/xarm_moveit_servo_config.yaml
[10.538s] -- Installing: /home/benongnuel/dev_ws/install/xarm_moveit_servo/share/xarm_moveit_servo//launch
[10.538s] -- Installing: /home/benongnuel/dev_ws/install/xarm_moveit_servo/share/xarm_moveit_servo//launch/lite6_moveit_servo_realmove.launch.py
[10.538s] -- Installing: /home/benongnuel/dev_ws/install/xarm_moveit_servo/share/xarm_moveit_servo//launch/xarm_moveit_servo_fake.launch.py
[10.538s] -- Installing: /home/benongnuel/dev_ws/install/xarm_moveit_servo/share/xarm_moveit_servo//launch/uf850_moveit_servo_fake.launch.py
[10.538s] -- Installing: /home/benongnuel/dev_ws/install/xarm_moveit_servo/share/xarm_moveit_servo//launch/uf850_moveit_servo_realmove.launch.py
[10.538s] -- Installing: /home/benongnuel/dev_ws/install/xarm_moveit_servo/share/xarm_moveit_servo//launch/lite6_moveit_servo_fake.launch.py
[10.539s] -- Installing: /home/benongnuel/dev_ws/install/xarm_moveit_servo/share/xarm_moveit_servo//launch/xarm_moveit_servo_realmove.launch.py
[10.539s] -- Installing: /home/benongnuel/dev_ws/install/xarm_moveit_servo/share/xarm_moveit_servo//launch/_robot_moveit_servo_fake.launch.py
[10.539s] -- Installing: /home/benongnuel/dev_ws/install/xarm_moveit_servo/share/xarm_moveit_servo//launch/_robot_moveit_servo_realmove.launch.py
[10.539s] -- Installing: /home/benongnuel/dev_ws/install/xarm_moveit_servo/share/xarm_moveit_servo//launch/_robot_moveit_servo.launch.py
[10.539s] -- Installing: /home/benongnuel/dev_ws/install/xarm_moveit_servo/share/xarm_moveit_servo//rviz
[10.539s] -- Installing: /home/benongnuel/dev_ws/install/xarm_moveit_servo/share/xarm_moveit_servo//rviz/servo.rviz
[10.541s] -- Installing: /home/benongnuel/dev_ws/install/xarm_moveit_servo/share/ament_index/resource_index/package_run_dependencies/xarm_moveit_servo
[10.541s] -- Installing: /home/benongnuel/dev_ws/install/xarm_moveit_servo/share/ament_index/resource_index/parent_prefix_path/xarm_moveit_servo
[10.541s] -- Installing: /home/benongnuel/dev_ws/install/xarm_moveit_servo/share/xarm_moveit_servo/environment/ament_prefix_path.sh
[10.541s] -- Installing: /home/benongnuel/dev_ws/install/xarm_moveit_servo/share/xarm_moveit_servo/environment/ament_prefix_path.dsv
[10.541s] -- Installing: /home/benongnuel/dev_ws/install/xarm_moveit_servo/share/xarm_moveit_servo/environment/path.sh
[10.542s] -- Installing: /home/benongnuel/dev_ws/install/xarm_moveit_servo/share/xarm_moveit_servo/environment/path.dsv
[10.542s] -- Installing: /home/benongnuel/dev_ws/install/xarm_moveit_servo/share/xarm_moveit_servo/local_setup.bash
[10.542s] -- Installing: /home/benongnuel/dev_ws/install/xarm_moveit_servo/share/xarm_moveit_servo/local_setup.sh
[10.542s] -- Installing: /home/benongnuel/dev_ws/install/xarm_moveit_servo/share/xarm_moveit_servo/local_setup.zsh
[10.542s] -- Installing: /home/benongnuel/dev_ws/install/xarm_moveit_servo/share/xarm_moveit_servo/local_setup.dsv
[10.542s] -- Installing: /home/benongnuel/dev_ws/install/xarm_moveit_servo/share/xarm_moveit_servo/package.dsv
[10.542s] -- Installing: /home/benongnuel/dev_ws/install/xarm_moveit_servo/share/ament_index/resource_index/packages/xarm_moveit_servo
[10.543s] -- Installing: /home/benongnuel/dev_ws/install/xarm_moveit_servo/share/ament_index/resource_index/rclcpp_components/xarm_moveit_servo
[10.543s] -- Installing: /home/benongnuel/dev_ws/install/xarm_moveit_servo/share/xarm_moveit_servo/cmake/xarm_moveit_servoConfig.cmake
[10.543s] -- Installing: /home/benongnuel/dev_ws/install/xarm_moveit_servo/share/xarm_moveit_servo/cmake/xarm_moveit_servoConfig-version.cmake
[10.543s] -- Installing: /home/benongnuel/dev_ws/install/xarm_moveit_servo/share/xarm_moveit_servo/package.xml
[10.546s] Invoked command in '/home/benongnuel/dev_ws/build/xarm_moveit_servo' returned '0': AMENT_PREFIX_PATH=/home/benongnuel/dev_ws/install/xarm_moveit_config:/home/benongnuel/dev_ws/install/xarm_gazebo:/home/benongnuel/dev_ws/install/xarm_controller:/home/benongnuel/dev_ws/install/xarm_api:/home/benongnuel/dev_ws/install/xarm_sdk:/home/benongnuel/dev_ws/install/xarm_msgs:/home/benongnuel/dev_ws/install/xarm_description:/home/benongnuel/dev_ws/install/uf_ros_lib:${AMENT_PREFIX_PATH} CMAKE_PREFIX_PATH=/home/benongnuel/dev_ws/install/xarm_moveit_config:/home/benongnuel/dev_ws/install/xarm_gazebo:/home/benongnuel/dev_ws/install/xarm_controller:/home/benongnuel/dev_ws/install/xarm_api:/home/benongnuel/dev_ws/install/xarm_sdk:/home/benongnuel/dev_ws/install/xarm_msgs:/home/benongnuel/dev_ws/install/xarm_description:/home/benongnuel/robo_ws/install/custom_3dof_arm:/opt/ros/humble LD_LIBRARY_PATH=/home/benongnuel/dev_ws/install/xarm_gazebo/lib:/home/benongnuel/dev_ws/install/xarm_controller/lib:/home/benongnuel/dev_ws/install/xarm_api/lib:/home/benongnuel/dev_ws/install/xarm_sdk/lib:/home/benongnuel/dev_ws/install/xarm_msgs/lib:${LD_LIBRARY_PATH} PYTHONPATH=/home/benongnuel/dev_ws/install/xarm_msgs/local/lib/python3.10/dist-packages:/home/benongnuel/dev_ws/install/uf_ros_lib/lib/python3.10/site-packages:${PYTHONPATH} /usr/bin/cmake --install /home/benongnuel/dev_ws/build/xarm_moveit_servo
