[0.010s] Invoking command in '/home/benongnuel/dev_ws/src/xarm_ros2/build/xarm_api': AMENT_PREFIX_PATH=/home/benongnuel/dev_ws/src/xarm_ros2/install/xarm_sdk:/home/benongnuel/dev_ws/src/xarm_ros2/install/xarm_msgs:/home/benongnuel/dev_ws/src/xarm_ros2/install/xarm_description:${AMENT_PREFIX_PATH} CMAKE_PREFIX_PATH=/home/benongnuel/dev_ws/src/xarm_ros2/install/xarm_sdk:/home/benongnuel/dev_ws/src/xarm_ros2/install/xarm_msgs:/home/benongnuel/dev_ws/src/xarm_ros2/install/xarm_description:/home/benongnuel/dev_ws/install/xarm_planner:/home/benongnuel/dev_ws/install/xarm_moveit_servo:/home/benongnuel/dev_ws/install/xarm_moveit_config:/home/benongnuel/dev_ws/install/xarm_gazebo:/home/benongnuel/dev_ws/install/xarm_controller:/home/benongnuel/dev_ws/install/xarm_api:/home/benongnuel/dev_ws/install/xarm_sdk:/home/benongnuel/dev_ws/install/xarm_msgs:/home/benongnuel/dev_ws/install/xarm_description:/home/benongnuel/dev_ws/install/realsense_gazebo_plugin:/home/benongnuel/dev_ws/install/mbot_demo:/home/benongnuel/robo_ws/install/custom_3dof_arm:/home/benongnuel/dev_ws/install/uf_ros_lib:/home/benongnuel/dev_ws/install/my_gripper_scripts:/opt/ros/humble LD_LIBRARY_PATH=/home/benongnuel/dev_ws/src/xarm_ros2/install/xarm_sdk/lib:/home/benongnuel/dev_ws/src/xarm_ros2/install/xarm_msgs/lib:${LD_LIBRARY_PATH} PYTHONPATH=/home/benongnuel/dev_ws/src/xarm_ros2/install/xarm_msgs/local/lib/python3.10/dist-packages:${PYTHONPATH} /usr/bin/cmake /home/benongnuel/dev_ws/src/xarm_ros2/xarm_api -DAMENT_CMAKE_SYMLINK_INSTALL=1 -DCMAKE_INSTALL_PREFIX=/home/benongnuel/dev_ws/src/xarm_ros2/install/xarm_api
[0.060s] -- The C compiler identification is GNU 11.4.0
[0.106s] -- The CXX compiler identification is GNU 11.4.0
[0.111s] -- Detecting C compiler ABI info
[0.174s] -- Detecting C compiler ABI info - done
[0.179s] -- Check for working C compiler: /usr/bin/cc - skipped
[0.179s] -- Detecting C compile features
[0.179s] -- Detecting C compile features - done
[0.181s] -- Detecting CXX compiler ABI info
[0.234s] -- Detecting CXX compiler ABI info - done
[0.239s] -- Check for working CXX compiler: /usr/bin/c++ - skipped
[0.239s] -- Detecting CXX compile features
[0.239s] -- Detecting CXX compile features - done
[0.241s] -- Found ament_cmake: 1.3.11 (/opt/ros/humble/share/ament_cmake/cmake)
[0.329s] -- Found Python3: /usr/bin/python3 (found version "3.10.12") found components: Interpreter 
[0.370s] -- Override CMake install command with custom implementation using symlinks instead of copying resources
[0.393s] -- Found ament_lint_auto: 0.12.12 (/opt/ros/humble/share/ament_lint_auto/cmake)
[0.446s] -- Found rclcpp: 16.0.12 (/opt/ros/humble/share/rclcpp/cmake)
[0.474s] -- Found rosidl_generator_c: 3.1.6 (/opt/ros/humble/share/rosidl_generator_c/cmake)
[0.478s] -- Found rosidl_adapter: 3.1.6 (/opt/ros/humble/share/rosidl_adapter/cmake)
[0.483s] -- Found rosidl_generator_cpp: 3.1.6 (/opt/ros/humble/share/rosidl_generator_cpp/cmake)
[0.491s] -- Using all available rosidl_typesupport_c: rosidl_typesupport_fastrtps_c;rosidl_typesupport_introspection_c
[0.501s] -- Using all available rosidl_typesupport_cpp: rosidl_typesupport_fastrtps_cpp;rosidl_typesupport_introspection_cpp
[0.531s] -- Found rmw_implementation_cmake: 6.1.2 (/opt/ros/humble/share/rmw_implementation_cmake/cmake)
[0.533s] -- Found rmw_fastrtps_cpp: 6.2.7 (/opt/ros/humble/share/rmw_fastrtps_cpp/cmake)
[0.606s] -- Found OpenSSL: /usr/lib/x86_64-linux-gnu/libcrypto.so (found version "3.0.2")  
[0.623s] -- Found FastRTPS: /opt/ros/humble/include  
[0.648s] -- Using RMW implementation 'rmw_fastrtps_cpp' as default
[0.654s] -- Looking for pthread.h
[0.712s] -- Looking for pthread.h - found
[0.712s] -- Performing Test CMAKE_HAVE_LIBC_PTHREAD
[0.764s] -- Performing Test CMAKE_HAVE_LIBC_PTHREAD - Success
[0.765s] -- Found Threads: TRUE  
[0.796s] -- Found rclcpp_action: 16.0.12 (/opt/ros/humble/share/rclcpp_action/cmake)
[0.817s] -- Found sensor_msgs: 4.8.0 (/opt/ros/humble/share/sensor_msgs/cmake)
[0.839s] -- Found control_msgs: 4.8.0 (/opt/ros/humble/share/control_msgs/cmake)
[0.869s] -- Found xarm_msgs: 0.0.0 (/home/benongnuel/dev_ws/src/xarm_ros2/install/xarm_msgs/share/xarm_msgs/cmake)
[0.878s] -- Found xarm_sdk: 0.0.0 (/home/benongnuel/dev_ws/src/xarm_ros2/install/xarm_sdk/share/xarm_sdk/cmake)
[0.895s] -- Added test 'copyright' to check source files copyright and LICENSE
[0.896s] -- Added test 'cppcheck' to perform static code analysis on C / C++ code
[0.897s] -- Configured cppcheck include dirs: /home/benongnuel/dev_ws/src/xarm_ros2/xarm_api/include
[0.897s] -- Configured cppcheck exclude dirs and/or files: 
[0.897s] -- Added test 'cpplint' to check C / C++ code against the Google style
[0.897s] -- Configured cpplint exclude dirs and/or files: 
[0.898s] -- Added test 'flake8' to check Python code syntax and style conventions
[0.898s] -- Added test 'lint_cmake' to check CMake code style
[0.899s] -- Added test 'pep257' to check Python code against some of the docstring style conventions in PEP 257
[0.899s] -- Added test 'uncrustify' to check C / C++ code style
[0.899s] -- Configured uncrustify additional arguments: 
[0.900s] -- Added test 'xmllint' to check XML markup files
[0.901s] -- Configuring done
[0.922s] -- Generating done
[0.930s] -- Build files have been written to: /home/benongnuel/dev_ws/src/xarm_ros2/build/xarm_api
[0.938s] Invoked command in '/home/benongnuel/dev_ws/src/xarm_ros2/build/xarm_api' returned '0': AMENT_PREFIX_PATH=/home/benongnuel/dev_ws/src/xarm_ros2/install/xarm_sdk:/home/benongnuel/dev_ws/src/xarm_ros2/install/xarm_msgs:/home/benongnuel/dev_ws/src/xarm_ros2/install/xarm_description:${AMENT_PREFIX_PATH} CMAKE_PREFIX_PATH=/home/benongnuel/dev_ws/src/xarm_ros2/install/xarm_sdk:/home/benongnuel/dev_ws/src/xarm_ros2/install/xarm_msgs:/home/benongnuel/dev_ws/src/xarm_ros2/install/xarm_description:/home/benongnuel/dev_ws/install/xarm_planner:/home/benongnuel/dev_ws/install/xarm_moveit_servo:/home/benongnuel/dev_ws/install/xarm_moveit_config:/home/benongnuel/dev_ws/install/xarm_gazebo:/home/benongnuel/dev_ws/install/xarm_controller:/home/benongnuel/dev_ws/install/xarm_api:/home/benongnuel/dev_ws/install/xarm_sdk:/home/benongnuel/dev_ws/install/xarm_msgs:/home/benongnuel/dev_ws/install/xarm_description:/home/benongnuel/dev_ws/install/realsense_gazebo_plugin:/home/benongnuel/dev_ws/install/mbot_demo:/home/benongnuel/robo_ws/install/custom_3dof_arm:/home/benongnuel/dev_ws/install/uf_ros_lib:/home/benongnuel/dev_ws/install/my_gripper_scripts:/opt/ros/humble LD_LIBRARY_PATH=/home/benongnuel/dev_ws/src/xarm_ros2/install/xarm_sdk/lib:/home/benongnuel/dev_ws/src/xarm_ros2/install/xarm_msgs/lib:${LD_LIBRARY_PATH} PYTHONPATH=/home/benongnuel/dev_ws/src/xarm_ros2/install/xarm_msgs/local/lib/python3.10/dist-packages:${PYTHONPATH} /usr/bin/cmake /home/benongnuel/dev_ws/src/xarm_ros2/xarm_api -DAMENT_CMAKE_SYMLINK_INSTALL=1 -DCMAKE_INSTALL_PREFIX=/home/benongnuel/dev_ws/src/xarm_ros2/install/xarm_api
[0.940s] Invoking command in '/home/benongnuel/dev_ws/src/xarm_ros2/build/xarm_api': AMENT_PREFIX_PATH=/home/benongnuel/dev_ws/src/xarm_ros2/install/xarm_sdk:/home/benongnuel/dev_ws/src/xarm_ros2/install/xarm_msgs:/home/benongnuel/dev_ws/src/xarm_ros2/install/xarm_description:${AMENT_PREFIX_PATH} CMAKE_PREFIX_PATH=/home/benongnuel/dev_ws/src/xarm_ros2/install/xarm_sdk:/home/benongnuel/dev_ws/src/xarm_ros2/install/xarm_msgs:/home/benongnuel/dev_ws/src/xarm_ros2/install/xarm_description:/home/benongnuel/dev_ws/install/xarm_planner:/home/benongnuel/dev_ws/install/xarm_moveit_servo:/home/benongnuel/dev_ws/install/xarm_moveit_config:/home/benongnuel/dev_ws/install/xarm_gazebo:/home/benongnuel/dev_ws/install/xarm_controller:/home/benongnuel/dev_ws/install/xarm_api:/home/benongnuel/dev_ws/install/xarm_sdk:/home/benongnuel/dev_ws/install/xarm_msgs:/home/benongnuel/dev_ws/install/xarm_description:/home/benongnuel/dev_ws/install/realsense_gazebo_plugin:/home/benongnuel/dev_ws/install/mbot_demo:/home/benongnuel/robo_ws/install/custom_3dof_arm:/home/benongnuel/dev_ws/install/uf_ros_lib:/home/benongnuel/dev_ws/install/my_gripper_scripts:/opt/ros/humble LD_LIBRARY_PATH=/home/benongnuel/dev_ws/src/xarm_ros2/install/xarm_sdk/lib:/home/benongnuel/dev_ws/src/xarm_ros2/install/xarm_msgs/lib:${LD_LIBRARY_PATH} PYTHONPATH=/home/benongnuel/dev_ws/src/xarm_ros2/install/xarm_msgs/local/lib/python3.10/dist-packages:${PYTHONPATH} /usr/bin/cmake --build /home/benongnuel/dev_ws/src/xarm_ros2/build/xarm_api -- -j16 -l16
[0.981s] [ 15%] [32mBuilding CXX object CMakeFiles/xarm_ros_client.dir/src/xarm_ros_client.cpp.o[0m
[0.981s] [ 15%] [32mBuilding CXX object CMakeFiles/xarm_ros_driver.dir/src/xarm_driver.cpp.o[0m
[0.982s] [ 23%] [32mBuilding CXX object CMakeFiles/xarm_ros_driver.dir/src/xarm_driver_service.cpp.o[0m
[0.983s] [ 30%] [32mBuilding CXX object CMakeFiles/test_robot_states.dir/test/test_robot_states.cpp.o[0m
[10.135s] [ 38%] [32m[1mLinking CXX executable test_robot_states[0m
[10.646s] [ 38%] Built target test_robot_states
[16.844s] [ 46%] [32m[1mLinking CXX shared library libxarm_ros_client.so[0m
[17.856s] [ 46%] Built target xarm_ros_client
[17.875s] [ 61%] [32mBuilding CXX object CMakeFiles/test_xarm_velo_move.dir/test/test_xarm_velo_move.cpp.o[0m
[17.875s] [ 61%] [32mBuilding CXX object CMakeFiles/test_xarm_ros_client.dir/test/test_xarm_ros_client.cpp.o[0m
[21.633s] [ 69%] [32m[1mLinking CXX executable test_xarm_velo_move[0m
[21.667s] [ 76%] [32m[1mLinking CXX executable test_xarm_ros_client[0m
[22.273s] [ 76%] Built target test_xarm_velo_move
[22.307s] [ 76%] Built target test_xarm_ros_client
[23.662s] [ 84%] [32m[1mLinking CXX shared library libxarm_ros_driver.so[0m
[25.566s] [ 84%] Built target xarm_ros_driver
[25.582s] [ 92%] [32mBuilding CXX object CMakeFiles/xarm_driver_node.dir/src/xarm_driver_node.cpp.o[0m
[28.491s] [100%] [32m[1mLinking CXX executable xarm_driver_node[0m
[29.017s] [100%] Built target xarm_driver_node
[29.024s] Invoked command in '/home/benongnuel/dev_ws/src/xarm_ros2/build/xarm_api' returned '0': AMENT_PREFIX_PATH=/home/benongnuel/dev_ws/src/xarm_ros2/install/xarm_sdk:/home/benongnuel/dev_ws/src/xarm_ros2/install/xarm_msgs:/home/benongnuel/dev_ws/src/xarm_ros2/install/xarm_description:${AMENT_PREFIX_PATH} CMAKE_PREFIX_PATH=/home/benongnuel/dev_ws/src/xarm_ros2/install/xarm_sdk:/home/benongnuel/dev_ws/src/xarm_ros2/install/xarm_msgs:/home/benongnuel/dev_ws/src/xarm_ros2/install/xarm_description:/home/benongnuel/dev_ws/install/xarm_planner:/home/benongnuel/dev_ws/install/xarm_moveit_servo:/home/benongnuel/dev_ws/install/xarm_moveit_config:/home/benongnuel/dev_ws/install/xarm_gazebo:/home/benongnuel/dev_ws/install/xarm_controller:/home/benongnuel/dev_ws/install/xarm_api:/home/benongnuel/dev_ws/install/xarm_sdk:/home/benongnuel/dev_ws/install/xarm_msgs:/home/benongnuel/dev_ws/install/xarm_description:/home/benongnuel/dev_ws/install/realsense_gazebo_plugin:/home/benongnuel/dev_ws/install/mbot_demo:/home/benongnuel/robo_ws/install/custom_3dof_arm:/home/benongnuel/dev_ws/install/uf_ros_lib:/home/benongnuel/dev_ws/install/my_gripper_scripts:/opt/ros/humble LD_LIBRARY_PATH=/home/benongnuel/dev_ws/src/xarm_ros2/install/xarm_sdk/lib:/home/benongnuel/dev_ws/src/xarm_ros2/install/xarm_msgs/lib:${LD_LIBRARY_PATH} PYTHONPATH=/home/benongnuel/dev_ws/src/xarm_ros2/install/xarm_msgs/local/lib/python3.10/dist-packages:${PYTHONPATH} /usr/bin/cmake --build /home/benongnuel/dev_ws/src/xarm_ros2/build/xarm_api -- -j16 -l16
[29.025s] Invoking command in '/home/benongnuel/dev_ws/src/xarm_ros2/build/xarm_api': AMENT_PREFIX_PATH=/home/benongnuel/dev_ws/src/xarm_ros2/install/xarm_sdk:/home/benongnuel/dev_ws/src/xarm_ros2/install/xarm_msgs:/home/benongnuel/dev_ws/src/xarm_ros2/install/xarm_description:${AMENT_PREFIX_PATH} CMAKE_PREFIX_PATH=/home/benongnuel/dev_ws/src/xarm_ros2/install/xarm_sdk:/home/benongnuel/dev_ws/src/xarm_ros2/install/xarm_msgs:/home/benongnuel/dev_ws/src/xarm_ros2/install/xarm_description:/home/benongnuel/dev_ws/install/xarm_planner:/home/benongnuel/dev_ws/install/xarm_moveit_servo:/home/benongnuel/dev_ws/install/xarm_moveit_config:/home/benongnuel/dev_ws/install/xarm_gazebo:/home/benongnuel/dev_ws/install/xarm_controller:/home/benongnuel/dev_ws/install/xarm_api:/home/benongnuel/dev_ws/install/xarm_sdk:/home/benongnuel/dev_ws/install/xarm_msgs:/home/benongnuel/dev_ws/install/xarm_description:/home/benongnuel/dev_ws/install/realsense_gazebo_plugin:/home/benongnuel/dev_ws/install/mbot_demo:/home/benongnuel/robo_ws/install/custom_3dof_arm:/home/benongnuel/dev_ws/install/uf_ros_lib:/home/benongnuel/dev_ws/install/my_gripper_scripts:/opt/ros/humble LD_LIBRARY_PATH=/home/benongnuel/dev_ws/src/xarm_ros2/install/xarm_sdk/lib:/home/benongnuel/dev_ws/src/xarm_ros2/install/xarm_msgs/lib:${LD_LIBRARY_PATH} PYTHONPATH=/home/benongnuel/dev_ws/src/xarm_ros2/install/xarm_msgs/local/lib/python3.10/dist-packages:${PYTHONPATH} /usr/bin/cmake --install /home/benongnuel/dev_ws/src/xarm_ros2/build/xarm_api
[29.032s] -- Install configuration: ""
[29.032s] -- Execute custom install script
[29.032s] -- Symlinking: /home/benongnuel/dev_ws/src/xarm_ros2/install/xarm_api/share/xarm_api/environment/library_path.sh
[29.040s] -- Symlinking: /home/benongnuel/dev_ws/src/xarm_ros2/install/xarm_api/share/xarm_api/environment/library_path.dsv
[29.046s] -- Symlinking: /home/benongnuel/dev_ws/src/xarm_ros2/install/xarm_api/include/xarm_api/visibility_control.h
[29.052s] -- Symlinking: /home/benongnuel/dev_ws/src/xarm_ros2/install/xarm_api/include/xarm_api/xarm_driver.h
[29.058s] -- Symlinking: /home/benongnuel/dev_ws/src/xarm_ros2/install/xarm_api/include/xarm_api/xarm_msgs.h
[29.065s] -- Symlinking: /home/benongnuel/dev_ws/src/xarm_ros2/install/xarm_api/include/xarm_api/xarm_ros_client.h
[29.072s] -- Symlinking: /home/benongnuel/dev_ws/src/xarm_ros2/install/xarm_api/lib/libxarm_ros_driver.so
[29.079s] -- Symlinking: /home/benongnuel/dev_ws/src/xarm_ros2/install/xarm_api/lib/libxarm_ros_client.so
[29.084s] -- Symlinking: /home/benongnuel/dev_ws/src/xarm_ros2/install/xarm_api/lib/xarm_api/xarm_driver_node
[29.090s] -- Symlinking: /home/benongnuel/dev_ws/src/xarm_ros2/install/xarm_api/lib/xarm_api/test_xarm_ros_client
[29.095s] -- Symlinking: /home/benongnuel/dev_ws/src/xarm_ros2/install/xarm_api/lib/xarm_api/test_xarm_velo_move
[29.101s] -- Symlinking: /home/benongnuel/dev_ws/src/xarm_ros2/install/xarm_api/lib/xarm_api/test_robot_states
[29.107s] -- Symlinking: /home/benongnuel/dev_ws/src/xarm_ros2/install/xarm_api/share/xarm_api//launch/_robot_driver.launch.py
[29.112s] -- Symlinking: /home/benongnuel/dev_ws/src/xarm_ros2/install/xarm_api/share/xarm_api//launch/lib/robot_api_lib.py
[29.117s] -- Symlinking: /home/benongnuel/dev_ws/src/xarm_ros2/install/xarm_api/share/xarm_api//launch/lite6_driver.launch.py
[29.123s] -- Symlinking: /home/benongnuel/dev_ws/src/xarm_ros2/install/xarm_api/share/xarm_api//launch/uf850_driver.launch.py
[29.129s] -- Symlinking: /home/benongnuel/dev_ws/src/xarm_ros2/install/xarm_api/share/xarm_api//launch/xarm5_driver.launch.py
[29.134s] -- Symlinking: /home/benongnuel/dev_ws/src/xarm_ros2/install/xarm_api/share/xarm_api//launch/xarm6_driver.launch.py
[29.139s] -- Symlinking: /home/benongnuel/dev_ws/src/xarm_ros2/install/xarm_api/share/xarm_api//launch/xarm7_driver.launch.py
[29.144s] -- Symlinking: /home/benongnuel/dev_ws/src/xarm_ros2/install/xarm_api/share/xarm_api//config/xarm_params.yaml
[29.150s] -- Symlinking: /home/benongnuel/dev_ws/src/xarm_ros2/install/xarm_api/share/ament_index/resource_index/package_run_dependencies/xarm_api
[29.155s] -- Symlinking: /home/benongnuel/dev_ws/src/xarm_ros2/install/xarm_api/share/ament_index/resource_index/parent_prefix_path/xarm_api
[29.160s] -- Symlinking: /home/benongnuel/dev_ws/src/xarm_ros2/install/xarm_api/share/xarm_api/environment/ament_prefix_path.sh
[29.168s] -- Symlinking: /home/benongnuel/dev_ws/src/xarm_ros2/install/xarm_api/share/xarm_api/environment/ament_prefix_path.dsv
[29.174s] -- Symlinking: /home/benongnuel/dev_ws/src/xarm_ros2/install/xarm_api/share/xarm_api/environment/path.sh
[29.180s] -- Symlinking: /home/benongnuel/dev_ws/src/xarm_ros2/install/xarm_api/share/xarm_api/environment/path.dsv
[29.186s] -- Symlinking: /home/benongnuel/dev_ws/src/xarm_ros2/install/xarm_api/share/xarm_api/local_setup.bash
[29.191s] -- Symlinking: /home/benongnuel/dev_ws/src/xarm_ros2/install/xarm_api/share/xarm_api/local_setup.sh
[29.197s] -- Symlinking: /home/benongnuel/dev_ws/src/xarm_ros2/install/xarm_api/share/xarm_api/local_setup.zsh
[29.204s] -- Symlinking: /home/benongnuel/dev_ws/src/xarm_ros2/install/xarm_api/share/xarm_api/local_setup.dsv
[29.211s] -- Symlinking: /home/benongnuel/dev_ws/src/xarm_ros2/install/xarm_api/share/xarm_api/package.dsv
[29.218s] -- Symlinking: /home/benongnuel/dev_ws/src/xarm_ros2/install/xarm_api/share/ament_index/resource_index/packages/xarm_api
[29.225s] -- Symlinking: /home/benongnuel/dev_ws/src/xarm_ros2/install/xarm_api/share/xarm_api/cmake/ament_cmake_export_libraries-extras.cmake
[29.232s] -- Symlinking: /home/benongnuel/dev_ws/src/xarm_ros2/install/xarm_api/share/xarm_api/cmake/ament_cmake_export_include_directories-extras.cmake
[29.238s] -- Symlinking: /home/benongnuel/dev_ws/src/xarm_ros2/install/xarm_api/share/xarm_api/cmake/xarm_apiConfig.cmake
[29.246s] -- Symlinking: /home/benongnuel/dev_ws/src/xarm_ros2/install/xarm_api/share/xarm_api/cmake/xarm_apiConfig-version.cmake
[29.251s] -- Symlinking: /home/benongnuel/dev_ws/src/xarm_ros2/install/xarm_api/share/xarm_api/package.xml
[29.257s] Invoked command in '/home/benongnuel/dev_ws/src/xarm_ros2/build/xarm_api' returned '0': AMENT_PREFIX_PATH=/home/benongnuel/dev_ws/src/xarm_ros2/install/xarm_sdk:/home/benongnuel/dev_ws/src/xarm_ros2/install/xarm_msgs:/home/benongnuel/dev_ws/src/xarm_ros2/install/xarm_description:${AMENT_PREFIX_PATH} CMAKE_PREFIX_PATH=/home/benongnuel/dev_ws/src/xarm_ros2/install/xarm_sdk:/home/benongnuel/dev_ws/src/xarm_ros2/install/xarm_msgs:/home/benongnuel/dev_ws/src/xarm_ros2/install/xarm_description:/home/benongnuel/dev_ws/install/xarm_planner:/home/benongnuel/dev_ws/install/xarm_moveit_servo:/home/benongnuel/dev_ws/install/xarm_moveit_config:/home/benongnuel/dev_ws/install/xarm_gazebo:/home/benongnuel/dev_ws/install/xarm_controller:/home/benongnuel/dev_ws/install/xarm_api:/home/benongnuel/dev_ws/install/xarm_sdk:/home/benongnuel/dev_ws/install/xarm_msgs:/home/benongnuel/dev_ws/install/xarm_description:/home/benongnuel/dev_ws/install/realsense_gazebo_plugin:/home/benongnuel/dev_ws/install/mbot_demo:/home/benongnuel/robo_ws/install/custom_3dof_arm:/home/benongnuel/dev_ws/install/uf_ros_lib:/home/benongnuel/dev_ws/install/my_gripper_scripts:/opt/ros/humble LD_LIBRARY_PATH=/home/benongnuel/dev_ws/src/xarm_ros2/install/xarm_sdk/lib:/home/benongnuel/dev_ws/src/xarm_ros2/install/xarm_msgs/lib:${LD_LIBRARY_PATH} PYTHONPATH=/home/benongnuel/dev_ws/src/xarm_ros2/install/xarm_msgs/local/lib/python3.10/dist-packages:${PYTHONPATH} /usr/bin/cmake --install /home/benongnuel/dev_ws/src/xarm_ros2/build/xarm_api
