[0.013s] Invoking command in '/home/benongnuel/dev_ws/build/xarm_controller': CMAKE_PREFIX_PATH=/home/benongnuel/dev_ws/install/xarm_api:/home/benongnuel/dev_ws/install/xarm_sdk:/home/benongnuel/dev_ws/install/xarm_msgs:/home/benongnuel/dev_ws/install/xarm_description:/home/benongnuel/dev_ws/install/xarm_planner:/home/benongnuel/dev_ws/install/xarm_moveit_servo:/home/benongnuel/dev_ws/install/xarm_moveit_config:/home/benongnuel/dev_ws/install/xarm_gazebo:/home/benongnuel/dev_ws/install/xarm_controller:/home/benongnuel/dev_ws/install/d435i_xarm_setup:/home/benongnuel/dev_ws/install/realsense_gazebo_plugin:/home/benongnuel/dev_ws/install/mbot_demo:/home/benongnuel/dev_ws/install/kdl_parser:/home/benongnuel/robo_ws/install/custom_3dof_arm:/home/benongnuel/dev_ws/install/uf_ros_lib:/home/benongnuel/dev_ws/install/my_gripper_scripts:/opt/ros/humble LD_LIBRARY_PATH=/home/benongnuel/dev_ws/install/xarm_api/lib:/home/benongnuel/dev_ws/install/xarm_sdk/lib:/home/benongnuel/dev_ws/install/xarm_msgs/lib:/home/benongnuel/dev_ws/install/xarm_planner/lib:/home/benongnuel/dev_ws/install/xarm_moveit_servo/lib:/home/benongnuel/dev_ws/install/xarm_gazebo/lib:/home/benongnuel/dev_ws/install/xarm_controller/lib:/home/benongnuel/dev_ws/install/realsense_gazebo_plugin/lib:/home/benongnuel/dev_ws/install/kdl_parser/lib:/usr/lib/x86_64-linux-gnu/gazebo-11/plugins:/opt/ros/humble/opt/rviz_ogre_vendor/lib:/opt/ros/humble/lib/x86_64-linux-gnu:/opt/ros/humble/lib /usr/bin/cmake /home/benongnuel/dev_ws/src/xarm_ros2/xarm_controller -DAMENT_CMAKE_SYMLINK_INSTALL=1 -DCMAKE_INSTALL_PREFIX=/home/benongnuel/dev_ws/install/xarm_controller
[0.025s] -- Found ament_cmake: 1.3.11 (/opt/ros/humble/share/ament_cmake/cmake)
[0.097s] -- Override CMake install command with custom implementation using symlinks instead of copying resources
[0.101s] -- Found ament_lint_auto: 0.12.12 (/opt/ros/humble/share/ament_lint_auto/cmake)
[0.141s] -- Found hardware_interface: 2.50.0 (/opt/ros/humble/share/hardware_interface/cmake)
[0.157s] -- Found rosidl_generator_c: 3.1.6 (/opt/ros/humble/share/rosidl_generator_c/cmake)
[0.158s] -- Found rosidl_adapter: 3.1.6 (/opt/ros/humble/share/rosidl_adapter/cmake)
[0.161s] -- Found rosidl_generator_cpp: 3.1.6 (/opt/ros/humble/share/rosidl_generator_cpp/cmake)
[0.166s] -- Using all available rosidl_typesupport_c: rosidl_typesupport_fastrtps_c;rosidl_typesupport_introspection_c
[0.173s] -- Using all available rosidl_typesupport_cpp: rosidl_typesupport_fastrtps_cpp;rosidl_typesupport_introspection_cpp
[0.274s] -- Found rmw_implementation_cmake: 6.1.2 (/opt/ros/humble/share/rmw_implementation_cmake/cmake)
[0.275s] -- Found rmw_fastrtps_cpp: 6.2.7 (/opt/ros/humble/share/rmw_fastrtps_cpp/cmake)
[0.285s] -- Found TinyXML2 via Config file: TinyXML2_DIR-NOTFOUND
[0.293s] -- Found TinyXML2 via Config file: TinyXML2_DIR-NOTFOUND
[0.306s] -- Found TinyXML2 via Config file: TinyXML2_DIR-NOTFOUND
[0.313s] -- Found TinyXML2 via Config file: TinyXML2_DIR-NOTFOUND
[0.321s] -- Using RMW implementation 'rmw_fastrtps_cpp' as default
[0.346s] -- Found rclcpp_action: 16.0.12 (/opt/ros/humble/share/rclcpp_action/cmake)
[0.351s] -- Found controller_manager_msgs: 2.50.0 (/opt/ros/humble/share/controller_manager_msgs/cmake)
[0.359s] -- Found xarm_msgs: 0.0.0 (/home/benongnuel/dev_ws/install/xarm_msgs/share/xarm_msgs/cmake)
[0.367s] -- Found xarm_api: 0.0.0 (/home/benongnuel/dev_ws/install/xarm_api/share/xarm_api/cmake)
[0.367s] -- Found xarm_sdk: 0.0.0 (/home/benongnuel/dev_ws/install/xarm_sdk/share/xarm_sdk/cmake)
[0.378s] -- Added test 'copyright' to check source files copyright and LICENSE
[0.378s] -- Added test 'cppcheck' to perform static code analysis on C / C++ code
[0.379s] -- Configured cppcheck include dirs: /home/benongnuel/dev_ws/src/xarm_ros2/xarm_controller/include
[0.379s] -- Configured cppcheck exclude dirs and/or files: 
[0.379s] -- Added test 'cpplint' to check C / C++ code against the Google style
[0.379s] -- Configured cpplint exclude dirs and/or files: 
[0.380s] -- Added test 'flake8' to check Python code syntax and style conventions
[0.380s] -- Added test 'lint_cmake' to check CMake code style
[0.380s] -- Added test 'pep257' to check Python code against some of the docstring style conventions in PEP 257
[0.381s] -- Added test 'uncrustify' to check C / C++ code style
[0.381s] -- Configured uncrustify additional arguments: 
[0.381s] -- Added test 'xmllint' to check XML markup files
[0.383s] -- Configuring done
[0.397s] -- Generating done
[0.400s] -- Build files have been written to: /home/benongnuel/dev_ws/build/xarm_controller
[0.406s] Invoked command in '/home/benongnuel/dev_ws/build/xarm_controller' returned '0': CMAKE_PREFIX_PATH=/home/benongnuel/dev_ws/install/xarm_api:/home/benongnuel/dev_ws/install/xarm_sdk:/home/benongnuel/dev_ws/install/xarm_msgs:/home/benongnuel/dev_ws/install/xarm_description:/home/benongnuel/dev_ws/install/xarm_planner:/home/benongnuel/dev_ws/install/xarm_moveit_servo:/home/benongnuel/dev_ws/install/xarm_moveit_config:/home/benongnuel/dev_ws/install/xarm_gazebo:/home/benongnuel/dev_ws/install/xarm_controller:/home/benongnuel/dev_ws/install/d435i_xarm_setup:/home/benongnuel/dev_ws/install/realsense_gazebo_plugin:/home/benongnuel/dev_ws/install/mbot_demo:/home/benongnuel/dev_ws/install/kdl_parser:/home/benongnuel/robo_ws/install/custom_3dof_arm:/home/benongnuel/dev_ws/install/uf_ros_lib:/home/benongnuel/dev_ws/install/my_gripper_scripts:/opt/ros/humble LD_LIBRARY_PATH=/home/benongnuel/dev_ws/install/xarm_api/lib:/home/benongnuel/dev_ws/install/xarm_sdk/lib:/home/benongnuel/dev_ws/install/xarm_msgs/lib:/home/benongnuel/dev_ws/install/xarm_planner/lib:/home/benongnuel/dev_ws/install/xarm_moveit_servo/lib:/home/benongnuel/dev_ws/install/xarm_gazebo/lib:/home/benongnuel/dev_ws/install/xarm_controller/lib:/home/benongnuel/dev_ws/install/realsense_gazebo_plugin/lib:/home/benongnuel/dev_ws/install/kdl_parser/lib:/usr/lib/x86_64-linux-gnu/gazebo-11/plugins:/opt/ros/humble/opt/rviz_ogre_vendor/lib:/opt/ros/humble/lib/x86_64-linux-gnu:/opt/ros/humble/lib /usr/bin/cmake /home/benongnuel/dev_ws/src/xarm_ros2/xarm_controller -DAMENT_CMAKE_SYMLINK_INSTALL=1 -DCMAKE_INSTALL_PREFIX=/home/benongnuel/dev_ws/install/xarm_controller
[0.407s] Invoking command in '/home/benongnuel/dev_ws/build/xarm_controller': CMAKE_PREFIX_PATH=/home/benongnuel/dev_ws/install/xarm_api:/home/benongnuel/dev_ws/install/xarm_sdk:/home/benongnuel/dev_ws/install/xarm_msgs:/home/benongnuel/dev_ws/install/xarm_description:/home/benongnuel/dev_ws/install/xarm_planner:/home/benongnuel/dev_ws/install/xarm_moveit_servo:/home/benongnuel/dev_ws/install/xarm_moveit_config:/home/benongnuel/dev_ws/install/xarm_gazebo:/home/benongnuel/dev_ws/install/xarm_controller:/home/benongnuel/dev_ws/install/d435i_xarm_setup:/home/benongnuel/dev_ws/install/realsense_gazebo_plugin:/home/benongnuel/dev_ws/install/mbot_demo:/home/benongnuel/dev_ws/install/kdl_parser:/home/benongnuel/robo_ws/install/custom_3dof_arm:/home/benongnuel/dev_ws/install/uf_ros_lib:/home/benongnuel/dev_ws/install/my_gripper_scripts:/opt/ros/humble LD_LIBRARY_PATH=/home/benongnuel/dev_ws/install/xarm_api/lib:/home/benongnuel/dev_ws/install/xarm_sdk/lib:/home/benongnuel/dev_ws/install/xarm_msgs/lib:/home/benongnuel/dev_ws/install/xarm_planner/lib:/home/benongnuel/dev_ws/install/xarm_moveit_servo/lib:/home/benongnuel/dev_ws/install/xarm_gazebo/lib:/home/benongnuel/dev_ws/install/xarm_controller/lib:/home/benongnuel/dev_ws/install/realsense_gazebo_plugin/lib:/home/benongnuel/dev_ws/install/kdl_parser/lib:/usr/lib/x86_64-linux-gnu/gazebo-11/plugins:/opt/ros/humble/opt/rviz_ogre_vendor/lib:/opt/ros/humble/lib/x86_64-linux-gnu:/opt/ros/humble/lib /usr/bin/cmake --build /home/benongnuel/dev_ws/build/xarm_controller -- -j16 -l16
[0.445s] [35m[1mConsolidate compiler generated dependencies of target uf_robot_hardware[0m
[0.461s] [ 33%] [32m[1mLinking CXX shared library libuf_robot_hardware.so[0m
[1.662s] [100%] Built target uf_robot_hardware
[1.671s] Invoked command in '/home/benongnuel/dev_ws/build/xarm_controller' returned '0': CMAKE_PREFIX_PATH=/home/benongnuel/dev_ws/install/xarm_api:/home/benongnuel/dev_ws/install/xarm_sdk:/home/benongnuel/dev_ws/install/xarm_msgs:/home/benongnuel/dev_ws/install/xarm_description:/home/benongnuel/dev_ws/install/xarm_planner:/home/benongnuel/dev_ws/install/xarm_moveit_servo:/home/benongnuel/dev_ws/install/xarm_moveit_config:/home/benongnuel/dev_ws/install/xarm_gazebo:/home/benongnuel/dev_ws/install/xarm_controller:/home/benongnuel/dev_ws/install/d435i_xarm_setup:/home/benongnuel/dev_ws/install/realsense_gazebo_plugin:/home/benongnuel/dev_ws/install/mbot_demo:/home/benongnuel/dev_ws/install/kdl_parser:/home/benongnuel/robo_ws/install/custom_3dof_arm:/home/benongnuel/dev_ws/install/uf_ros_lib:/home/benongnuel/dev_ws/install/my_gripper_scripts:/opt/ros/humble LD_LIBRARY_PATH=/home/benongnuel/dev_ws/install/xarm_api/lib:/home/benongnuel/dev_ws/install/xarm_sdk/lib:/home/benongnuel/dev_ws/install/xarm_msgs/lib:/home/benongnuel/dev_ws/install/xarm_planner/lib:/home/benongnuel/dev_ws/install/xarm_moveit_servo/lib:/home/benongnuel/dev_ws/install/xarm_gazebo/lib:/home/benongnuel/dev_ws/install/xarm_controller/lib:/home/benongnuel/dev_ws/install/realsense_gazebo_plugin/lib:/home/benongnuel/dev_ws/install/kdl_parser/lib:/usr/lib/x86_64-linux-gnu/gazebo-11/plugins:/opt/ros/humble/opt/rviz_ogre_vendor/lib:/opt/ros/humble/lib/x86_64-linux-gnu:/opt/ros/humble/lib /usr/bin/cmake --build /home/benongnuel/dev_ws/build/xarm_controller -- -j16 -l16
[1.672s] Invoking command in '/home/benongnuel/dev_ws/build/xarm_controller': CMAKE_PREFIX_PATH=/home/benongnuel/dev_ws/install/xarm_api:/home/benongnuel/dev_ws/install/xarm_sdk:/home/benongnuel/dev_ws/install/xarm_msgs:/home/benongnuel/dev_ws/install/xarm_description:/home/benongnuel/dev_ws/install/xarm_planner:/home/benongnuel/dev_ws/install/xarm_moveit_servo:/home/benongnuel/dev_ws/install/xarm_moveit_config:/home/benongnuel/dev_ws/install/xarm_gazebo:/home/benongnuel/dev_ws/install/xarm_controller:/home/benongnuel/dev_ws/install/d435i_xarm_setup:/home/benongnuel/dev_ws/install/realsense_gazebo_plugin:/home/benongnuel/dev_ws/install/mbot_demo:/home/benongnuel/dev_ws/install/kdl_parser:/home/benongnuel/robo_ws/install/custom_3dof_arm:/home/benongnuel/dev_ws/install/uf_ros_lib:/home/benongnuel/dev_ws/install/my_gripper_scripts:/opt/ros/humble LD_LIBRARY_PATH=/home/benongnuel/dev_ws/install/xarm_api/lib:/home/benongnuel/dev_ws/install/xarm_sdk/lib:/home/benongnuel/dev_ws/install/xarm_msgs/lib:/home/benongnuel/dev_ws/install/xarm_planner/lib:/home/benongnuel/dev_ws/install/xarm_moveit_servo/lib:/home/benongnuel/dev_ws/install/xarm_gazebo/lib:/home/benongnuel/dev_ws/install/xarm_controller/lib:/home/benongnuel/dev_ws/install/realsense_gazebo_plugin/lib:/home/benongnuel/dev_ws/install/kdl_parser/lib:/usr/lib/x86_64-linux-gnu/gazebo-11/plugins:/opt/ros/humble/opt/rviz_ogre_vendor/lib:/opt/ros/humble/lib/x86_64-linux-gnu:/opt/ros/humble/lib /usr/bin/cmake --install /home/benongnuel/dev_ws/build/xarm_controller
[1.677s] -- Install configuration: ""
[1.677s] -- Execute custom install script
[1.678s] -- Symlinking: /home/benongnuel/dev_ws/install/xarm_controller/share/xarm_controller//uf_hardware_interface_plugins.xml
[1.685s] -- Symlinking: /home/benongnuel/dev_ws/install/xarm_controller/include/xarm_controller/hardware/uf_robot_fake_system_hardware.h
[1.692s] -- Symlinking: /home/benongnuel/dev_ws/install/xarm_controller/include/xarm_controller/hardware/uf_robot_system_hardware.h
[1.697s] -- Symlinking: /home/benongnuel/dev_ws/install/xarm_controller/lib/libuf_robot_hardware.so
[1.705s] -- Symlinking: /home/benongnuel/dev_ws/install/xarm_controller/share/xarm_controller//launch/_dual_ros2_control.launch.py
[1.712s] -- Symlinking: /home/benongnuel/dev_ws/install/xarm_controller/share/xarm_controller//launch/_robot_ros2_control.launch.py
[1.720s] -- Symlinking: /home/benongnuel/dev_ws/install/xarm_controller/share/xarm_controller//launch/_ros2_control.launch.py
[1.727s] -- Symlinking: /home/benongnuel/dev_ws/install/xarm_controller/share/xarm_controller//launch/lib/robot_controller_lib.py
[1.733s] -- Symlinking: /home/benongnuel/dev_ws/install/xarm_controller/share/xarm_controller//launch/lite6_control_rviz_display.launch.py
[1.739s] -- Symlinking: /home/benongnuel/dev_ws/install/xarm_controller/share/xarm_controller//launch/uf850_control_rviz_display.launch.py
[1.744s] -- Symlinking: /home/benongnuel/dev_ws/install/xarm_controller/share/xarm_controller//launch/xarm5_control_rviz_display.launch.py
[1.749s] -- Symlinking: /home/benongnuel/dev_ws/install/xarm_controller/share/xarm_controller//launch/xarm6_control_rviz_display.launch.py
[1.754s] -- Symlinking: /home/benongnuel/dev_ws/install/xarm_controller/share/xarm_controller//launch/xarm7_control_rviz_display.launch.py
[1.760s] -- Symlinking: /home/benongnuel/dev_ws/install/xarm_controller/share/xarm_controller//launch/xarm7_mirror_control_rviz_display.launch.py
[1.767s] -- Symlinking: /home/benongnuel/dev_ws/install/xarm_controller/share/xarm_controller//config/bio_gripper_controllers.yaml
[1.772s] -- Symlinking: /home/benongnuel/dev_ws/install/xarm_controller/share/xarm_controller//config/lite6_controllers.yaml
[1.779s] -- Symlinking: /home/benongnuel/dev_ws/install/xarm_controller/share/xarm_controller//config/uf850_controllers.yaml
[1.786s] -- Symlinking: /home/benongnuel/dev_ws/install/xarm_controller/share/xarm_controller//config/uf850_gripper_controllers.yaml
[1.792s] -- Symlinking: /home/benongnuel/dev_ws/install/xarm_controller/share/xarm_controller//config/xarm5_controllers.yaml
[1.797s] -- Symlinking: /home/benongnuel/dev_ws/install/xarm_controller/share/xarm_controller//config/xarm6_controllers.yaml
[1.803s] -- Symlinking: /home/benongnuel/dev_ws/install/xarm_controller/share/xarm_controller//config/xarm7_controllers.yaml
[1.809s] -- Symlinking: /home/benongnuel/dev_ws/install/xarm_controller/share/xarm_controller//config/xarm7_mirror_controllers.yaml
[1.818s] -- Symlinking: /home/benongnuel/dev_ws/install/xarm_controller/share/xarm_controller//config/xarm7_mirror_gripper_controllers.yaml
[1.826s] -- Symlinking: /home/benongnuel/dev_ws/install/xarm_controller/share/xarm_controller//config/xarm_gripper_controllers.yaml
[1.836s] -- Symlinking: /home/benongnuel/dev_ws/install/xarm_controller/share/xarm_controller/environment/library_path.sh
[1.843s] -- Symlinking: /home/benongnuel/dev_ws/install/xarm_controller/share/xarm_controller/environment/library_path.dsv
[1.851s] -- Symlinking: /home/benongnuel/dev_ws/install/xarm_controller/share/ament_index/resource_index/package_run_dependencies/xarm_controller
[1.857s] -- Symlinking: /home/benongnuel/dev_ws/install/xarm_controller/share/ament_index/resource_index/parent_prefix_path/xarm_controller
[1.864s] -- Symlinking: /home/benongnuel/dev_ws/install/xarm_controller/share/xarm_controller/environment/ament_prefix_path.sh
[1.871s] -- Symlinking: /home/benongnuel/dev_ws/install/xarm_controller/share/xarm_controller/environment/ament_prefix_path.dsv
[1.879s] -- Symlinking: /home/benongnuel/dev_ws/install/xarm_controller/share/xarm_controller/environment/path.sh
[1.884s] -- Symlinking: /home/benongnuel/dev_ws/install/xarm_controller/share/xarm_controller/environment/path.dsv
[1.890s] -- Symlinking: /home/benongnuel/dev_ws/install/xarm_controller/share/xarm_controller/local_setup.bash
[1.897s] -- Symlinking: /home/benongnuel/dev_ws/install/xarm_controller/share/xarm_controller/local_setup.sh
[1.904s] -- Symlinking: /home/benongnuel/dev_ws/install/xarm_controller/share/xarm_controller/local_setup.zsh
[1.911s] -- Symlinking: /home/benongnuel/dev_ws/install/xarm_controller/share/xarm_controller/local_setup.dsv
[1.917s] -- Symlinking: /home/benongnuel/dev_ws/install/xarm_controller/share/xarm_controller/package.dsv
[1.922s] -- Symlinking: /home/benongnuel/dev_ws/install/xarm_controller/share/ament_index/resource_index/packages/xarm_controller
[1.930s] -- Symlinking: /home/benongnuel/dev_ws/install/xarm_controller/share/ament_index/resource_index/hardware_interface__pluginlib__plugin/xarm_controller
[1.938s] -- Symlinking: /home/benongnuel/dev_ws/install/xarm_controller/share/xarm_controller/cmake/ament_cmake_export_include_directories-extras.cmake
[1.943s] -- Symlinking: /home/benongnuel/dev_ws/install/xarm_controller/share/xarm_controller/cmake/ament_cmake_export_libraries-extras.cmake
[1.948s] -- Symlinking: /home/benongnuel/dev_ws/install/xarm_controller/share/xarm_controller/cmake/ament_cmake_export_dependencies-extras.cmake
[1.953s] -- Symlinking: /home/benongnuel/dev_ws/install/xarm_controller/share/xarm_controller/cmake/xarm_controllerConfig.cmake
[1.959s] -- Symlinking: /home/benongnuel/dev_ws/install/xarm_controller/share/xarm_controller/cmake/xarm_controllerConfig-version.cmake
[1.967s] -- Symlinking: /home/benongnuel/dev_ws/install/xarm_controller/share/xarm_controller/package.xml
[1.978s] Invoked command in '/home/benongnuel/dev_ws/build/xarm_controller' returned '0': CMAKE_PREFIX_PATH=/home/benongnuel/dev_ws/install/xarm_api:/home/benongnuel/dev_ws/install/xarm_sdk:/home/benongnuel/dev_ws/install/xarm_msgs:/home/benongnuel/dev_ws/install/xarm_description:/home/benongnuel/dev_ws/install/xarm_planner:/home/benongnuel/dev_ws/install/xarm_moveit_servo:/home/benongnuel/dev_ws/install/xarm_moveit_config:/home/benongnuel/dev_ws/install/xarm_gazebo:/home/benongnuel/dev_ws/install/xarm_controller:/home/benongnuel/dev_ws/install/d435i_xarm_setup:/home/benongnuel/dev_ws/install/realsense_gazebo_plugin:/home/benongnuel/dev_ws/install/mbot_demo:/home/benongnuel/dev_ws/install/kdl_parser:/home/benongnuel/robo_ws/install/custom_3dof_arm:/home/benongnuel/dev_ws/install/uf_ros_lib:/home/benongnuel/dev_ws/install/my_gripper_scripts:/opt/ros/humble LD_LIBRARY_PATH=/home/benongnuel/dev_ws/install/xarm_api/lib:/home/benongnuel/dev_ws/install/xarm_sdk/lib:/home/benongnuel/dev_ws/install/xarm_msgs/lib:/home/benongnuel/dev_ws/install/xarm_planner/lib:/home/benongnuel/dev_ws/install/xarm_moveit_servo/lib:/home/benongnuel/dev_ws/install/xarm_gazebo/lib:/home/benongnuel/dev_ws/install/xarm_controller/lib:/home/benongnuel/dev_ws/install/realsense_gazebo_plugin/lib:/home/benongnuel/dev_ws/install/kdl_parser/lib:/usr/lib/x86_64-linux-gnu/gazebo-11/plugins:/opt/ros/humble/opt/rviz_ogre_vendor/lib:/opt/ros/humble/lib/x86_64-linux-gnu:/opt/ros/humble/lib /usr/bin/cmake --install /home/benongnuel/dev_ws/build/xarm_controller
