[0.013s] Invoking command in '/home/benongnuel/dev_ws/src/xarm_ros2/build/d435i_xarm_setup': AMENT_PREFIX_PATH=/home/benongnuel/dev_ws/src/xarm_ros2/install/xarm_api:/home/benongnuel/dev_ws/src/xarm_ros2/install/xarm_sdk:/home/benongnuel/dev_ws/src/xarm_ros2/install/xarm_msgs:/home/benongnuel/dev_ws/src/xarm_ros2/install/xarm_description:${AMENT_PREFIX_PATH} CMAKE_PREFIX_PATH=/home/benongnuel/dev_ws/src/xarm_ros2/install/xarm_api:/home/benongnuel/dev_ws/src/xarm_ros2/install/xarm_sdk:/home/benongnuel/dev_ws/src/xarm_ros2/install/xarm_msgs:/home/benongnuel/dev_ws/src/xarm_ros2/install/xarm_description:/home/benongnuel/dev_ws/install/xarm_planner:/home/benongnuel/dev_ws/install/xarm_moveit_servo:/home/benongnuel/dev_ws/install/xarm_moveit_config:/home/benongnuel/dev_ws/install/xarm_gazebo:/home/benongnuel/dev_ws/install/xarm_controller:/home/benongnuel/dev_ws/install/xarm_api:/home/benongnuel/dev_ws/install/xarm_sdk:/home/benongnuel/dev_ws/install/xarm_msgs:/home/benongnuel/dev_ws/install/xarm_description:/home/benongnuel/dev_ws/install/realsense_gazebo_plugin:/home/benongnuel/dev_ws/install/mbot_demo:/home/benongnuel/robo_ws/install/custom_3dof_arm:/home/benongnuel/dev_ws/install/uf_ros_lib:/home/benongnuel/dev_ws/install/my_gripper_scripts:/opt/ros/humble LD_LIBRARY_PATH=/home/benongnuel/dev_ws/src/xarm_ros2/install/xarm_api/lib:/home/benongnuel/dev_ws/src/xarm_ros2/install/xarm_sdk/lib:/home/benongnuel/dev_ws/src/xarm_ros2/install/xarm_msgs/lib:${LD_LIBRARY_PATH} PYTHONPATH=/home/benongnuel/dev_ws/src/xarm_ros2/install/xarm_msgs/local/lib/python3.10/dist-packages:${PYTHONPATH} /usr/bin/cmake /home/benongnuel/dev_ws/src/xarm_ros2/xarm_vision/d435i_xarm_setup -DAMENT_CMAKE_SYMLINK_INSTALL=1 -DCMAKE_INSTALL_PREFIX=/home/benongnuel/dev_ws/src/xarm_ros2/install/d435i_xarm_setup
[0.056s] -- The C compiler identification is GNU 11.4.0
[0.093s] -- The CXX compiler identification is GNU 11.4.0
[0.097s] -- Detecting C compiler ABI info
[0.150s] -- Detecting C compiler ABI info - done
[0.156s] -- Check for working C compiler: /usr/bin/cc - skipped
[0.156s] -- Detecting C compile features
[0.156s] -- Detecting C compile features - done
[0.158s] -- Detecting CXX compiler ABI info
[0.219s] -- Detecting CXX compiler ABI info - done
[0.225s] -- Check for working CXX compiler: /usr/bin/c++ - skipped
[0.225s] -- Detecting CXX compile features
[0.225s] -- Detecting CXX compile features - done
[0.227s] -- Found ament_cmake: 1.3.11 (/opt/ros/humble/share/ament_cmake/cmake)
[0.320s] -- Found Python3: /usr/bin/python3 (found version "3.10.12") found components: Interpreter 
[0.360s] -- Override CMake install command with custom implementation using symlinks instead of copying resources
[0.387s] -- Found rclcpp: 16.0.12 (/opt/ros/humble/share/rclcpp/cmake)
[0.417s] -- Found rosidl_generator_c: 3.1.6 (/opt/ros/humble/share/rosidl_generator_c/cmake)
[0.421s] -- Found rosidl_adapter: 3.1.6 (/opt/ros/humble/share/rosidl_adapter/cmake)
[0.428s] -- Found rosidl_generator_cpp: 3.1.6 (/opt/ros/humble/share/rosidl_generator_cpp/cmake)
[0.436s] -- Using all available rosidl_typesupport_c: rosidl_typesupport_fastrtps_c;rosidl_typesupport_introspection_c
[0.448s] -- Using all available rosidl_typesupport_cpp: rosidl_typesupport_fastrtps_cpp;rosidl_typesupport_introspection_cpp
[0.480s] -- Found rmw_implementation_cmake: 6.1.2 (/opt/ros/humble/share/rmw_implementation_cmake/cmake)
[0.483s] -- Found rmw_fastrtps_cpp: 6.2.7 (/opt/ros/humble/share/rmw_fastrtps_cpp/cmake)
[0.553s] -- Found OpenSSL: /usr/lib/x86_64-linux-gnu/libcrypto.so (found version "3.0.2")  
[0.574s] -- Found FastRTPS: /opt/ros/humble/include  
[0.603s] -- Using RMW implementation 'rmw_fastrtps_cpp' as default
[0.613s] -- Looking for pthread.h
[0.668s] -- Looking for pthread.h - found
[0.668s] -- Performing Test CMAKE_HAVE_LIBC_PTHREAD
[0.719s] -- Performing Test CMAKE_HAVE_LIBC_PTHREAD - Success
[0.721s] -- Found Threads: TRUE  
[0.754s] -- Found tf2_ros: 0.25.12 (/opt/ros/humble/share/tf2_ros/cmake)
[0.826s] -- Found tf2_geometry_msgs: 0.25.12 (/opt/ros/humble/share/tf2_geometry_msgs/cmake)
[0.836s] -- Found eigen3_cmake_module: 0.1.1 (/opt/ros/humble/share/eigen3_cmake_module/cmake)
[0.836s] -- Found Eigen3: TRUE (found version "3.4.0") 
[0.836s] -- Ensuring Eigen3 include directory is part of orocos-kdl CMake target
[0.838s] -- Found object_recognition_msgs: 2.0.0 (/opt/ros/humble/share/object_recognition_msgs/cmake)
[0.870s] -- Found xarm_msgs: 0.0.0 (/home/benongnuel/dev_ws/src/xarm_ros2/install/xarm_msgs/share/xarm_msgs/cmake)
[0.878s] -- Found xarm_api: 0.0.0 (/home/benongnuel/dev_ws/src/xarm_ros2/install/xarm_api/share/xarm_api/cmake)
[0.886s] -- Found ament_lint_auto: 0.12.12 (/opt/ros/humble/share/ament_lint_auto/cmake)
[0.941s] -- Added test 'copyright' to check source files copyright and LICENSE
[0.942s] -- Added test 'cppcheck' to perform static code analysis on C / C++ code
[0.942s] -- Configured cppcheck include dirs: 
[0.942s] -- Configured cppcheck exclude dirs and/or files: 
[0.943s] -- Added test 'cpplint' to check C / C++ code against the Google style
[0.943s] -- Configured cpplint exclude dirs and/or files: 
[0.943s] -- Added test 'flake8' to check Python code syntax and style conventions
[0.944s] -- Added test 'lint_cmake' to check CMake code style
[0.945s] -- Added test 'pep257' to check Python code against some of the docstring style conventions in PEP 257
[0.945s] -- Added test 'uncrustify' to check C / C++ code style
[0.945s] -- Configured uncrustify additional arguments: 
[0.946s] -- Added test 'xmllint' to check XML markup files
[0.946s] -- Configuring done
[0.959s] -- Generating done
[0.964s] -- Build files have been written to: /home/benongnuel/dev_ws/src/xarm_ros2/build/d435i_xarm_setup
[0.973s] Invoked command in '/home/benongnuel/dev_ws/src/xarm_ros2/build/d435i_xarm_setup' returned '0': AMENT_PREFIX_PATH=/home/benongnuel/dev_ws/src/xarm_ros2/install/xarm_api:/home/benongnuel/dev_ws/src/xarm_ros2/install/xarm_sdk:/home/benongnuel/dev_ws/src/xarm_ros2/install/xarm_msgs:/home/benongnuel/dev_ws/src/xarm_ros2/install/xarm_description:${AMENT_PREFIX_PATH} CMAKE_PREFIX_PATH=/home/benongnuel/dev_ws/src/xarm_ros2/install/xarm_api:/home/benongnuel/dev_ws/src/xarm_ros2/install/xarm_sdk:/home/benongnuel/dev_ws/src/xarm_ros2/install/xarm_msgs:/home/benongnuel/dev_ws/src/xarm_ros2/install/xarm_description:/home/benongnuel/dev_ws/install/xarm_planner:/home/benongnuel/dev_ws/install/xarm_moveit_servo:/home/benongnuel/dev_ws/install/xarm_moveit_config:/home/benongnuel/dev_ws/install/xarm_gazebo:/home/benongnuel/dev_ws/install/xarm_controller:/home/benongnuel/dev_ws/install/xarm_api:/home/benongnuel/dev_ws/install/xarm_sdk:/home/benongnuel/dev_ws/install/xarm_msgs:/home/benongnuel/dev_ws/install/xarm_description:/home/benongnuel/dev_ws/install/realsense_gazebo_plugin:/home/benongnuel/dev_ws/install/mbot_demo:/home/benongnuel/robo_ws/install/custom_3dof_arm:/home/benongnuel/dev_ws/install/uf_ros_lib:/home/benongnuel/dev_ws/install/my_gripper_scripts:/opt/ros/humble LD_LIBRARY_PATH=/home/benongnuel/dev_ws/src/xarm_ros2/install/xarm_api/lib:/home/benongnuel/dev_ws/src/xarm_ros2/install/xarm_sdk/lib:/home/benongnuel/dev_ws/src/xarm_ros2/install/xarm_msgs/lib:${LD_LIBRARY_PATH} PYTHONPATH=/home/benongnuel/dev_ws/src/xarm_ros2/install/xarm_msgs/local/lib/python3.10/dist-packages:${PYTHONPATH} /usr/bin/cmake /home/benongnuel/dev_ws/src/xarm_ros2/xarm_vision/d435i_xarm_setup -DAMENT_CMAKE_SYMLINK_INSTALL=1 -DCMAKE_INSTALL_PREFIX=/home/benongnuel/dev_ws/src/xarm_ros2/install/d435i_xarm_setup
[0.973s] Invoking command in '/home/benongnuel/dev_ws/src/xarm_ros2/build/d435i_xarm_setup': AMENT_PREFIX_PATH=/home/benongnuel/dev_ws/src/xarm_ros2/install/xarm_api:/home/benongnuel/dev_ws/src/xarm_ros2/install/xarm_sdk:/home/benongnuel/dev_ws/src/xarm_ros2/install/xarm_msgs:/home/benongnuel/dev_ws/src/xarm_ros2/install/xarm_description:${AMENT_PREFIX_PATH} CMAKE_PREFIX_PATH=/home/benongnuel/dev_ws/src/xarm_ros2/install/xarm_api:/home/benongnuel/dev_ws/src/xarm_ros2/install/xarm_sdk:/home/benongnuel/dev_ws/src/xarm_ros2/install/xarm_msgs:/home/benongnuel/dev_ws/src/xarm_ros2/install/xarm_description:/home/benongnuel/dev_ws/install/xarm_planner:/home/benongnuel/dev_ws/install/xarm_moveit_servo:/home/benongnuel/dev_ws/install/xarm_moveit_config:/home/benongnuel/dev_ws/install/xarm_gazebo:/home/benongnuel/dev_ws/install/xarm_controller:/home/benongnuel/dev_ws/install/xarm_api:/home/benongnuel/dev_ws/install/xarm_sdk:/home/benongnuel/dev_ws/install/xarm_msgs:/home/benongnuel/dev_ws/install/xarm_description:/home/benongnuel/dev_ws/install/realsense_gazebo_plugin:/home/benongnuel/dev_ws/install/mbot_demo:/home/benongnuel/robo_ws/install/custom_3dof_arm:/home/benongnuel/dev_ws/install/uf_ros_lib:/home/benongnuel/dev_ws/install/my_gripper_scripts:/opt/ros/humble LD_LIBRARY_PATH=/home/benongnuel/dev_ws/src/xarm_ros2/install/xarm_api/lib:/home/benongnuel/dev_ws/src/xarm_ros2/install/xarm_sdk/lib:/home/benongnuel/dev_ws/src/xarm_ros2/install/xarm_msgs/lib:${LD_LIBRARY_PATH} PYTHONPATH=/home/benongnuel/dev_ws/src/xarm_ros2/install/xarm_msgs/local/lib/python3.10/dist-packages:${PYTHONPATH} /usr/bin/cmake --build /home/benongnuel/dev_ws/src/xarm_ros2/build/d435i_xarm_setup -- -j16 -l16
[1.018s] [ 16%] [32mBuilding CXX object CMakeFiles/findobj_grasp_xarm_api.dir/src/findobj_grasp_xarm_api.cpp.o[0m
[1.019s] [ 33%] [32mBuilding CXX object CMakeFiles/tf_object_to_base.dir/src/tf_object_to_base.cpp.o[0m
[1.019s] [ 50%] [32mBuilding CXX object CMakeFiles/findobj_grasp_moveit_planner.dir/src/findobj_grasp_moveit_planner.cpp.o[0m
[5.459s] [ 66%] [32m[1mLinking CXX executable findobj_grasp_xarm_api[0m
[5.636s] [ 83%] [32m[1mLinking CXX executable findobj_grasp_moveit_planner[0m
[5.984s] [ 83%] Built target findobj_grasp_moveit_planner
[6.013s] [ 83%] Built target findobj_grasp_xarm_api
[6.638s] [100%] [32m[1mLinking CXX executable tf_object_to_base[0m
[7.070s] [100%] Built target tf_object_to_base
[7.082s] Invoked command in '/home/benongnuel/dev_ws/src/xarm_ros2/build/d435i_xarm_setup' returned '0': AMENT_PREFIX_PATH=/home/benongnuel/dev_ws/src/xarm_ros2/install/xarm_api:/home/benongnuel/dev_ws/src/xarm_ros2/install/xarm_sdk:/home/benongnuel/dev_ws/src/xarm_ros2/install/xarm_msgs:/home/benongnuel/dev_ws/src/xarm_ros2/install/xarm_description:${AMENT_PREFIX_PATH} CMAKE_PREFIX_PATH=/home/benongnuel/dev_ws/src/xarm_ros2/install/xarm_api:/home/benongnuel/dev_ws/src/xarm_ros2/install/xarm_sdk:/home/benongnuel/dev_ws/src/xarm_ros2/install/xarm_msgs:/home/benongnuel/dev_ws/src/xarm_ros2/install/xarm_description:/home/benongnuel/dev_ws/install/xarm_planner:/home/benongnuel/dev_ws/install/xarm_moveit_servo:/home/benongnuel/dev_ws/install/xarm_moveit_config:/home/benongnuel/dev_ws/install/xarm_gazebo:/home/benongnuel/dev_ws/install/xarm_controller:/home/benongnuel/dev_ws/install/xarm_api:/home/benongnuel/dev_ws/install/xarm_sdk:/home/benongnuel/dev_ws/install/xarm_msgs:/home/benongnuel/dev_ws/install/xarm_description:/home/benongnuel/dev_ws/install/realsense_gazebo_plugin:/home/benongnuel/dev_ws/install/mbot_demo:/home/benongnuel/robo_ws/install/custom_3dof_arm:/home/benongnuel/dev_ws/install/uf_ros_lib:/home/benongnuel/dev_ws/install/my_gripper_scripts:/opt/ros/humble LD_LIBRARY_PATH=/home/benongnuel/dev_ws/src/xarm_ros2/install/xarm_api/lib:/home/benongnuel/dev_ws/src/xarm_ros2/install/xarm_sdk/lib:/home/benongnuel/dev_ws/src/xarm_ros2/install/xarm_msgs/lib:${LD_LIBRARY_PATH} PYTHONPATH=/home/benongnuel/dev_ws/src/xarm_ros2/install/xarm_msgs/local/lib/python3.10/dist-packages:${PYTHONPATH} /usr/bin/cmake --build /home/benongnuel/dev_ws/src/xarm_ros2/build/d435i_xarm_setup -- -j16 -l16
[7.084s] Invoking command in '/home/benongnuel/dev_ws/src/xarm_ros2/build/d435i_xarm_setup': AMENT_PREFIX_PATH=/home/benongnuel/dev_ws/src/xarm_ros2/install/xarm_api:/home/benongnuel/dev_ws/src/xarm_ros2/install/xarm_sdk:/home/benongnuel/dev_ws/src/xarm_ros2/install/xarm_msgs:/home/benongnuel/dev_ws/src/xarm_ros2/install/xarm_description:${AMENT_PREFIX_PATH} CMAKE_PREFIX_PATH=/home/benongnuel/dev_ws/src/xarm_ros2/install/xarm_api:/home/benongnuel/dev_ws/src/xarm_ros2/install/xarm_sdk:/home/benongnuel/dev_ws/src/xarm_ros2/install/xarm_msgs:/home/benongnuel/dev_ws/src/xarm_ros2/install/xarm_description:/home/benongnuel/dev_ws/install/xarm_planner:/home/benongnuel/dev_ws/install/xarm_moveit_servo:/home/benongnuel/dev_ws/install/xarm_moveit_config:/home/benongnuel/dev_ws/install/xarm_gazebo:/home/benongnuel/dev_ws/install/xarm_controller:/home/benongnuel/dev_ws/install/xarm_api:/home/benongnuel/dev_ws/install/xarm_sdk:/home/benongnuel/dev_ws/install/xarm_msgs:/home/benongnuel/dev_ws/install/xarm_description:/home/benongnuel/dev_ws/install/realsense_gazebo_plugin:/home/benongnuel/dev_ws/install/mbot_demo:/home/benongnuel/robo_ws/install/custom_3dof_arm:/home/benongnuel/dev_ws/install/uf_ros_lib:/home/benongnuel/dev_ws/install/my_gripper_scripts:/opt/ros/humble LD_LIBRARY_PATH=/home/benongnuel/dev_ws/src/xarm_ros2/install/xarm_api/lib:/home/benongnuel/dev_ws/src/xarm_ros2/install/xarm_sdk/lib:/home/benongnuel/dev_ws/src/xarm_ros2/install/xarm_msgs/lib:${LD_LIBRARY_PATH} PYTHONPATH=/home/benongnuel/dev_ws/src/xarm_ros2/install/xarm_msgs/local/lib/python3.10/dist-packages:${PYTHONPATH} /usr/bin/cmake --install /home/benongnuel/dev_ws/src/xarm_ros2/build/d435i_xarm_setup
[7.092s] -- Install configuration: ""
[7.092s] -- Execute custom install script
[7.093s] -- Symlinking: /home/benongnuel/dev_ws/src/xarm_ros2/install/d435i_xarm_setup/share/d435i_xarm_setup//launch/d435i_findobj2d_robot_api.launch.py
[7.102s] -- Symlinking: /home/benongnuel/dev_ws/src/xarm_ros2/install/d435i_xarm_setup/share/d435i_xarm_setup//launch/d435i_findobj2d_robot_moveit_planner.launch.py
[7.111s] -- Symlinking: /home/benongnuel/dev_ws/src/xarm_ros2/install/d435i_xarm_setup/share/d435i_xarm_setup//launch/d435i_robot_auto_calib.launch.py
[7.121s] -- Symlinking: /home/benongnuel/dev_ws/src/xarm_ros2/install/d435i_xarm_setup/share/d435i_xarm_setup//launch/d435i_robot_ork_linemod.launch.py
[7.128s] -- Symlinking: /home/benongnuel/dev_ws/src/xarm_ros2/install/d435i_xarm_setup/share/d435i_xarm_setup//launch/grasp_node_robot_api.launch.py
[7.138s] -- Symlinking: /home/benongnuel/dev_ws/src/xarm_ros2/install/d435i_xarm_setup/share/d435i_xarm_setup//launch/grasp_node_robot_moveit_planner.launch.py
[7.147s] -- Symlinking: /home/benongnuel/dev_ws/src/xarm_ros2/install/d435i_xarm_setup/share/d435i_xarm_setup//launch/publish_handeye_tf.launch.py
[7.155s] -- Symlinking: /home/benongnuel/dev_ws/src/xarm_ros2/install/d435i_xarm_setup/share/d435i_xarm_setup//launch/start_find_obj_2d.launch.py
[7.163s] -- Symlinking: /home/benongnuel/dev_ws/src/xarm_ros2/install/d435i_xarm_setup/share/d435i_xarm_setup//objects/1.png
[7.172s] -- Symlinking: /home/benongnuel/dev_ws/src/xarm_ros2/install/d435i_xarm_setup/share/d435i_xarm_setup//objects/2.png
[7.179s] -- Symlinking: /home/benongnuel/dev_ws/src/xarm_ros2/install/d435i_xarm_setup/share/d435i_xarm_setup//config/extra_robot_api_params.yaml
[7.187s] -- Symlinking: /home/benongnuel/dev_ws/src/xarm_ros2/install/d435i_xarm_setup/share/d435i_xarm_setup//config/lite_rs_on_hand_calibration.calib
[7.194s] -- Symlinking: /home/benongnuel/dev_ws/src/xarm_ros2/install/d435i_xarm_setup/share/d435i_xarm_setup//config/uf850_rs_on_hand_calibration.calib
[7.204s] -- Symlinking: /home/benongnuel/dev_ws/src/xarm_ros2/install/d435i_xarm_setup/share/d435i_xarm_setup//config/xarm_rs_on_hand_calibration.calib
[7.211s] -- Symlinking: /home/benongnuel/dev_ws/src/xarm_ros2/install/d435i_xarm_setup/lib/d435i_xarm_setup/findobj_grasp_moveit_planner
[7.218s] -- Symlinking: /home/benongnuel/dev_ws/src/xarm_ros2/install/d435i_xarm_setup/lib/d435i_xarm_setup/findobj_grasp_xarm_api
[7.224s] -- Symlinking: /home/benongnuel/dev_ws/src/xarm_ros2/install/d435i_xarm_setup/lib/d435i_xarm_setup/tf_object_to_base
[7.231s] -- Symlinking: /home/benongnuel/dev_ws/src/xarm_ros2/install/d435i_xarm_setup/share/ament_index/resource_index/package_run_dependencies/d435i_xarm_setup
[7.238s] -- Symlinking: /home/benongnuel/dev_ws/src/xarm_ros2/install/d435i_xarm_setup/share/ament_index/resource_index/parent_prefix_path/d435i_xarm_setup
[7.245s] -- Symlinking: /home/benongnuel/dev_ws/src/xarm_ros2/install/d435i_xarm_setup/share/d435i_xarm_setup/environment/ament_prefix_path.sh
[7.251s] -- Symlinking: /home/benongnuel/dev_ws/src/xarm_ros2/install/d435i_xarm_setup/share/d435i_xarm_setup/environment/ament_prefix_path.dsv
[7.257s] -- Symlinking: /home/benongnuel/dev_ws/src/xarm_ros2/install/d435i_xarm_setup/share/d435i_xarm_setup/environment/path.sh
[7.263s] -- Symlinking: /home/benongnuel/dev_ws/src/xarm_ros2/install/d435i_xarm_setup/share/d435i_xarm_setup/environment/path.dsv
[7.270s] -- Symlinking: /home/benongnuel/dev_ws/src/xarm_ros2/install/d435i_xarm_setup/share/d435i_xarm_setup/local_setup.bash
[7.278s] -- Symlinking: /home/benongnuel/dev_ws/src/xarm_ros2/install/d435i_xarm_setup/share/d435i_xarm_setup/local_setup.sh
[7.286s] -- Symlinking: /home/benongnuel/dev_ws/src/xarm_ros2/install/d435i_xarm_setup/share/d435i_xarm_setup/local_setup.zsh
[7.295s] -- Symlinking: /home/benongnuel/dev_ws/src/xarm_ros2/install/d435i_xarm_setup/share/d435i_xarm_setup/local_setup.dsv
[7.303s] -- Symlinking: /home/benongnuel/dev_ws/src/xarm_ros2/install/d435i_xarm_setup/share/d435i_xarm_setup/package.dsv
[7.310s] -- Symlinking: /home/benongnuel/dev_ws/src/xarm_ros2/install/d435i_xarm_setup/share/ament_index/resource_index/packages/d435i_xarm_setup
[7.317s] -- Symlinking: /home/benongnuel/dev_ws/src/xarm_ros2/install/d435i_xarm_setup/share/d435i_xarm_setup/cmake/d435i_xarm_setupConfig.cmake
[7.325s] -- Symlinking: /home/benongnuel/dev_ws/src/xarm_ros2/install/d435i_xarm_setup/share/d435i_xarm_setup/cmake/d435i_xarm_setupConfig-version.cmake
[7.333s] -- Symlinking: /home/benongnuel/dev_ws/src/xarm_ros2/install/d435i_xarm_setup/share/d435i_xarm_setup/package.xml
[7.342s] Invoked command in '/home/benongnuel/dev_ws/src/xarm_ros2/build/d435i_xarm_setup' returned '0': AMENT_PREFIX_PATH=/home/benongnuel/dev_ws/src/xarm_ros2/install/xarm_api:/home/benongnuel/dev_ws/src/xarm_ros2/install/xarm_sdk:/home/benongnuel/dev_ws/src/xarm_ros2/install/xarm_msgs:/home/benongnuel/dev_ws/src/xarm_ros2/install/xarm_description:${AMENT_PREFIX_PATH} CMAKE_PREFIX_PATH=/home/benongnuel/dev_ws/src/xarm_ros2/install/xarm_api:/home/benongnuel/dev_ws/src/xarm_ros2/install/xarm_sdk:/home/benongnuel/dev_ws/src/xarm_ros2/install/xarm_msgs:/home/benongnuel/dev_ws/src/xarm_ros2/install/xarm_description:/home/benongnuel/dev_ws/install/xarm_planner:/home/benongnuel/dev_ws/install/xarm_moveit_servo:/home/benongnuel/dev_ws/install/xarm_moveit_config:/home/benongnuel/dev_ws/install/xarm_gazebo:/home/benongnuel/dev_ws/install/xarm_controller:/home/benongnuel/dev_ws/install/xarm_api:/home/benongnuel/dev_ws/install/xarm_sdk:/home/benongnuel/dev_ws/install/xarm_msgs:/home/benongnuel/dev_ws/install/xarm_description:/home/benongnuel/dev_ws/install/realsense_gazebo_plugin:/home/benongnuel/dev_ws/install/mbot_demo:/home/benongnuel/robo_ws/install/custom_3dof_arm:/home/benongnuel/dev_ws/install/uf_ros_lib:/home/benongnuel/dev_ws/install/my_gripper_scripts:/opt/ros/humble LD_LIBRARY_PATH=/home/benongnuel/dev_ws/src/xarm_ros2/install/xarm_api/lib:/home/benongnuel/dev_ws/src/xarm_ros2/install/xarm_sdk/lib:/home/benongnuel/dev_ws/src/xarm_ros2/install/xarm_msgs/lib:${LD_LIBRARY_PATH} PYTHONPATH=/home/benongnuel/dev_ws/src/xarm_ros2/install/xarm_msgs/local/lib/python3.10/dist-packages:${PYTHONPATH} /usr/bin/cmake --install /home/benongnuel/dev_ws/src/xarm_ros2/build/d435i_xarm_setup
