[0.374s] Invoking command in '/home/benongnuel/dev_ws/src/xarm_ros2/build/uf_ros_lib': PYTHONPATH=/home/benongnuel/dev_ws/src/xarm_ros2/build/uf_ros_lib/prefix_override:/usr/lib/python3/dist-packages/colcon_core/task/python/colcon_distutils_commands:/home/benongnuel/dev_ws/src/xarm_ros2/install/uf_ros_lib/lib/python3.10/site-packages:${PYTHONPATH} /usr/bin/python3 -W ignore:setup.py install is deprecated -W ignore:easy_install command is deprecated setup.py develop --editable --build-directory /home/benongnuel/dev_ws/src/xarm_ros2/build/uf_ros_lib/build --no-deps symlink_data
[0.541s] running develop
[0.727s] running egg_info
[0.727s] creating uf_ros_lib.egg-info
[0.727s] writing uf_ros_lib.egg-info/PKG-INFO
[0.728s] writing dependency_links to uf_ros_lib.egg-info/dependency_links.txt
[0.728s] writing entry points to uf_ros_lib.egg-info/entry_points.txt
[0.729s] writing requirements to uf_ros_lib.egg-info/requires.txt
[0.729s] writing top-level names to uf_ros_lib.egg-info/top_level.txt
[0.730s] writing manifest file 'uf_ros_lib.egg-info/SOURCES.txt'
[0.732s] reading manifest file 'uf_ros_lib.egg-info/SOURCES.txt'
[0.734s] writing manifest file 'uf_ros_lib.egg-info/SOURCES.txt'
[0.738s] running build_ext
[0.739s] Creating /home/benongnuel/dev_ws/src/xarm_ros2/install/uf_ros_lib/lib/python3.10/site-packages/uf-ros-lib.egg-link (link to .)
[0.740s] 
[0.740s] Installed /home/benongnuel/dev_ws/src/xarm_ros2/build/uf_ros_lib
[0.741s] running symlink_data
[0.741s] creating /home/benongnuel/dev_ws/src/xarm_ros2/install/uf_ros_lib/share/ament_index
[0.741s] creating /home/benongnuel/dev_ws/src/xarm_ros2/install/uf_ros_lib/share/ament_index/resource_index
[0.742s] creating /home/benongnuel/dev_ws/src/xarm_ros2/install/uf_ros_lib/share/ament_index/resource_index/packages
[0.742s] symbolically linking /home/benongnuel/dev_ws/src/xarm_ros2/build/uf_ros_lib/resource/uf_ros_lib -> /home/benongnuel/dev_ws/src/xarm_ros2/install/uf_ros_lib/share/ament_index/resource_index/packages
[0.742s] symbolically linking /home/benongnuel/dev_ws/src/xarm_ros2/build/uf_ros_lib/package.xml -> /home/benongnuel/dev_ws/src/xarm_ros2/install/uf_ros_lib/share/uf_ros_lib
[0.852s] Invoked command in '/home/benongnuel/dev_ws/src/xarm_ros2/build/uf_ros_lib' returned '0': PYTHONPATH=/home/benongnuel/dev_ws/src/xarm_ros2/build/uf_ros_lib/prefix_override:/usr/lib/python3/dist-packages/colcon_core/task/python/colcon_distutils_commands:/home/benongnuel/dev_ws/src/xarm_ros2/install/uf_ros_lib/lib/python3.10/site-packages:${PYTHONPATH} /usr/bin/python3 -W ignore:setup.py install is deprecated -W ignore:easy_install command is deprecated setup.py develop --editable --build-directory /home/benongnuel/dev_ws/src/xarm_ros2/build/uf_ros_lib/build --no-deps symlink_data
