[0.017s] Invoking command in '/home/benongnuel/dev_ws/build/d435i_xarm_setup': CMAKE_PREFIX_PATH=/home/benongnuel/dev_ws/install/xarm_api:/home/benongnuel/dev_ws/install/xarm_sdk:/home/benongnuel/dev_ws/install/xarm_msgs:/home/benongnuel/dev_ws/install/xarm_description:/home/benongnuel/dev_ws/install/xarm_planner:/home/benongnuel/dev_ws/install/xarm_moveit_servo:/home/benongnuel/dev_ws/install/xarm_moveit_config:/home/benongnuel/dev_ws/install/xarm_gazebo:/home/benongnuel/dev_ws/install/xarm_controller:/home/benongnuel/dev_ws/install/d435i_xarm_setup:/home/benongnuel/dev_ws/install/realsense_gazebo_plugin:/home/benongnuel/dev_ws/install/mbot_demo:/home/benongnuel/dev_ws/install/kdl_parser:/home/benongnuel/robo_ws/install/custom_3dof_arm:/home/benongnuel/dev_ws/install/uf_ros_lib:/home/benongnuel/dev_ws/install/my_gripper_scripts:/opt/ros/humble LD_LIBRARY_PATH=/home/benongnuel/dev_ws/install/xarm_api/lib:/home/benongnuel/dev_ws/install/xarm_sdk/lib:/home/benongnuel/dev_ws/install/xarm_msgs/lib:/home/benongnuel/dev_ws/install/xarm_planner/lib:/home/benongnuel/dev_ws/install/xarm_moveit_servo/lib:/home/benongnuel/dev_ws/install/xarm_gazebo/lib:/home/benongnuel/dev_ws/install/xarm_controller/lib:/home/benongnuel/dev_ws/install/realsense_gazebo_plugin/lib:/home/benongnuel/dev_ws/install/kdl_parser/lib:/usr/lib/x86_64-linux-gnu/gazebo-11/plugins:/opt/ros/humble/opt/rviz_ogre_vendor/lib:/opt/ros/humble/lib/x86_64-linux-gnu:/opt/ros/humble/lib /usr/bin/cmake --build /home/benongnuel/dev_ws/build/d435i_xarm_setup -- -j16 -l16
[0.066s] [ 33%] Built target tf_object_to_base
[0.069s] [ 66%] Built target findobj_grasp_moveit_planner
[0.075s] [100%] Built target findobj_grasp_xarm_api
[0.085s] Invoked command in '/home/benongnuel/dev_ws/build/d435i_xarm_setup' returned '0': CMAKE_PREFIX_PATH=/home/benongnuel/dev_ws/install/xarm_api:/home/benongnuel/dev_ws/install/xarm_sdk:/home/benongnuel/dev_ws/install/xarm_msgs:/home/benongnuel/dev_ws/install/xarm_description:/home/benongnuel/dev_ws/install/xarm_planner:/home/benongnuel/dev_ws/install/xarm_moveit_servo:/home/benongnuel/dev_ws/install/xarm_moveit_config:/home/benongnuel/dev_ws/install/xarm_gazebo:/home/benongnuel/dev_ws/install/xarm_controller:/home/benongnuel/dev_ws/install/d435i_xarm_setup:/home/benongnuel/dev_ws/install/realsense_gazebo_plugin:/home/benongnuel/dev_ws/install/mbot_demo:/home/benongnuel/dev_ws/install/kdl_parser:/home/benongnuel/robo_ws/install/custom_3dof_arm:/home/benongnuel/dev_ws/install/uf_ros_lib:/home/benongnuel/dev_ws/install/my_gripper_scripts:/opt/ros/humble LD_LIBRARY_PATH=/home/benongnuel/dev_ws/install/xarm_api/lib:/home/benongnuel/dev_ws/install/xarm_sdk/lib:/home/benongnuel/dev_ws/install/xarm_msgs/lib:/home/benongnuel/dev_ws/install/xarm_planner/lib:/home/benongnuel/dev_ws/install/xarm_moveit_servo/lib:/home/benongnuel/dev_ws/install/xarm_gazebo/lib:/home/benongnuel/dev_ws/install/xarm_controller/lib:/home/benongnuel/dev_ws/install/realsense_gazebo_plugin/lib:/home/benongnuel/dev_ws/install/kdl_parser/lib:/usr/lib/x86_64-linux-gnu/gazebo-11/plugins:/opt/ros/humble/opt/rviz_ogre_vendor/lib:/opt/ros/humble/lib/x86_64-linux-gnu:/opt/ros/humble/lib /usr/bin/cmake --build /home/benongnuel/dev_ws/build/d435i_xarm_setup -- -j16 -l16
[0.086s] Invoking command in '/home/benongnuel/dev_ws/build/d435i_xarm_setup': CMAKE_PREFIX_PATH=/home/benongnuel/dev_ws/install/xarm_api:/home/benongnuel/dev_ws/install/xarm_sdk:/home/benongnuel/dev_ws/install/xarm_msgs:/home/benongnuel/dev_ws/install/xarm_description:/home/benongnuel/dev_ws/install/xarm_planner:/home/benongnuel/dev_ws/install/xarm_moveit_servo:/home/benongnuel/dev_ws/install/xarm_moveit_config:/home/benongnuel/dev_ws/install/xarm_gazebo:/home/benongnuel/dev_ws/install/xarm_controller:/home/benongnuel/dev_ws/install/d435i_xarm_setup:/home/benongnuel/dev_ws/install/realsense_gazebo_plugin:/home/benongnuel/dev_ws/install/mbot_demo:/home/benongnuel/dev_ws/install/kdl_parser:/home/benongnuel/robo_ws/install/custom_3dof_arm:/home/benongnuel/dev_ws/install/uf_ros_lib:/home/benongnuel/dev_ws/install/my_gripper_scripts:/opt/ros/humble LD_LIBRARY_PATH=/home/benongnuel/dev_ws/install/xarm_api/lib:/home/benongnuel/dev_ws/install/xarm_sdk/lib:/home/benongnuel/dev_ws/install/xarm_msgs/lib:/home/benongnuel/dev_ws/install/xarm_planner/lib:/home/benongnuel/dev_ws/install/xarm_moveit_servo/lib:/home/benongnuel/dev_ws/install/xarm_gazebo/lib:/home/benongnuel/dev_ws/install/xarm_controller/lib:/home/benongnuel/dev_ws/install/realsense_gazebo_plugin/lib:/home/benongnuel/dev_ws/install/kdl_parser/lib:/usr/lib/x86_64-linux-gnu/gazebo-11/plugins:/opt/ros/humble/opt/rviz_ogre_vendor/lib:/opt/ros/humble/lib/x86_64-linux-gnu:/opt/ros/humble/lib /usr/bin/cmake --install /home/benongnuel/dev_ws/build/d435i_xarm_setup
[0.092s] -- Install configuration: ""
[0.092s] -- Execute custom install script
[0.092s] -- Up-to-date symlink: /home/benongnuel/dev_ws/install/d435i_xarm_setup/share/d435i_xarm_setup//launch/d435i_findobj2d_robot_api.launch.py
[0.092s] -- Up-to-date symlink: /home/benongnuel/dev_ws/install/d435i_xarm_setup/share/d435i_xarm_setup//launch/d435i_findobj2d_robot_moveit_planner.launch.py
[0.092s] -- Up-to-date symlink: /home/benongnuel/dev_ws/install/d435i_xarm_setup/share/d435i_xarm_setup//launch/d435i_robot_auto_calib.launch.py
[0.092s] -- Up-to-date symlink: /home/benongnuel/dev_ws/install/d435i_xarm_setup/share/d435i_xarm_setup//launch/d435i_robot_ork_linemod.launch.py
[0.093s] -- Up-to-date symlink: /home/benongnuel/dev_ws/install/d435i_xarm_setup/share/d435i_xarm_setup//launch/grasp_node_robot_api.launch.py
[0.093s] -- Up-to-date symlink: /home/benongnuel/dev_ws/install/d435i_xarm_setup/share/d435i_xarm_setup//launch/grasp_node_robot_moveit_planner.launch.py
[0.093s] -- Up-to-date symlink: /home/benongnuel/dev_ws/install/d435i_xarm_setup/share/d435i_xarm_setup//launch/publish_handeye_tf.launch.py
[0.093s] -- Up-to-date symlink: /home/benongnuel/dev_ws/install/d435i_xarm_setup/share/d435i_xarm_setup//launch/start_find_obj_2d.launch.py
[0.093s] -- Up-to-date symlink: /home/benongnuel/dev_ws/install/d435i_xarm_setup/share/d435i_xarm_setup//objects/1.png
[0.093s] -- Up-to-date symlink: /home/benongnuel/dev_ws/install/d435i_xarm_setup/share/d435i_xarm_setup//objects/2.png
[0.093s] -- Up-to-date symlink: /home/benongnuel/dev_ws/install/d435i_xarm_setup/share/d435i_xarm_setup//config/extra_robot_api_params.yaml
[0.093s] -- Up-to-date symlink: /home/benongnuel/dev_ws/install/d435i_xarm_setup/share/d435i_xarm_setup//config/lite_rs_on_hand_calibration.calib
[0.093s] -- Up-to-date symlink: /home/benongnuel/dev_ws/install/d435i_xarm_setup/share/d435i_xarm_setup//config/uf850_rs_on_hand_calibration.calib
[0.093s] -- Up-to-date symlink: /home/benongnuel/dev_ws/install/d435i_xarm_setup/share/d435i_xarm_setup//config/xarm_rs_on_hand_calibration.calib
[0.094s] -- Up-to-date symlink: /home/benongnuel/dev_ws/install/d435i_xarm_setup/lib/d435i_xarm_setup/findobj_grasp_moveit_planner
[0.094s] -- Up-to-date symlink: /home/benongnuel/dev_ws/install/d435i_xarm_setup/lib/d435i_xarm_setup/findobj_grasp_xarm_api
[0.094s] -- Up-to-date symlink: /home/benongnuel/dev_ws/install/d435i_xarm_setup/lib/d435i_xarm_setup/tf_object_to_base
[0.094s] -- Up-to-date symlink: /home/benongnuel/dev_ws/install/d435i_xarm_setup/share/ament_index/resource_index/package_run_dependencies/d435i_xarm_setup
[0.094s] -- Up-to-date symlink: /home/benongnuel/dev_ws/install/d435i_xarm_setup/share/ament_index/resource_index/parent_prefix_path/d435i_xarm_setup
[0.094s] -- Up-to-date symlink: /home/benongnuel/dev_ws/install/d435i_xarm_setup/share/d435i_xarm_setup/environment/ament_prefix_path.sh
[0.094s] -- Up-to-date symlink: /home/benongnuel/dev_ws/install/d435i_xarm_setup/share/d435i_xarm_setup/environment/ament_prefix_path.dsv
[0.094s] -- Up-to-date symlink: /home/benongnuel/dev_ws/install/d435i_xarm_setup/share/d435i_xarm_setup/environment/path.sh
[0.094s] -- Up-to-date symlink: /home/benongnuel/dev_ws/install/d435i_xarm_setup/share/d435i_xarm_setup/environment/path.dsv
[0.094s] -- Up-to-date symlink: /home/benongnuel/dev_ws/install/d435i_xarm_setup/share/d435i_xarm_setup/local_setup.bash
[0.095s] -- Up-to-date symlink: /home/benongnuel/dev_ws/install/d435i_xarm_setup/share/d435i_xarm_setup/local_setup.sh
[0.095s] -- Up-to-date symlink: /home/benongnuel/dev_ws/install/d435i_xarm_setup/share/d435i_xarm_setup/local_setup.zsh
[0.095s] -- Up-to-date symlink: /home/benongnuel/dev_ws/install/d435i_xarm_setup/share/d435i_xarm_setup/local_setup.dsv
[0.095s] -- Symlinking: /home/benongnuel/dev_ws/install/d435i_xarm_setup/share/d435i_xarm_setup/package.dsv
[0.100s] -- Up-to-date symlink: /home/benongnuel/dev_ws/install/d435i_xarm_setup/share/ament_index/resource_index/packages/d435i_xarm_setup
[0.100s] -- Up-to-date symlink: /home/benongnuel/dev_ws/install/d435i_xarm_setup/share/d435i_xarm_setup/cmake/d435i_xarm_setupConfig.cmake
[0.100s] -- Up-to-date symlink: /home/benongnuel/dev_ws/install/d435i_xarm_setup/share/d435i_xarm_setup/cmake/d435i_xarm_setupConfig-version.cmake
[0.100s] -- Up-to-date symlink: /home/benongnuel/dev_ws/install/d435i_xarm_setup/share/d435i_xarm_setup/package.xml
[0.119s] Invoked command in '/home/benongnuel/dev_ws/build/d435i_xarm_setup' returned '0': CMAKE_PREFIX_PATH=/home/benongnuel/dev_ws/install/xarm_api:/home/benongnuel/dev_ws/install/xarm_sdk:/home/benongnuel/dev_ws/install/xarm_msgs:/home/benongnuel/dev_ws/install/xarm_description:/home/benongnuel/dev_ws/install/xarm_planner:/home/benongnuel/dev_ws/install/xarm_moveit_servo:/home/benongnuel/dev_ws/install/xarm_moveit_config:/home/benongnuel/dev_ws/install/xarm_gazebo:/home/benongnuel/dev_ws/install/xarm_controller:/home/benongnuel/dev_ws/install/d435i_xarm_setup:/home/benongnuel/dev_ws/install/realsense_gazebo_plugin:/home/benongnuel/dev_ws/install/mbot_demo:/home/benongnuel/dev_ws/install/kdl_parser:/home/benongnuel/robo_ws/install/custom_3dof_arm:/home/benongnuel/dev_ws/install/uf_ros_lib:/home/benongnuel/dev_ws/install/my_gripper_scripts:/opt/ros/humble LD_LIBRARY_PATH=/home/benongnuel/dev_ws/install/xarm_api/lib:/home/benongnuel/dev_ws/install/xarm_sdk/lib:/home/benongnuel/dev_ws/install/xarm_msgs/lib:/home/benongnuel/dev_ws/install/xarm_planner/lib:/home/benongnuel/dev_ws/install/xarm_moveit_servo/lib:/home/benongnuel/dev_ws/install/xarm_gazebo/lib:/home/benongnuel/dev_ws/install/xarm_controller/lib:/home/benongnuel/dev_ws/install/realsense_gazebo_plugin/lib:/home/benongnuel/dev_ws/install/kdl_parser/lib:/usr/lib/x86_64-linux-gnu/gazebo-11/plugins:/opt/ros/humble/opt/rviz_ogre_vendor/lib:/opt/ros/humble/lib/x86_64-linux-gnu:/opt/ros/humble/lib /usr/bin/cmake --install /home/benongnuel/dev_ws/build/d435i_xarm_setup
