[0.310s] Invoking command in '/home/benongnuel/dev_ws/build/realsense_gazebo_plugin': CMAKE_PREFIX_PATH=${CMAKE_PREFIX_PATH}:/home/benongnuel/dev_ws/install/uf_ros_lib:/home/benongnuel/dev_ws/install/my_gripper_scripts:/opt/ros/humble /usr/bin/cmake /home/benongnuel/dev_ws/src/xarm_ros2/thirdparty/realsense_gazebo_plugin -DAMENT_CMAKE_SYMLINK_INSTALL=1 -DCMAKE_INSTALL_PREFIX=/home/benongnuel/dev_ws/install/realsense_gazebo_plugin
[0.321s] -- Found ament_cmake: 1.3.11 (/opt/ros/humble/share/ament_cmake/cmake)
[0.434s] -- Override CMake install command with custom implementation using symlinks instead of copying resources
[0.440s] -- Found rclcpp: 16.0.12 (/opt/ros/humble/share/rclcpp/cmake)
[0.472s] -- Found rosidl_generator_c: 3.1.6 (/opt/ros/humble/share/rosidl_generator_c/cmake)
[0.475s] -- Found rosidl_adapter: 3.1.6 (/opt/ros/humble/share/rosidl_adapter/cmake)
[0.481s] -- Found rosidl_generator_cpp: 3.1.6 (/opt/ros/humble/share/rosidl_generator_cpp/cmake)
[0.492s] -- Using all available rosidl_typesupport_c: rosidl_typesupport_fastrtps_c;rosidl_typesupport_introspection_c
[0.506s] -- Using all available rosidl_typesupport_cpp: rosidl_typesupport_fastrtps_cpp;rosidl_typesupport_introspection_cpp
[0.531s] -- Found rmw_implementation_cmake: 6.1.2 (/opt/ros/humble/share/rmw_implementation_cmake/cmake)
[0.532s] -- Found rmw_fastrtps_cpp: 6.2.7 (/opt/ros/humble/share/rmw_fastrtps_cpp/cmake)
[0.605s] -- Using RMW implementation 'rmw_fastrtps_cpp' as default
[0.641s] -- Found gazebo_ros: 3.9.0 (/opt/ros/humble/share/gazebo_ros/cmake)
[0.664s] -- Found DART: /usr/include (Required is at least version "6.6") found components: dart 
[0.685s] -- Found Protobuf: /usr/lib/x86_64-linux-gnu/libprotobuf.so (found version "3.12.4") 
[0.687s] -- Looking for ignition-math6 -- found version 6.15.1
[0.690s] -- Searching for dependencies of ignition-math6
[0.691s] -- Looking for OGRE...
[0.696s] -- Found Ogre Ghadamon (1.9.0)
[0.697s] -- Found OGRE: optimized;/usr/lib/x86_64-linux-gnu/libOgreMain.so;debug;/usr/lib/x86_64-linux-gnu/libOgreMain.so
[0.706s] -- Looking for OGRE_Paging...
[0.706s] -- Found OGRE_Paging: optimized;/usr/lib/x86_64-linux-gnu/libOgrePaging.so;debug;/usr/lib/x86_64-linux-gnu/libOgrePaging.so
[0.707s] -- Looking for OGRE_Terrain...
[0.707s] -- Found OGRE_Terrain: optimized;/usr/lib/x86_64-linux-gnu/libOgreTerrain.so;debug;/usr/lib/x86_64-linux-gnu/libOgreTerrain.so
[0.707s] -- Looking for OGRE_Property...
[0.707s] -- Found OGRE_Property: optimized;/usr/lib/x86_64-linux-gnu/libOgreProperty.so;debug;/usr/lib/x86_64-linux-gnu/libOgreProperty.so
[0.707s] -- Looking for OGRE_RTShaderSystem...
[0.707s] -- Found OGRE_RTShaderSystem: optimized;/usr/lib/x86_64-linux-gnu/libOgreRTShaderSystem.so;debug;/usr/lib/x86_64-linux-gnu/libOgreRTShaderSystem.so
[0.707s] -- Looking for OGRE_Volume...
[0.707s] -- Found OGRE_Volume: optimized;/usr/lib/x86_64-linux-gnu/libOgreVolume.so;debug;/usr/lib/x86_64-linux-gnu/libOgreVolume.so
[0.707s] -- Looking for OGRE_Overlay...
[0.707s] -- Found OGRE_Overlay: optimized;/usr/lib/x86_64-linux-gnu/libOgreOverlay.so;debug;/usr/lib/x86_64-linux-gnu/libOgreOverlay.so
[0.780s] -- Looking for ignition-math6 -- found version 6.15.1
[0.781s] -- Looking for ignition-transport8 -- found version 8.2.1
[0.781s] -- Searching for dependencies of ignition-transport8
[0.798s] -- Found Protobuf: /usr/lib/x86_64-linux-gnu/libprotobuf.so (found suitable version "3.12.4", minimum required is "3") 
[0.808s] -- Config-file not installed for ZeroMQ -- checking for pkg-config
[0.813s] -- Checking for module 'libzmq >= 4'
[0.828s] --   Found libzmq , version 4.3.4
[0.863s] -- Checking for module 'uuid'
[0.873s] --   Found uuid, version 2.37.2
[0.900s] -- Looking for ignition-msgs5 -- found version 5.8.1
[0.900s] -- Searching for dependencies of ignition-msgs5
[0.912s] -- Looking for ignition-math6 -- found version 6.15.1
[0.915s] -- Checking for module 'tinyxml2'
[0.927s] --   Found tinyxml2, version 9.0.0
[0.954s] -- Looking for ignition-msgs5 -- found version 5.8.1
[0.955s] -- Looking for ignition-common3 -- found version 3.14.0
[0.955s] -- Searching for dependencies of ignition-common3
[0.955s] -- Looking for dlfcn.h - found
[0.955s] -- Looking for libdl - found
[0.964s] -- Searching for <ignition-common3> component [graphics]
[0.964s] -- Looking for ignition-common3-graphics -- found version 3.14.0
[0.964s] -- Searching for dependencies of ignition-common3-graphics
[0.964s] -- Looking for ignition-math6 -- found version 6.15.1
[0.965s] -- Looking for ignition-fuel_tools4 -- found version 4.4.0
[0.965s] -- Searching for dependencies of ignition-fuel_tools4
[0.995s] -- Checking for module 'jsoncpp'
[1.006s] --   Found jsoncpp, version 1.9.5
[1.048s] -- Checking for module 'libzip'
[1.059s] --   Found libzip, version 1.7.3
[1.088s] -- Looking for ignition-common3 -- found version 3.14.0
[1.088s] -- Looking for ignition-math6 -- found version 6.15.1
[1.088s] -- Looking for ignition-msgs5 -- found version 5.8.1
[1.089s] -- Gazebo version: 11.14
[1.090s] -- Found image_transport: 3.1.11 (/opt/ros/humble/share/image_transport/cmake)
[1.121s] -- Found camera_info_manager: 3.1.11 (/opt/ros/humble/share/camera_info_manager/cmake)
[1.131s] -- Found ament_lint_auto: 0.12.12 (/opt/ros/humble/share/ament_lint_auto/cmake)
[1.172s] -- Configuring done
[1.184s] -- Generating done
[1.187s] -- Build files have been written to: /home/benongnuel/dev_ws/build/realsense_gazebo_plugin
[1.195s] Invoked command in '/home/benongnuel/dev_ws/build/realsense_gazebo_plugin' returned '0': CMAKE_PREFIX_PATH=${CMAKE_PREFIX_PATH}:/home/benongnuel/dev_ws/install/uf_ros_lib:/home/benongnuel/dev_ws/install/my_gripper_scripts:/opt/ros/humble /usr/bin/cmake /home/benongnuel/dev_ws/src/xarm_ros2/thirdparty/realsense_gazebo_plugin -DAMENT_CMAKE_SYMLINK_INSTALL=1 -DCMAKE_INSTALL_PREFIX=/home/benongnuel/dev_ws/install/realsense_gazebo_plugin
[1.196s] Invoking command in '/home/benongnuel/dev_ws/build/realsense_gazebo_plugin': CMAKE_PREFIX_PATH=${CMAKE_PREFIX_PATH}:/home/benongnuel/dev_ws/install/uf_ros_lib:/home/benongnuel/dev_ws/install/my_gripper_scripts:/opt/ros/humble /usr/bin/cmake --build /home/benongnuel/dev_ws/build/realsense_gazebo_plugin -- -j16 -l16
[1.234s] [35m[1mConsolidate compiler generated dependencies of target realsense_gazebo_plugin[0m
[1.262s] [100%] Built target realsense_gazebo_plugin
[1.271s] Invoked command in '/home/benongnuel/dev_ws/build/realsense_gazebo_plugin' returned '0': CMAKE_PREFIX_PATH=${CMAKE_PREFIX_PATH}:/home/benongnuel/dev_ws/install/uf_ros_lib:/home/benongnuel/dev_ws/install/my_gripper_scripts:/opt/ros/humble /usr/bin/cmake --build /home/benongnuel/dev_ws/build/realsense_gazebo_plugin -- -j16 -l16
[1.272s] Invoking command in '/home/benongnuel/dev_ws/build/realsense_gazebo_plugin': CMAKE_PREFIX_PATH=${CMAKE_PREFIX_PATH}:/home/benongnuel/dev_ws/install/uf_ros_lib:/home/benongnuel/dev_ws/install/my_gripper_scripts:/opt/ros/humble /usr/bin/cmake --install /home/benongnuel/dev_ws/build/realsense_gazebo_plugin
[1.278s] -- Install configuration: ""
[1.278s] -- Execute custom install script
[1.279s] -- Up-to-date symlink: /home/benongnuel/dev_ws/install/realsense_gazebo_plugin/lib/librealsense_gazebo_plugin.so
[1.279s] -- Up-to-date symlink: /home/benongnuel/dev_ws/install/realsense_gazebo_plugin/include//realsense_gazebo_plugin/RealSensePlugin.h
[1.279s] -- Up-to-date symlink: /home/benongnuel/dev_ws/install/realsense_gazebo_plugin/include//realsense_gazebo_plugin/gazebo_ros_realsense.h
[1.279s] -- Up-to-date symlink: /home/benongnuel/dev_ws/install/realsense_gazebo_plugin/share/realsense_gazebo_plugin/environment/library_path.sh
[1.279s] -- Up-to-date symlink: /home/benongnuel/dev_ws/install/realsense_gazebo_plugin/share/realsense_gazebo_plugin/environment/library_path.dsv
[1.279s] -- Up-to-date symlink: /home/benongnuel/dev_ws/install/realsense_gazebo_plugin/share/ament_index/resource_index/package_run_dependencies/realsense_gazebo_plugin
[1.279s] -- Up-to-date symlink: /home/benongnuel/dev_ws/install/realsense_gazebo_plugin/share/ament_index/resource_index/parent_prefix_path/realsense_gazebo_plugin
[1.280s] -- Up-to-date symlink: /home/benongnuel/dev_ws/install/realsense_gazebo_plugin/share/realsense_gazebo_plugin/environment/ament_prefix_path.sh
[1.280s] -- Up-to-date symlink: /home/benongnuel/dev_ws/install/realsense_gazebo_plugin/share/realsense_gazebo_plugin/environment/ament_prefix_path.dsv
[1.280s] -- Up-to-date symlink: /home/benongnuel/dev_ws/install/realsense_gazebo_plugin/share/realsense_gazebo_plugin/environment/path.sh
[1.280s] -- Up-to-date symlink: /home/benongnuel/dev_ws/install/realsense_gazebo_plugin/share/realsense_gazebo_plugin/environment/path.dsv
[1.280s] -- Up-to-date symlink: /home/benongnuel/dev_ws/install/realsense_gazebo_plugin/share/realsense_gazebo_plugin/local_setup.bash
[1.280s] -- Up-to-date symlink: /home/benongnuel/dev_ws/install/realsense_gazebo_plugin/share/realsense_gazebo_plugin/local_setup.sh
[1.280s] -- Up-to-date symlink: /home/benongnuel/dev_ws/install/realsense_gazebo_plugin/share/realsense_gazebo_plugin/local_setup.zsh
[1.281s] -- Up-to-date symlink: /home/benongnuel/dev_ws/install/realsense_gazebo_plugin/share/realsense_gazebo_plugin/local_setup.dsv
[1.281s] -- Symlinking: /home/benongnuel/dev_ws/install/realsense_gazebo_plugin/share/realsense_gazebo_plugin/package.dsv
[1.286s] -- Up-to-date symlink: /home/benongnuel/dev_ws/install/realsense_gazebo_plugin/share/ament_index/resource_index/packages/realsense_gazebo_plugin
[1.287s] -- Up-to-date symlink: /home/benongnuel/dev_ws/install/realsense_gazebo_plugin/share/realsense_gazebo_plugin/cmake/ament_cmake_export_include_directories-extras.cmake
[1.287s] -- Up-to-date symlink: /home/benongnuel/dev_ws/install/realsense_gazebo_plugin/share/realsense_gazebo_plugin/cmake/ament_cmake_export_libraries-extras.cmake
[1.287s] -- Up-to-date symlink: /home/benongnuel/dev_ws/install/realsense_gazebo_plugin/share/realsense_gazebo_plugin/cmake/realsense_gazebo_pluginConfig.cmake
[1.287s] -- Up-to-date symlink: /home/benongnuel/dev_ws/install/realsense_gazebo_plugin/share/realsense_gazebo_plugin/cmake/realsense_gazebo_pluginConfig-version.cmake
[1.287s] -- Up-to-date symlink: /home/benongnuel/dev_ws/install/realsense_gazebo_plugin/share/realsense_gazebo_plugin/package.xml
[1.289s] Invoked command in '/home/benongnuel/dev_ws/build/realsense_gazebo_plugin' returned '0': CMAKE_PREFIX_PATH=${CMAKE_PREFIX_PATH}:/home/benongnuel/dev_ws/install/uf_ros_lib:/home/benongnuel/dev_ws/install/my_gripper_scripts:/opt/ros/humble /usr/bin/cmake --install /home/benongnuel/dev_ws/build/realsense_gazebo_plugin
