[0.159s] Invoking command in '/home/benongnuel/dev_ws/build/kdl_parser': CMAKE_PREFIX_PATH=${CMAKE_PREFIX_PATH}:/opt/ros/humble /usr/bin/cmake /home/benongnuel/dev_ws/src/kdl_parser/kdl_parser -DCMAKE_INSTALL_PREFIX=/home/benongnuel/dev_ws/install/kdl_parser
[0.332s] -- The C compiler identification is GNU 11.4.0
[0.332s] -- The CXX compiler identification is GNU 11.4.0
[0.332s] -- Detecting C compiler ABI info
[0.333s] -- Detecting C compiler ABI info - done
[0.340s] -- Check for working C compiler: /usr/bin/cc - skipped
[0.340s] -- Detecting C compile features
[0.340s] -- Detecting C compile features - done
[0.343s] -- Detecting CXX compiler ABI info
[0.428s] -- Detecting CXX compiler ABI info - done
[0.437s] -- Check for working CXX compiler: /usr/bin/c++ - skipped
[0.437s] -- Detecting CXX compile features
[0.438s] -- Detecting CXX compile features - done
[0.440s] -- Found ament_cmake_ros: 0.10.0 (/opt/ros/humble/share/ament_cmake_ros/cmake)
[0.581s] -- Found Python3: /usr/bin/python3 (found version "3.10.12") found components: Interpreter 
[0.681s] -- Found orocos_kdl_vendor: 0.2.5 (/opt/ros/humble/share/orocos_kdl_vendor/cmake)
[0.699s] -- Found eigen3_cmake_module: 0.1.1 (/opt/ros/humble/share/eigen3_cmake_module/cmake)
[0.701s] -- Found Eigen3: TRUE (found version "3.4.0") 
[0.701s] -- Ensuring Eigen3 include directory is part of orocos-kdl CMake target
[0.705s] -- Found urdf: 2.6.1 (/opt/ros/humble/share/urdf/cmake)
[0.759s] -- Found ament_lint_auto: 0.12.12 (/opt/ros/humble/share/ament_lint_auto/cmake)
[0.903s] -- Added test 'cppcheck' to perform static code analysis on C / C++ code
[0.903s] -- Configured cppcheck include dirs: $<BUILD_INTERFACE:/home/benongnuel/dev_ws/src/kdl_parser/kdl_parser/include>
[0.903s] -- Configured cppcheck exclude dirs and/or files: 
[0.903s] -- Added test 'cpplint' to check C / C++ code against the Google style
[0.903s] -- Configured cpplint exclude dirs and/or files: 
[0.903s] -- Added test 'lint_cmake' to check CMake code style
[0.903s] -- Added test 'uncrustify' to check C / C++ code style
[0.903s] -- Configured uncrustify additional arguments: 
[0.903s] -- Added test 'xmllint' to check XML markup files
[0.903s] -- Configuring done
[0.910s] -- Generating done
[0.913s] -- Build files have been written to: /home/benongnuel/dev_ws/build/kdl_parser
[0.931s] Invoked command in '/home/benongnuel/dev_ws/build/kdl_parser' returned '0': CMAKE_PREFIX_PATH=${CMAKE_PREFIX_PATH}:/opt/ros/humble /usr/bin/cmake /home/benongnuel/dev_ws/src/kdl_parser/kdl_parser -DCMAKE_INSTALL_PREFIX=/home/benongnuel/dev_ws/install/kdl_parser
[0.933s] Invoking command in '/home/benongnuel/dev_ws/build/kdl_parser': CMAKE_PREFIX_PATH=${CMAKE_PREFIX_PATH}:/opt/ros/humble /usr/bin/cmake --build /home/benongnuel/dev_ws/build/kdl_parser -- -j16 -l16
[1.023s] [ 50%] [32mBuilding CXX object CMakeFiles/kdl_parser.dir/src/kdl_parser.cpp.o[0m
[2.987s] [100%] [32m[1mLinking CXX shared library libkdl_parser.so[0m
[3.084s] [100%] Built target kdl_parser
[3.093s] Invoked command in '/home/benongnuel/dev_ws/build/kdl_parser' returned '0': CMAKE_PREFIX_PATH=${CMAKE_PREFIX_PATH}:/opt/ros/humble /usr/bin/cmake --build /home/benongnuel/dev_ws/build/kdl_parser -- -j16 -l16
[3.095s] Invoking command in '/home/benongnuel/dev_ws/build/kdl_parser': CMAKE_PREFIX_PATH=${CMAKE_PREFIX_PATH}:/opt/ros/humble /usr/bin/cmake --install /home/benongnuel/dev_ws/build/kdl_parser
[3.100s] -- Install configuration: ""
[3.100s] -- Installing: /home/benongnuel/dev_ws/install/kdl_parser/lib/libkdl_parser.so
[3.100s] -- Set runtime path of "/home/benongnuel/dev_ws/install/kdl_parser/lib/libkdl_parser.so" to ""
[3.100s] -- Installing: /home/benongnuel/dev_ws/install/kdl_parser/include/kdl_parser
[3.100s] -- Installing: /home/benongnuel/dev_ws/install/kdl_parser/include/kdl_parser/kdl_parser
[3.100s] -- Installing: /home/benongnuel/dev_ws/install/kdl_parser/include/kdl_parser/kdl_parser/visibility_control.hpp
[3.100s] -- Installing: /home/benongnuel/dev_ws/install/kdl_parser/include/kdl_parser/kdl_parser/kdl_parser.hpp
[3.101s] -- Installing: /home/benongnuel/dev_ws/install/kdl_parser/share/ament_index/resource_index/package_run_dependencies/kdl_parser
[3.101s] -- Installing: /home/benongnuel/dev_ws/install/kdl_parser/share/ament_index/resource_index/parent_prefix_path/kdl_parser
[3.101s] -- Installing: /home/benongnuel/dev_ws/install/kdl_parser/share/kdl_parser/environment/ament_prefix_path.sh
[3.101s] -- Installing: /home/benongnuel/dev_ws/install/kdl_parser/share/kdl_parser/environment/ament_prefix_path.dsv
[3.101s] -- Installing: /home/benongnuel/dev_ws/install/kdl_parser/share/kdl_parser/environment/path.sh
[3.101s] -- Installing: /home/benongnuel/dev_ws/install/kdl_parser/share/kdl_parser/environment/path.dsv
[3.101s] -- Installing: /home/benongnuel/dev_ws/install/kdl_parser/share/kdl_parser/local_setup.bash
[3.101s] -- Installing: /home/benongnuel/dev_ws/install/kdl_parser/share/kdl_parser/local_setup.sh
[3.101s] -- Installing: /home/benongnuel/dev_ws/install/kdl_parser/share/kdl_parser/local_setup.zsh
[3.101s] -- Installing: /home/benongnuel/dev_ws/install/kdl_parser/share/kdl_parser/local_setup.dsv
[3.102s] -- Installing: /home/benongnuel/dev_ws/install/kdl_parser/share/kdl_parser/package.dsv
[3.102s] -- Installing: /home/benongnuel/dev_ws/install/kdl_parser/share/ament_index/resource_index/packages/kdl_parser
[3.102s] -- Installing: /home/benongnuel/dev_ws/install/kdl_parser/share/kdl_parser/cmake/export_kdl_parserExport.cmake
[3.102s] -- Installing: /home/benongnuel/dev_ws/install/kdl_parser/share/kdl_parser/cmake/export_kdl_parserExport-noconfig.cmake
[3.102s] -- Installing: /home/benongnuel/dev_ws/install/kdl_parser/share/kdl_parser/cmake/ament_cmake_export_dependencies-extras.cmake
[3.102s] -- Installing: /home/benongnuel/dev_ws/install/kdl_parser/share/kdl_parser/cmake/ament_cmake_export_targets-extras.cmake
[3.102s] -- Installing: /home/benongnuel/dev_ws/install/kdl_parser/share/kdl_parser/cmake/kdl_parserConfig.cmake
[3.102s] -- Installing: /home/benongnuel/dev_ws/install/kdl_parser/share/kdl_parser/cmake/kdl_parserConfig-version.cmake
[3.102s] -- Installing: /home/benongnuel/dev_ws/install/kdl_parser/share/kdl_parser/package.xml
[3.103s] Invoked command in '/home/benongnuel/dev_ws/build/kdl_parser' returned '0': CMAKE_PREFIX_PATH=${CMAKE_PREFIX_PATH}:/opt/ros/humble /usr/bin/cmake --install /home/benongnuel/dev_ws/build/kdl_parser
